{
  "Description": "Integration Test for aws-lambda-sagemakerendpoint",
  "Resources": {
    "SagemakerRole5FDB64E1": {
      "Type": "AWS::IAM::Role",
      "Properties": {
        "AssumeRolePolicyDocument": {
          "Statement": [
            {
              "Action": "sts:AssumeRole",
              "Effect": "Allow",
              "Principal": {
                "Service": "sagemaker.amazonaws.com"
              }
            }
          ],
          "Version": "2012-10-17"
        },
        "ManagedPolicyArns": [
          {
            "Fn::Join": [
              "",
              [
                "arn:",
                {
                  "Ref": "AWS::Partition"
                },
                ":iam::aws:policy/AmazonSageMakerFullAccess"
              ]
            ]
          }
        ]
      }
    },
    "SagemakerRoleDefaultPolicy9DD21C3C": {
      "Type": "AWS::IAM::Policy",
      "Properties": {
        "PolicyDocument": {
          "Statement": [
            {
              "Action": [
                "s3:GetObject",
                "s3:PutObject",
                "s3:DeleteObject",
                "s3:ListBucket"
              ],
              "Effect": "Allow",
              "Resource": "arn:aws:s3:::*"
            }
          ],
          "Version": "2012-10-17"
        },
        "PolicyName": "SagemakerRoleDefaultPolicy9DD21C3C",
        "Roles": [
          {
            "Ref": "SagemakerRole5FDB64E1"
          }
        ]
      }
    },
    "LambdaFunctionServiceRole0C4CDE0B": {
      "Type": "AWS::IAM::Role",
      "Properties": {
        "AssumeRolePolicyDocument": {
          "Statement": [
            {
              "Action": "sts:AssumeRole",
              "Effect": "Allow",
              "Principal": {
                "Service": "lambda.amazonaws.com"
              }
            }
          ],
          "Version": "2012-10-17"
        },
        "Policies": [
          {
            "PolicyDocument": {
              "Statement": [
                {
                  "Action": [
                    "logs:CreateLogGroup",
                    "logs:CreateLogStream",
                    "logs:PutLogEvents"
                  ],
                  "Effect": "Allow",
                  "Resource": {
                    "Fn::Join": [
                      "",
                      [
                        "arn:",
                        {
                          "Ref": "AWS::Partition"
                        },
                        ":logs:",
                        {
                          "Ref": "AWS::Region"
                        },
                        ":",
                        {
                          "Ref": "AWS::AccountId"
                        },
                        ":log-group:/aws/lambda/*"
                      ]
                    ]
                  }
                }
              ],
              "Version": "2012-10-17"
            },
            "PolicyName": "LambdaFunctionServiceRolePolicy"
          }
        ]
      }
    },
    "LambdaFunctionServiceRoleDefaultPolicy126C8897": {
      "Type": "AWS::IAM::Policy",
      "Properties": {
        "PolicyDocument": {
          "Statement": [
            {
              "Action": [
                "xray:PutTraceSegments",
                "xray:PutTelemetryRecords"
              ],
              "Effect": "Allow",
              "Resource": "*"
            },
            {
              "Action": "sagemaker:InvokeEndpoint",
              "Effect": "Allow",
              "Resource": {
                "Ref": "testlambdasagemakerSageMakerEndpoint34AA4AB2"
              }
            }
          ],
          "Version": "2012-10-17"
        },
        "PolicyName": "LambdaFunctionServiceRoleDefaultPolicy126C8897",
        "Roles": [
          {
            "Ref": "LambdaFunctionServiceRole0C4CDE0B"
          }
        ]
      },
      "Metadata": {
        "cfn_nag": {
          "rules_to_suppress": [
            {
              "id": "W12",
              "reason": "Lambda needs the following minimum required permissions to send trace data to X-Ray and access ENIs in a VPC."
            }
          ]
        }
      }
    },
    "LambdaFunctionBF21E41F": {
      "Type": "AWS::Lambda::Function",
      "Properties": {
        "Code": {
          "S3Bucket": {
            "Ref": "AssetParameters5427a7d8ba889cae10b5bd870f298fec8d1c16371fd0f7f898e9c4fe35ed6715S3Bucket396E7F33"
          },
          "S3Key": {
            "Fn::Join": [
              "",
              [
                {
                  "Fn::Select": [
                    0,
                    {
                      "Fn::Split": [
                        "||",
                        {
                          "Ref": "AssetParameters5427a7d8ba889cae10b5bd870f298fec8d1c16371fd0f7f898e9c4fe35ed6715S3VersionKey5284C9B6"
                        }
                      ]
                    }
                  ]
                },
                {
                  "Fn::Select": [
                    1,
                    {
                      "Fn::Split": [
                        "||",
                        {
                          "Ref": "AssetParameters5427a7d8ba889cae10b5bd870f298fec8d1c16371fd0f7f898e9c4fe35ed6715S3VersionKey5284C9B6"
                        }
                      ]
                    }
                  ]
                }
              ]
            ]
          }
        },
        "Handler": "index.handler",
        "Role": {
          "Fn::GetAtt": [
            "LambdaFunctionServiceRole0C4CDE0B",
            "Arn"
          ]
        },
        "Runtime": "python3.8",
        "Environment": {
          "Variables": {
            "ENDPOINT_NAME": {
              "Fn::GetAtt": [
                "testlambdasagemakerSageMakerEndpoint34AA4AB2",
                "EndpointName"
              ]
            }
          }
        },
        "MemorySize": 128,
        "Timeout": 300,
        "TracingConfig": {
          "Mode": "Active"
        }
      },
      "DependsOn": [
        "LambdaFunctionServiceRoleDefaultPolicy126C8897",
        "LambdaFunctionServiceRole0C4CDE0B"
      ],
      "Metadata": {
        "cfn_nag": {
          "rules_to_suppress": [
            {
              "id": "W58",
              "reason": "Lambda functions has the required permission to write CloudWatch Logs. It uses custom policy instead of arn:aws:iam::aws:policy/service-role/AWSLambdaBasicExecutionRole with more tighter permissions."
            }
          ]
        }
      }
    },
    "testlambdasagemakerSageMakerModel27C04CC7": {
      "Type": "AWS::SageMaker::Model",
      "Properties": {
        "ExecutionRoleArn": {
          "Fn::GetAtt": [
            "SagemakerRole5FDB64E1",
            "Arn"
          ]
        },
        "PrimaryContainer": {
          "Image": "<AccountId>.dkr.ecr.<region>.amazonaws.com/linear-learner:latest",
          "ModelDataUrl": "s3://<bucket-name>/<prefix>/model.tar.gz"
        }
      },
      "DependsOn": [
        "SagemakerRoleDefaultPolicy9DD21C3C",
        "SagemakerRole5FDB64E1"
      ]
    },
    "testlambdasagemakerEncryptionKey2AACF9E0": {
      "Type": "AWS::KMS::Key",
      "Properties": {
        "KeyPolicy": {
          "Statement": [
            {
              "Action": [
                "kms:Create*",
                "kms:Describe*",
                "kms:Enable*",
                "kms:List*",
                "kms:Put*",
                "kms:Update*",
                "kms:Revoke*",
                "kms:Disable*",
                "kms:Get*",
                "kms:Delete*",
                "kms:ScheduleKeyDeletion",
                "kms:CancelKeyDeletion",
                "kms:GenerateDataKey",
                "kms:TagResource",
                "kms:UntagResource"
              ],
              "Effect": "Allow",
              "Principal": {
                "AWS": {
                  "Fn::Join": [
                    "",
                    [
                      "arn:",
                      {
                        "Ref": "AWS::Partition"
                      },
                      ":iam::",
                      {
                        "Ref": "AWS::AccountId"
                      },
                      ":root"
                    ]
                  ]
                }
              },
              "Resource": "*"
            }
          ],
          "Version": "2012-10-17"
        },
        "EnableKeyRotation": true
      },
      "UpdateReplacePolicy": "Retain",
      "DeletionPolicy": "Retain"
    },
    "testlambdasagemakerSageMakerEndpointConfig56A24ED7": {
      "Type": "AWS::SageMaker::EndpointConfig",
      "Properties": {
        "ProductionVariants": [
          {
            "InitialInstanceCount": 1,
            "InitialVariantWeight": 1,
            "InstanceType": "ml.m4.xlarge",
            "ModelName": {
              "Fn::GetAtt": [
                "testlambdasagemakerSageMakerModel27C04CC7",
                "ModelName"
              ]
            },
            "VariantName": "AllTraffic"
          }
        ],
        "KmsKeyId": {
          "Ref": "testlambdasagemakerEncryptionKey2AACF9E0"
        }
      },
      "DependsOn": [
        "testlambdasagemakerSageMakerModel27C04CC7"
      ]
    },
    "testlambdasagemakerSageMakerEndpoint34AA4AB2": {
      "Type": "AWS::SageMaker::Endpoint",
      "Properties": {
        "EndpointConfigName": {
          "Fn::GetAtt": [
            "testlambdasagemakerSageMakerEndpointConfig56A24ED7",
            "EndpointConfigName"
          ]
        }
      },
      "DependsOn": [
        "testlambdasagemakerSageMakerEndpointConfig56A24ED7"
      ]
    }
  },
  "Parameters": {
    "AssetParameters5427a7d8ba889cae10b5bd870f298fec8d1c16371fd0f7f898e9c4fe35ed6715S3Bucket396E7F33": {
      "Type": "String",
      "Description": "S3 bucket for asset \"5427a7d8ba889cae10b5bd870f298fec8d1c16371fd0f7f898e9c4fe35ed6715\""
    },
    "AssetParameters5427a7d8ba889cae10b5bd870f298fec8d1c16371fd0f7f898e9c4fe35ed6715S3VersionKey5284C9B6": {
      "Type": "String",
      "Description": "S3 key for asset version \"5427a7d8ba889cae10b5bd870f298fec8d1c16371fd0f7f898e9c4fe35ed6715\""
    },
    "AssetParameters5427a7d8ba889cae10b5bd870f298fec8d1c16371fd0f7f898e9c4fe35ed6715ArtifactHash2EB86EAE": {
      "Type": "String",
      "Description": "Artifact hash for asset \"5427a7d8ba889cae10b5bd870f298fec8d1c16371fd0f7f898e9c4fe35ed6715\""
    }
  }
}