// Jest Snapshot v1, https://goo.gl/fbAQLP

exports[`snapshot test S3ToStepfunctions default params 1`] = `
Object {
  "Resources": Object {
    "tests3stepfunctionsCloudTrailS3BucketA4862EB5": Object {
      "DeletionPolicy": "Retain",
      "Properties": Object {
        "BucketEncryption": Object {
          "ServerSideEncryptionConfiguration": Array [
            Object {
              "ServerSideEncryptionByDefault": Object {
                "SSEAlgorithm": "AES256",
              },
            },
          ],
        },
        "LifecycleConfiguration": Object {
          "Rules": Array [
            Object {
              "NoncurrentVersionTransitions": Array [
                Object {
                  "StorageClass": "GLACIER",
                  "TransitionInDays": 90,
                },
              ],
              "Status": "Enabled",
            },
          ],
        },
        "LoggingConfiguration": Object {
          "DestinationBucketName": Object {
            "Ref": "tests3stepfunctionsCloudTrailS3LoggingBucket6C453FDC",
          },
        },
        "PublicAccessBlockConfiguration": Object {
          "BlockPublicAcls": true,
          "BlockPublicPolicy": true,
          "IgnorePublicAcls": true,
          "RestrictPublicBuckets": true,
        },
        "VersioningConfiguration": Object {
          "Status": "Enabled",
        },
      },
      "Type": "AWS::S3::Bucket",
      "UpdateReplacePolicy": "Retain",
    },
    "tests3stepfunctionsCloudTrailS3BucketPolicyFABF3402": Object {
      "Properties": Object {
        "Bucket": Object {
          "Ref": "tests3stepfunctionsCloudTrailS3BucketA4862EB5",
        },
        "PolicyDocument": Object {
          "Statement": Array [
            Object {
              "Action": "*",
              "Condition": Object {
                "Bool": Object {
                  "aws:SecureTransport": "false",
                },
              },
              "Effect": "Deny",
              "Principal": Object {
                "AWS": "*",
              },
              "Resource": Array [
                Object {
                  "Fn::Join": Array [
                    "",
                    Array [
                      Object {
                        "Fn::GetAtt": Array [
                          "tests3stepfunctionsCloudTrailS3BucketA4862EB5",
                          "Arn",
                        ],
                      },
                      "/*",
                    ],
                  ],
                },
                Object {
                  "Fn::GetAtt": Array [
                    "tests3stepfunctionsCloudTrailS3BucketA4862EB5",
                    "Arn",
                  ],
                },
              ],
              "Sid": "HttpsOnly",
            },
            Object {
              "Action": "s3:GetBucketAcl",
              "Effect": "Allow",
              "Principal": Object {
                "Service": "cloudtrail.amazonaws.com",
              },
              "Resource": Object {
                "Fn::GetAtt": Array [
                  "tests3stepfunctionsCloudTrailS3BucketA4862EB5",
                  "Arn",
                ],
              },
            },
            Object {
              "Action": "s3:PutObject",
              "Condition": Object {
                "StringEquals": Object {
                  "s3:x-amz-acl": "bucket-owner-full-control",
                },
              },
              "Effect": "Allow",
              "Principal": Object {
                "Service": "cloudtrail.amazonaws.com",
              },
              "Resource": Object {
                "Fn::Join": Array [
                  "",
                  Array [
                    Object {
                      "Fn::GetAtt": Array [
                        "tests3stepfunctionsCloudTrailS3BucketA4862EB5",
                        "Arn",
                      ],
                    },
                    "/AWSLogs/",
                    Object {
                      "Ref": "AWS::AccountId",
                    },
                    "/*",
                  ],
                ],
              },
            },
          ],
          "Version": "2012-10-17",
        },
      },
      "Type": "AWS::S3::BucketPolicy",
    },
    "tests3stepfunctionsCloudTrailS3LoggingBucket6C453FDC": Object {
      "DeletionPolicy": "Retain",
      "Metadata": Object {
        "cfn_nag": Object {
          "rules_to_suppress": Array [
            Object {
              "id": "W35",
              "reason": "This S3 bucket is used as the access logging bucket for another bucket",
            },
          ],
        },
      },
      "Properties": Object {
        "AccessControl": "LogDeliveryWrite",
        "BucketEncryption": Object {
          "ServerSideEncryptionConfiguration": Array [
            Object {
              "ServerSideEncryptionByDefault": Object {
                "SSEAlgorithm": "AES256",
              },
            },
          ],
        },
        "PublicAccessBlockConfiguration": Object {
          "BlockPublicAcls": true,
          "BlockPublicPolicy": true,
          "IgnorePublicAcls": true,
          "RestrictPublicBuckets": true,
        },
        "VersioningConfiguration": Object {
          "Status": "Enabled",
        },
      },
      "Type": "AWS::S3::Bucket",
      "UpdateReplacePolicy": "Retain",
    },
    "tests3stepfunctionsCloudTrailS3LoggingBucketPolicy7ECEA4CB": Object {
      "Properties": Object {
        "Bucket": Object {
          "Ref": "tests3stepfunctionsCloudTrailS3LoggingBucket6C453FDC",
        },
        "PolicyDocument": Object {
          "Statement": Array [
            Object {
              "Action": "*",
              "Condition": Object {
                "Bool": Object {
                  "aws:SecureTransport": "false",
                },
              },
              "Effect": "Deny",
              "Principal": Object {
                "AWS": "*",
              },
              "Resource": Array [
                Object {
                  "Fn::Join": Array [
                    "",
                    Array [
                      Object {
                        "Fn::GetAtt": Array [
                          "tests3stepfunctionsCloudTrailS3LoggingBucket6C453FDC",
                          "Arn",
                        ],
                      },
                      "/*",
                    ],
                  ],
                },
                Object {
                  "Fn::GetAtt": Array [
                    "tests3stepfunctionsCloudTrailS3LoggingBucket6C453FDC",
                    "Arn",
                  ],
                },
              ],
              "Sid": "HttpsOnly",
            },
          ],
          "Version": "2012-10-17",
        },
      },
      "Type": "AWS::S3::BucketPolicy",
    },
    "tests3stepfunctionsS3Bucket2B08AD28": Object {
      "DeletionPolicy": "Retain",
      "Properties": Object {
        "BucketEncryption": Object {
          "ServerSideEncryptionConfiguration": Array [
            Object {
              "ServerSideEncryptionByDefault": Object {
                "SSEAlgorithm": "AES256",
              },
            },
          ],
        },
        "LifecycleConfiguration": Object {
          "Rules": Array [
            Object {
              "NoncurrentVersionTransitions": Array [
                Object {
                  "StorageClass": "GLACIER",
                  "TransitionInDays": 90,
                },
              ],
              "Status": "Enabled",
            },
          ],
        },
        "LoggingConfiguration": Object {
          "DestinationBucketName": Object {
            "Ref": "tests3stepfunctionsS3LoggingBucketF7586A92",
          },
        },
        "PublicAccessBlockConfiguration": Object {
          "BlockPublicAcls": true,
          "BlockPublicPolicy": true,
          "IgnorePublicAcls": true,
          "RestrictPublicBuckets": true,
        },
        "VersioningConfiguration": Object {
          "Status": "Enabled",
        },
      },
      "Type": "AWS::S3::Bucket",
      "UpdateReplacePolicy": "Retain",
    },
    "tests3stepfunctionsS3BucketPolicy816CD289": Object {
      "Properties": Object {
        "Bucket": Object {
          "Ref": "tests3stepfunctionsS3Bucket2B08AD28",
        },
        "PolicyDocument": Object {
          "Statement": Array [
            Object {
              "Action": "*",
              "Condition": Object {
                "Bool": Object {
                  "aws:SecureTransport": "false",
                },
              },
              "Effect": "Deny",
              "Principal": Object {
                "AWS": "*",
              },
              "Resource": Array [
                Object {
                  "Fn::Join": Array [
                    "",
                    Array [
                      Object {
                        "Fn::GetAtt": Array [
                          "tests3stepfunctionsS3Bucket2B08AD28",
                          "Arn",
                        ],
                      },
                      "/*",
                    ],
                  ],
                },
                Object {
                  "Fn::GetAtt": Array [
                    "tests3stepfunctionsS3Bucket2B08AD28",
                    "Arn",
                  ],
                },
              ],
              "Sid": "HttpsOnly",
            },
          ],
          "Version": "2012-10-17",
        },
      },
      "Type": "AWS::S3::BucketPolicy",
    },
    "tests3stepfunctionsS3EventsTrailD0D47427": Object {
      "DependsOn": Array [
        "tests3stepfunctionsCloudTrailS3BucketPolicyFABF3402",
      ],
      "Properties": Object {
        "EnableLogFileValidation": true,
        "EventSelectors": Array [
          Object {
            "DataResources": Array [
              Object {
                "Type": "AWS::S3::Object",
                "Values": Array [
                  Object {
                    "Fn::Join": Array [
                      "",
                      Array [
                        Object {
                          "Fn::GetAtt": Array [
                            "tests3stepfunctionsS3Bucket2B08AD28",
                            "Arn",
                          ],
                        },
                        "/",
                      ],
                    ],
                  },
                ],
              },
            ],
            "IncludeManagementEvents": false,
            "ReadWriteType": "All",
          },
        ],
        "IncludeGlobalServiceEvents": true,
        "IsLogging": true,
        "IsMultiRegionTrail": true,
        "S3BucketName": Object {
          "Ref": "tests3stepfunctionsCloudTrailS3BucketA4862EB5",
        },
      },
      "Type": "AWS::CloudTrail::Trail",
    },
    "tests3stepfunctionsS3LoggingBucketF7586A92": Object {
      "DeletionPolicy": "Retain",
      "Metadata": Object {
        "cfn_nag": Object {
          "rules_to_suppress": Array [
            Object {
              "id": "W35",
              "reason": "This S3 bucket is used as the access logging bucket for another bucket",
            },
          ],
        },
      },
      "Properties": Object {
        "AccessControl": "LogDeliveryWrite",
        "BucketEncryption": Object {
          "ServerSideEncryptionConfiguration": Array [
            Object {
              "ServerSideEncryptionByDefault": Object {
                "SSEAlgorithm": "AES256",
              },
            },
          ],
        },
        "PublicAccessBlockConfiguration": Object {
          "BlockPublicAcls": true,
          "BlockPublicPolicy": true,
          "IgnorePublicAcls": true,
          "RestrictPublicBuckets": true,
        },
        "VersioningConfiguration": Object {
          "Status": "Enabled",
        },
      },
      "Type": "AWS::S3::Bucket",
      "UpdateReplacePolicy": "Retain",
    },
    "tests3stepfunctionsS3LoggingBucketPolicyA69F8114": Object {
      "Properties": Object {
        "Bucket": Object {
          "Ref": "tests3stepfunctionsS3LoggingBucketF7586A92",
        },
        "PolicyDocument": Object {
          "Statement": Array [
            Object {
              "Action": "*",
              "Condition": Object {
                "Bool": Object {
                  "aws:SecureTransport": "false",
                },
              },
              "Effect": "Deny",
              "Principal": Object {
                "AWS": "*",
              },
              "Resource": Array [
                Object {
                  "Fn::Join": Array [
                    "",
                    Array [
                      Object {
                        "Fn::GetAtt": Array [
                          "tests3stepfunctionsS3LoggingBucketF7586A92",
                          "Arn",
                        ],
                      },
                      "/*",
                    ],
                  ],
                },
                Object {
                  "Fn::GetAtt": Array [
                    "tests3stepfunctionsS3LoggingBucketF7586A92",
                    "Arn",
                  ],
                },
              ],
              "Sid": "HttpsOnly",
            },
          ],
          "Version": "2012-10-17",
        },
      },
      "Type": "AWS::S3::BucketPolicy",
    },
    "tests3stepfunctionstests3stepfunctionseventrulestepfunctionconstructEventsRuleEF658568": Object {
      "Properties": Object {
        "EventPattern": Object {
          "detail": Object {
            "eventName": Array [
              "PutObject",
              "CopyObject",
              "CompleteMultipartUpload",
            ],
            "eventSource": Array [
              "s3.amazonaws.com",
            ],
            "requestParameters": Object {
              "bucketName": Array [
                Object {
                  "Ref": "tests3stepfunctionsS3Bucket2B08AD28",
                },
              ],
            },
          },
          "detail-type": Array [
            "AWS API Call via CloudTrail",
          ],
          "source": Array [
            "aws.s3",
          ],
        },
        "State": "ENABLED",
        "Targets": Array [
          Object {
            "Arn": Object {
              "Ref": "tests3stepfunctionstests3stepfunctionseventrulestepfunctionconstructStateMachine67197269",
            },
            "Id": "Target0",
            "RoleArn": Object {
              "Fn::GetAtt": Array [
                "tests3stepfunctionstests3stepfunctionseventrulestepfunctionconstructEventsRuleRoleE7CAD359",
                "Arn",
              ],
            },
          },
        ],
      },
      "Type": "AWS::Events::Rule",
    },
    "tests3stepfunctionstests3stepfunctionseventrulestepfunctionconstructEventsRuleRoleDefaultPolicy0353F447": Object {
      "Properties": Object {
        "PolicyDocument": Object {
          "Statement": Array [
            Object {
              "Action": "states:StartExecution",
              "Effect": "Allow",
              "Resource": Object {
                "Ref": "tests3stepfunctionstests3stepfunctionseventrulestepfunctionconstructStateMachine67197269",
              },
            },
          ],
          "Version": "2012-10-17",
        },
        "PolicyName": "tests3stepfunctionstests3stepfunctionseventrulestepfunctionconstructEventsRuleRoleDefaultPolicy0353F447",
        "Roles": Array [
          Object {
            "Ref": "tests3stepfunctionstests3stepfunctionseventrulestepfunctionconstructEventsRuleRoleE7CAD359",
          },
        ],
      },
      "Type": "AWS::IAM::Policy",
    },
    "tests3stepfunctionstests3stepfunctionseventrulestepfunctionconstructEventsRuleRoleE7CAD359": Object {
      "Properties": Object {
        "AssumeRolePolicyDocument": Object {
          "Statement": Array [
            Object {
              "Action": "sts:AssumeRole",
              "Effect": "Allow",
              "Principal": Object {
                "Service": "events.amazonaws.com",
              },
            },
          ],
          "Version": "2012-10-17",
        },
      },
      "Type": "AWS::IAM::Role",
    },
    "tests3stepfunctionstests3stepfunctionseventrulestepfunctionconstructExecutionAbortedAlarm1689CFA6": Object {
      "Properties": Object {
        "AlarmDescription": "Alarm for the number of executions that aborted exceeded the threshold of 1. ",
        "ComparisonOperator": "GreaterThanOrEqualToThreshold",
        "Dimensions": Array [
          Object {
            "Name": "StateMachineArn",
            "Value": Object {
              "Ref": "tests3stepfunctionstests3stepfunctionseventrulestepfunctionconstructStateMachine67197269",
            },
          },
        ],
        "EvaluationPeriods": 1,
        "MetricName": "ExecutionsAborted",
        "Namespace": "AWS/States",
        "Period": 300,
        "Statistic": "Maximum",
        "Threshold": 1,
      },
      "Type": "AWS::CloudWatch::Alarm",
    },
    "tests3stepfunctionstests3stepfunctionseventrulestepfunctionconstructExecutionFailedAlarm9C7AF57A": Object {
      "Properties": Object {
        "AlarmDescription": "Alarm for the number of executions that failed exceeded the threshold of 1. ",
        "ComparisonOperator": "GreaterThanOrEqualToThreshold",
        "Dimensions": Array [
          Object {
            "Name": "StateMachineArn",
            "Value": Object {
              "Ref": "tests3stepfunctionstests3stepfunctionseventrulestepfunctionconstructStateMachine67197269",
            },
          },
        ],
        "EvaluationPeriods": 1,
        "MetricName": "ExecutionsFailed",
        "Namespace": "AWS/States",
        "Period": 300,
        "Statistic": "Sum",
        "Threshold": 1,
      },
      "Type": "AWS::CloudWatch::Alarm",
    },
    "tests3stepfunctionstests3stepfunctionseventrulestepfunctionconstructExecutionThrottledAlarm99D8FF54": Object {
      "Properties": Object {
        "AlarmDescription": "Alarm for the number of executions that throttled exceeded the threshold of 1. ",
        "ComparisonOperator": "GreaterThanOrEqualToThreshold",
        "Dimensions": Array [
          Object {
            "Name": "StateMachineArn",
            "Value": Object {
              "Ref": "tests3stepfunctionstests3stepfunctionseventrulestepfunctionconstructStateMachine67197269",
            },
          },
        ],
        "EvaluationPeriods": 1,
        "MetricName": "ExecutionThrottled",
        "Namespace": "AWS/States",
        "Period": 300,
        "Statistic": "Sum",
        "Threshold": 1,
      },
      "Type": "AWS::CloudWatch::Alarm",
    },
    "tests3stepfunctionstests3stepfunctionseventrulestepfunctionconstructStateMachine67197269": Object {
      "DependsOn": Array [
        "tests3stepfunctionstests3stepfunctionseventrulestepfunctionconstructStateMachineRoleDefaultPolicy2A86AA4F",
        "tests3stepfunctionstests3stepfunctionseventrulestepfunctionconstructStateMachineRoleEAF485A9",
      ],
      "Properties": Object {
        "DefinitionString": "{\\"StartAt\\":\\"StartState\\",\\"States\\":{\\"StartState\\":{\\"Type\\":\\"Pass\\",\\"End\\":true}}}",
        "LoggingConfiguration": Object {
          "Destinations": Array [
            Object {
              "CloudWatchLogsLogGroup": Object {
                "LogGroupArn": Object {
                  "Fn::GetAtt": Array [
                    "tests3stepfunctionstests3stepfunctionseventrulestepfunctionconstructStateMachineLogGroupB4555776",
                    "Arn",
                  ],
                },
              },
            },
          ],
          "Level": "ERROR",
        },
        "RoleArn": Object {
          "Fn::GetAtt": Array [
            "tests3stepfunctionstests3stepfunctionseventrulestepfunctionconstructStateMachineRoleEAF485A9",
            "Arn",
          ],
        },
      },
      "Type": "AWS::StepFunctions::StateMachine",
    },
    "tests3stepfunctionstests3stepfunctionseventrulestepfunctionconstructStateMachineLogGroupB4555776": Object {
      "DeletionPolicy": "Retain",
      "Metadata": Object {
        "cfn_nag": Object {
          "rules_to_suppress": Array [
            Object {
              "id": "W86",
              "reason": "Retention period for CloudWatchLogs LogGroups are set to 'Never Expire' to preserve customer data indefinitely",
            },
            Object {
              "id": "W84",
              "reason": "By default CloudWatchLogs LogGroups data is encrypted using the CloudWatch server-side encryption keys (AWS Managed Keys)",
            },
          ],
        },
      },
      "Properties": Object {
        "LogGroupName": "/aws/vendedlogs/states/defaulttests3stepfunctionseventrulestepfunctionconstructstatemachineloge4b8ed454bdb",
      },
      "Type": "AWS::Logs::LogGroup",
      "UpdateReplacePolicy": "Retain",
    },
    "tests3stepfunctionstests3stepfunctionseventrulestepfunctionconstructStateMachineRoleDefaultPolicy2A86AA4F": Object {
      "Metadata": Object {
        "cfn_nag": Object {
          "rules_to_suppress": Array [
            Object {
              "id": "W12",
              "reason": "The 'LogDelivery' actions do not support resource-level authorizations",
            },
          ],
        },
      },
      "Properties": Object {
        "PolicyDocument": Object {
          "Statement": Array [
            Object {
              "Action": Array [
                "logs:CreateLogDelivery",
                "logs:GetLogDelivery",
                "logs:UpdateLogDelivery",
                "logs:DeleteLogDelivery",
                "logs:ListLogDeliveries",
              ],
              "Effect": "Allow",
              "Resource": "*",
            },
            Object {
              "Action": Array [
                "logs:PutResourcePolicy",
                "logs:DescribeResourcePolicies",
                "logs:DescribeLogGroups",
              ],
              "Effect": "Allow",
              "Resource": Object {
                "Fn::Join": Array [
                  "",
                  Array [
                    "arn:",
                    Object {
                      "Ref": "AWS::Partition",
                    },
                    ":logs:",
                    Object {
                      "Ref": "AWS::Region",
                    },
                    ":",
                    Object {
                      "Ref": "AWS::AccountId",
                    },
                    ":*",
                  ],
                ],
              },
            },
          ],
          "Version": "2012-10-17",
        },
        "PolicyName": "tests3stepfunctionstests3stepfunctionseventrulestepfunctionconstructStateMachineRoleDefaultPolicy2A86AA4F",
        "Roles": Array [
          Object {
            "Ref": "tests3stepfunctionstests3stepfunctionseventrulestepfunctionconstructStateMachineRoleEAF485A9",
          },
        ],
      },
      "Type": "AWS::IAM::Policy",
    },
    "tests3stepfunctionstests3stepfunctionseventrulestepfunctionconstructStateMachineRoleEAF485A9": Object {
      "Properties": Object {
        "AssumeRolePolicyDocument": Object {
          "Statement": Array [
            Object {
              "Action": "sts:AssumeRole",
              "Effect": "Allow",
              "Principal": Object {
                "Service": Object {
                  "Fn::Join": Array [
                    "",
                    Array [
                      "states.",
                      Object {
                        "Ref": "AWS::Region",
                      },
                      ".amazonaws.com",
                    ],
                  ],
                },
              },
            },
          ],
          "Version": "2012-10-17",
        },
      },
      "Type": "AWS::IAM::Role",
    },
  },
}
`;
