{
  "Description": "Integration Test for aws-sns-sqs",
  "Resources": {
    "testsnssqsstackdeadLetterQueue83D183F2": {
      "Type": "AWS::SQS::Queue",
      "Properties": {
        "KmsMasterKeyId": "alias/aws/sqs"
      }
    },
    "testsnssqsstackdeadLetterQueuePolicy388F06A8": {
      "Type": "AWS::SQS::QueuePolicy",
      "Properties": {
        "PolicyDocument": {
          "Statement": [
            {
              "Action": [
                "sqs:DeleteMessage",
                "sqs:ReceiveMessage",
                "sqs:SendMessage",
                "sqs:GetQueueAttributes",
                "sqs:RemovePermission",
                "sqs:AddPermission",
                "sqs:SetQueueAttributes"
              ],
              "Effect": "Allow",
              "Principal": {
                "AWS": {
                  "Fn::Join": [
                    "",
                    [
                      "arn:",
                      {
                        "Ref": "AWS::Partition"
                      },
                      ":iam::",
                      {
                        "Ref": "AWS::AccountId"
                      },
                      ":root"
                    ]
                  ]
                }
              },
              "Resource": {
                "Fn::GetAtt": [
                  "testsnssqsstackdeadLetterQueue83D183F2",
                  "Arn"
                ]
              },
              "Sid": "QueueOwnerOnlyAccess"
            },
            {
              "Action": "SQS:*",
              "Condition": {
                "Bool": {
                  "aws:SecureTransport": "false"
                }
              },
              "Effect": "Deny",
              "Principal": "*",
              "Resource": {
                "Fn::GetAtt": [
                  "testsnssqsstackdeadLetterQueue83D183F2",
                  "Arn"
                ]
              },
              "Sid": "HttpsOnly"
            }
          ],
          "Version": "2012-10-17"
        },
        "Queues": [
          {
            "Ref": "testsnssqsstackdeadLetterQueue83D183F2"
          }
        ]
      }
    },
    "testsnssqsstackSnsTopic92693DD8": {
      "Type": "AWS::SNS::Topic",
      "Properties": {
        "KmsMasterKeyId": {
          "Ref": "EncryptionKey1B843E66"
        }
      }
    },
    "testsnssqsstackSnsTopicPolicyBD0740CC": {
      "Type": "AWS::SNS::TopicPolicy",
      "Properties": {
        "PolicyDocument": {
          "Statement": [
            {
              "Action": [
                "SNS:Publish",
                "SNS:RemovePermission",
                "SNS:SetTopicAttributes",
                "SNS:DeleteTopic",
                "SNS:ListSubscriptionsByTopic",
                "SNS:GetTopicAttributes",
                "SNS:Receive",
                "SNS:AddPermission",
                "SNS:Subscribe"
              ],
              "Condition": {
                "StringEquals": {
                  "AWS:SourceOwner": {
                    "Ref": "AWS::AccountId"
                  }
                }
              },
              "Effect": "Allow",
              "Principal": {
                "AWS": {
                  "Fn::Join": [
                    "",
                    [
                      "arn:",
                      {
                        "Ref": "AWS::Partition"
                      },
                      ":iam::",
                      {
                        "Ref": "AWS::AccountId"
                      },
                      ":root"
                    ]
                  ]
                }
              },
              "Resource": {
                "Ref": "testsnssqsstackSnsTopic92693DD8"
              },
              "Sid": "TopicOwnerOnlyAccess"
            },
            {
              "Action": [
                "SNS:Publish",
                "SNS:RemovePermission",
                "SNS:SetTopicAttributes",
                "SNS:DeleteTopic",
                "SNS:ListSubscriptionsByTopic",
                "SNS:GetTopicAttributes",
                "SNS:Receive",
                "SNS:AddPermission",
                "SNS:Subscribe"
              ],
              "Condition": {
                "Bool": {
                  "aws:SecureTransport": "false"
                }
              },
              "Effect": "Deny",
              "Principal": "*",
              "Resource": {
                "Ref": "testsnssqsstackSnsTopic92693DD8"
              },
              "Sid": "HttpsOnly"
            }
          ],
          "Version": "2012-10-17"
        },
        "Topics": [
          {
            "Ref": "testsnssqsstackSnsTopic92693DD8"
          }
        ]
      }
    },
    "testsnssqsstackqueue908D8D48": {
      "Type": "AWS::SQS::Queue",
      "Properties": {
        "KmsMasterKeyId": {
          "Fn::GetAtt": [
            "EncryptionKey1B843E66",
            "Arn"
          ]
        },
        "RedrivePolicy": {
          "deadLetterTargetArn": {
            "Fn::GetAtt": [
              "testsnssqsstackdeadLetterQueue83D183F2",
              "Arn"
            ]
          },
          "maxReceiveCount": 15
        }
      }
    },
    "testsnssqsstackqueuePolicyFD3F4725": {
      "Type": "AWS::SQS::QueuePolicy",
      "Properties": {
        "PolicyDocument": {
          "Statement": [
            {
              "Action": [
                "sqs:DeleteMessage",
                "sqs:ReceiveMessage",
                "sqs:SendMessage",
                "sqs:GetQueueAttributes",
                "sqs:RemovePermission",
                "sqs:AddPermission",
                "sqs:SetQueueAttributes"
              ],
              "Effect": "Allow",
              "Principal": {
                "AWS": {
                  "Fn::Join": [
                    "",
                    [
                      "arn:",
                      {
                        "Ref": "AWS::Partition"
                      },
                      ":iam::",
                      {
                        "Ref": "AWS::AccountId"
                      },
                      ":root"
                    ]
                  ]
                }
              },
              "Resource": {
                "Fn::GetAtt": [
                  "testsnssqsstackqueue908D8D48",
                  "Arn"
                ]
              },
              "Sid": "QueueOwnerOnlyAccess"
            },
            {
              "Action": "SQS:*",
              "Condition": {
                "Bool": {
                  "aws:SecureTransport": "false"
                }
              },
              "Effect": "Deny",
              "Principal": "*",
              "Resource": {
                "Fn::GetAtt": [
                  "testsnssqsstackqueue908D8D48",
                  "Arn"
                ]
              },
              "Sid": "HttpsOnly"
            },
            {
              "Action": "sqs:SendMessage",
              "Condition": {
                "ArnEquals": {
                  "aws:SourceArn": {
                    "Ref": "testsnssqsstackSnsTopic92693DD8"
                  }
                }
              },
              "Effect": "Allow",
              "Principal": {
                "Service": "sns.amazonaws.com"
              },
              "Resource": {
                "Fn::GetAtt": [
                  "testsnssqsstackqueue908D8D48",
                  "Arn"
                ]
              }
            }
          ],
          "Version": "2012-10-17"
        },
        "Queues": [
          {
            "Ref": "testsnssqsstackqueue908D8D48"
          }
        ]
      }
    },
    "testsnssqsstackqueuetestsnssqsstackSnsTopic3C855EBB5D6E630A": {
      "Type": "AWS::SNS::Subscription",
      "Properties": {
        "Protocol": "sqs",
        "TopicArn": {
          "Ref": "testsnssqsstackSnsTopic92693DD8"
        },
        "Endpoint": {
          "Fn::GetAtt": [
            "testsnssqsstackqueue908D8D48",
            "Arn"
          ]
        }
      }
    },
    "EncryptionKey1B843E66": {
      "Type": "AWS::KMS::Key",
      "Properties": {
        "KeyPolicy": {
          "Statement": [
            {
              "Action": [
                "kms:Create*",
                "kms:Describe*",
                "kms:Enable*",
                "kms:List*",
                "kms:Put*",
                "kms:Update*",
                "kms:Revoke*",
                "kms:Disable*",
                "kms:Get*",
                "kms:Delete*",
                "kms:ScheduleKeyDeletion",
                "kms:CancelKeyDeletion",
                "kms:GenerateDataKey",
                "kms:TagResource",
                "kms:UntagResource"
              ],
              "Effect": "Allow",
              "Principal": {
                "AWS": {
                  "Fn::Join": [
                    "",
                    [
                      "arn:",
                      {
                        "Ref": "AWS::Partition"
                      },
                      ":iam::",
                      {
                        "Ref": "AWS::AccountId"
                      },
                      ":root"
                    ]
                  ]
                }
              },
              "Resource": "*"
            },
            {
              "Action": [
                "kms:Decrypt",
                "kms:GenerateDataKey*"
              ],
              "Effect": "Allow",
              "Principal": {
                "Service": "sns.amazonaws.com"
              },
              "Resource": "*"
            },
            {
              "Action": [
                "kms:Encrypt",
                "kms:Decrypt"
              ],
              "Effect": "Allow",
              "Principal": {
                "AWS": {
                  "Fn::Join": [
                    "",
                    [
                      "arn:",
                      {
                        "Ref": "AWS::Partition"
                      },
                      ":iam::",
                      {
                        "Ref": "AWS::AccountId"
                      },
                      ":root"
                    ]
                  ]
                }
              },
              "Resource": "*"
            }
          ],
          "Version": "2012-10-17"
        },
        "EnableKeyRotation": true
      },
      "UpdateReplacePolicy": "Retain",
      "DeletionPolicy": "Retain"
    }
  }
}