{
  "Description": "Integration Test for HTTP API with a new function and ALB",
  "Resources": {
    "testonetestonealb4F263E42": {
      "Type": "AWS::ElasticLoadBalancingV2::LoadBalancer",
      "Properties": {
        "LoadBalancerAttributes": [
          {
            "Key": "deletion_protection.enabled",
            "Value": "false"
          },
          {
            "Key": "access_logs.s3.enabled",
            "Value": "true"
          },
          {
            "Key": "access_logs.s3.bucket",
            "Value": {
              "Ref": "testoneE6ACFBB6"
            }
          },
          {
            "Key": "access_logs.s3.prefix",
            "Value": ""
          }
        ],
        "Scheme": "internal",
        "SecurityGroups": [
          {
            "Fn::GetAtt": [
              "testonetestonealbSecurityGroup4DED9E2A",
              "GroupId"
            ]
          }
        ],
        "Subnets": [
          {
            "Ref": "VpcisolatedSubnet1SubnetE62B1B9B"
          },
          {
            "Ref": "VpcisolatedSubnet2Subnet39217055"
          },
          {
            "Ref": "VpcisolatedSubnet3Subnet44F2537D"
          }
        ],
        "Type": "application"
      },
      "DependsOn": [
        "testonePolicyE30853FE"
      ]
    },
    "testonetestonealbSecurityGroup4DED9E2A": {
      "Type": "AWS::EC2::SecurityGroup",
      "Properties": {
        "GroupDescription": "Automatically created Security Group for ELB alblamprivateApiNewResourcestestonetestonealb8D3CF023",
        "SecurityGroupEgress": [
          {
            "CidrIp": "255.255.255.255/32",
            "Description": "Disallow all traffic",
            "FromPort": 252,
            "IpProtocol": "icmp",
            "ToPort": 86
          }
        ],
        "SecurityGroupIngress": [
          {
            "CidrIp": "0.0.0.0/0",
            "Description": "Allow from anyone on port 80",
            "FromPort": 80,
            "IpProtocol": "tcp",
            "ToPort": 80
          }
        ],
        "VpcId": {
          "Ref": "Vpc8378EB38"
        }
      },
      "Metadata": {
        "cfn_nag": {
          "rules_to_suppress": [
            {
              "id": "W29",
              "reason": "CDK created rule that blocks all traffic."
            },
            {
              "id": "W2",
              "reason": "Rule does not apply for ELB."
            },
            {
              "id": "W9",
              "reason": "Rule does not apply for ELB."
            }
          ]
        }
      }
    },
    "testoneE6ACFBB6": {
      "Type": "AWS::S3::Bucket",
      "Properties": {
        "BucketEncryption": {
          "ServerSideEncryptionConfiguration": [
            {
              "ServerSideEncryptionByDefault": {
                "SSEAlgorithm": "AES256"
              }
            }
          ]
        },
        "PublicAccessBlockConfiguration": {
          "BlockPublicAcls": true,
          "BlockPublicPolicy": true,
          "IgnorePublicAcls": true,
          "RestrictPublicBuckets": true
        },
        "Tags": [
          {
            "Key": "aws-cdk:auto-delete-objects",
            "Value": "true"
          }
        ],
        "VersioningConfiguration": {
          "Status": "Enabled"
        }
      },
      "UpdateReplacePolicy": "Delete",
      "DeletionPolicy": "Delete",
      "Metadata": {
        "cfn_nag": {
          "rules_to_suppress": [
            {
              "id": "W35",
              "reason": "This is a log bucket for an Application Load Balancer"
            }
          ]
        }
      }
    },
    "testonePolicyE30853FE": {
      "Type": "AWS::S3::BucketPolicy",
      "Properties": {
        "Bucket": {
          "Ref": "testoneE6ACFBB6"
        },
        "PolicyDocument": {
          "Statement": [
            {
              "Action": "s3:*",
              "Condition": {
                "Bool": {
                  "aws:SecureTransport": "false"
                }
              },
              "Effect": "Deny",
              "Principal": {
                "AWS": "*"
              },
              "Resource": [
                {
                  "Fn::GetAtt": [
                    "testoneE6ACFBB6",
                    "Arn"
                  ]
                },
                {
                  "Fn::Join": [
                    "",
                    [
                      {
                        "Fn::GetAtt": [
                          "testoneE6ACFBB6",
                          "Arn"
                        ]
                      },
                      "/*"
                    ]
                  ]
                }
              ]
            },
            {
              "Action": [
                "s3:PutBucketPolicy",
                "s3:GetBucket*",
                "s3:List*",
                "s3:DeleteObject*"
              ],
              "Effect": "Allow",
              "Principal": {
                "AWS": {
                  "Fn::GetAtt": [
                    "CustomS3AutoDeleteObjectsCustomResourceProviderRole3B1BD092",
                    "Arn"
                  ]
                }
              },
              "Resource": [
                {
                  "Fn::GetAtt": [
                    "testoneE6ACFBB6",
                    "Arn"
                  ]
                },
                {
                  "Fn::Join": [
                    "",
                    [
                      {
                        "Fn::GetAtt": [
                          "testoneE6ACFBB6",
                          "Arn"
                        ]
                      },
                      "/*"
                    ]
                  ]
                }
              ]
            },
            {
              "Action": "s3:PutObject",
              "Effect": "Allow",
              "Principal": {
                "AWS": {
                  "Fn::Join": [
                    "",
                    [
                      "arn:",
                      {
                        "Ref": "AWS::Partition"
                      },
                      ":iam::127311923021:root"
                    ]
                  ]
                }
              },
              "Resource": {
                "Fn::Join": [
                  "",
                  [
                    {
                      "Fn::GetAtt": [
                        "testoneE6ACFBB6",
                        "Arn"
                      ]
                    },
                    "/AWSLogs/",
                    {
                      "Ref": "AWS::AccountId"
                    },
                    "/*"
                  ]
                ]
              }
            },
            {
              "Action": "s3:PutObject",
              "Condition": {
                "StringEquals": {
                  "s3:x-amz-acl": "bucket-owner-full-control"
                }
              },
              "Effect": "Allow",
              "Principal": {
                "Service": "delivery.logs.amazonaws.com"
              },
              "Resource": {
                "Fn::Join": [
                  "",
                  [
                    {
                      "Fn::GetAtt": [
                        "testoneE6ACFBB6",
                        "Arn"
                      ]
                    },
                    "/AWSLogs/",
                    {
                      "Ref": "AWS::AccountId"
                    },
                    "/*"
                  ]
                ]
              }
            },
            {
              "Action": "s3:GetBucketAcl",
              "Effect": "Allow",
              "Principal": {
                "Service": "delivery.logs.amazonaws.com"
              },
              "Resource": {
                "Fn::GetAtt": [
                  "testoneE6ACFBB6",
                  "Arn"
                ]
              }
            }
          ],
          "Version": "2012-10-17"
        }
      }
    },
    "testoneAutoDeleteObjectsCustomResourceEDE3D2FC": {
      "Type": "Custom::S3AutoDeleteObjects",
      "Properties": {
        "ServiceToken": {
          "Fn::GetAtt": [
            "CustomS3AutoDeleteObjectsCustomResourceProviderHandler9D90184F",
            "Arn"
          ]
        },
        "BucketName": {
          "Ref": "testoneE6ACFBB6"
        }
      },
      "DependsOn": [
        "testonePolicyE30853FE"
      ],
      "UpdateReplacePolicy": "Delete",
      "DeletionPolicy": "Delete"
    },
    "testoneLambdaFunctionServiceRoleE92573D3": {
      "Type": "AWS::IAM::Role",
      "Properties": {
        "AssumeRolePolicyDocument": {
          "Statement": [
            {
              "Action": "sts:AssumeRole",
              "Effect": "Allow",
              "Principal": {
                "Service": "lambda.amazonaws.com"
              }
            }
          ],
          "Version": "2012-10-17"
        },
        "Policies": [
          {
            "PolicyDocument": {
              "Statement": [
                {
                  "Action": [
                    "logs:CreateLogGroup",
                    "logs:CreateLogStream",
                    "logs:PutLogEvents"
                  ],
                  "Effect": "Allow",
                  "Resource": {
                    "Fn::Join": [
                      "",
                      [
                        "arn:",
                        {
                          "Ref": "AWS::Partition"
                        },
                        ":logs:",
                        {
                          "Ref": "AWS::Region"
                        },
                        ":",
                        {
                          "Ref": "AWS::AccountId"
                        },
                        ":log-group:/aws/lambda/*"
                      ]
                    ]
                  }
                }
              ],
              "Version": "2012-10-17"
            },
            "PolicyName": "LambdaFunctionServiceRolePolicy"
          }
        ]
      }
    },
    "testoneLambdaFunctionServiceRoleDefaultPolicy6025A173": {
      "Type": "AWS::IAM::Policy",
      "Properties": {
        "PolicyDocument": {
          "Statement": [
            {
              "Action": [
                "ec2:CreateNetworkInterface",
                "ec2:DescribeNetworkInterfaces",
                "ec2:DeleteNetworkInterface",
                "ec2:AssignPrivateIpAddresses",
                "ec2:UnassignPrivateIpAddresses"
              ],
              "Effect": "Allow",
              "Resource": "*"
            },
            {
              "Action": [
                "xray:PutTraceSegments",
                "xray:PutTelemetryRecords"
              ],
              "Effect": "Allow",
              "Resource": "*"
            }
          ],
          "Version": "2012-10-17"
        },
        "PolicyName": "testoneLambdaFunctionServiceRoleDefaultPolicy6025A173",
        "Roles": [
          {
            "Ref": "testoneLambdaFunctionServiceRoleE92573D3"
          }
        ]
      },
      "Metadata": {
        "cfn_nag": {
          "rules_to_suppress": [
            {
              "id": "W12",
              "reason": "Lambda needs the following minimum required permissions to send trace data to X-Ray and access ENIs in a VPC."
            }
          ]
        }
      }
    },
    "testoneReplaceDefaultSecurityGroupsecuritygroupE46270FE": {
      "Type": "AWS::EC2::SecurityGroup",
      "Properties": {
        "GroupDescription": "alblam-privateApiNewResources/test-one/ReplaceDefaultSecurityGroup-security-group",
        "SecurityGroupEgress": [
          {
            "CidrIp": "0.0.0.0/0",
            "Description": "Allow all outbound traffic by default",
            "IpProtocol": "-1"
          }
        ],
        "VpcId": {
          "Ref": "Vpc8378EB38"
        }
      },
      "Metadata": {
        "cfn_nag": {
          "rules_to_suppress": [
            {
              "id": "W5",
              "reason": "Egress of 0.0.0.0/0 is default and generally considered OK"
            },
            {
              "id": "W40",
              "reason": "Egress IPProtocol of -1 is default and generally considered OK"
            }
          ]
        }
      }
    },
    "testoneLambdaFunctionCC9B03E1": {
      "Type": "AWS::Lambda::Function",
      "Properties": {
        "Code": {
          "S3Bucket": {
            "Fn::Sub": "cdk-hnb659fds-assets-${AWS::AccountId}-us-east-1"
          },
          "S3Key": "7caf594b8ad91abecca72f7f10a23a5cf446d05dc00d6194619935e7e3fd5a79.zip"
        },
        "Environment": {
          "Variables": {
            "AWS_NODEJS_CONNECTION_REUSE_ENABLED": "1"
          }
        },
        "Handler": "index.handler",
        "Role": {
          "Fn::GetAtt": [
            "testoneLambdaFunctionServiceRoleE92573D3",
            "Arn"
          ]
        },
        "Runtime": "nodejs16.x",
        "TracingConfig": {
          "Mode": "Active"
        },
        "VpcConfig": {
          "SecurityGroupIds": [
            {
              "Fn::GetAtt": [
                "testoneReplaceDefaultSecurityGroupsecuritygroupE46270FE",
                "GroupId"
              ]
            }
          ],
          "SubnetIds": [
            {
              "Ref": "VpcisolatedSubnet1SubnetE62B1B9B"
            },
            {
              "Ref": "VpcisolatedSubnet2Subnet39217055"
            },
            {
              "Ref": "VpcisolatedSubnet3Subnet44F2537D"
            }
          ]
        }
      },
      "DependsOn": [
        "testoneLambdaFunctionServiceRoleDefaultPolicy6025A173",
        "testoneLambdaFunctionServiceRoleE92573D3",
        "VpcisolatedSubnet1RouteTableAssociationD259E31A",
        "VpcisolatedSubnet2RouteTableAssociation25A4716F",
        "VpcisolatedSubnet3RouteTableAssociationDC010BEB"
      ],
      "Metadata": {
        "cfn_nag": {
          "rules_to_suppress": [
            {
              "id": "W58",
              "reason": "Lambda functions has the required permission to write CloudWatch Logs. It uses custom policy instead of arn:aws:iam::aws:policy/service-role/AWSLambdaBasicExecutionRole with tighter permissions."
            },
            {
              "id": "W89",
              "reason": "This is not a rule for the general case, just for specific use cases/industries"
            },
            {
              "id": "W92",
              "reason": "Impossible for us to define the correct concurrency for clients"
            }
          ]
        }
      }
    },
    "testoneLambdaFunctionInvoke2UTWxhlfyqbT5FTn5jvgbLgjFfJwzswGk55DU1HY508A8518": {
      "Type": "AWS::Lambda::Permission",
      "Properties": {
        "Action": "lambda:InvokeFunction",
        "FunctionName": {
          "Fn::GetAtt": [
            "testoneLambdaFunctionCC9B03E1",
            "Arn"
          ]
        },
        "Principal": "elasticloadbalancing.amazonaws.com"
      },
      "DependsOn": [
        "VpcisolatedSubnet1RouteTableAssociationD259E31A",
        "VpcisolatedSubnet2RouteTableAssociation25A4716F",
        "VpcisolatedSubnet3RouteTableAssociationDC010BEB"
      ]
    },
    "testonetestonelistener51CF582F": {
      "Type": "AWS::ElasticLoadBalancingV2::Listener",
      "Properties": {
        "DefaultActions": [
          {
            "TargetGroupArn": {
              "Ref": "testonetg2tg6459EC7C"
            },
            "Type": "forward"
          }
        ],
        "LoadBalancerArn": {
          "Ref": "testonetestonealb4F263E42"
        },
        "Port": 80,
        "Protocol": "HTTP"
      },
      "DependsOn": [
        "testonetg2tg6459EC7C"
      ],
      "Metadata": {
        "cfn_nag": {
          "rules_to_suppress": [
            {
              "id": "W56",
              "reason": "All integration tests must be HTTP because of certificate limitations."
            }
          ]
        }
      }
    },
    "testonetg2tg6459EC7C": {
      "Type": "AWS::ElasticLoadBalancingV2::TargetGroup",
      "Properties": {
        "TargetType": "lambda",
        "Targets": [
          {
            "Id": {
              "Fn::GetAtt": [
                "testoneLambdaFunctionCC9B03E1",
                "Arn"
              ]
            }
          }
        ]
      },
      "DependsOn": [
        "testoneLambdaFunctionInvoke2UTWxhlfyqbT5FTn5jvgbLgjFfJwzswGk55DU1HY508A8518"
      ]
    },
    "Vpc8378EB38": {
      "Type": "AWS::EC2::VPC",
      "Properties": {
        "CidrBlock": "10.0.0.0/16",
        "EnableDnsHostnames": true,
        "EnableDnsSupport": true,
        "InstanceTenancy": "default",
        "Tags": [
          {
            "Key": "Name",
            "Value": "alblam-privateApiNewResources/Vpc"
          }
        ]
      }
    },
    "VpcisolatedSubnet1SubnetE62B1B9B": {
      "Type": "AWS::EC2::Subnet",
      "Properties": {
        "AvailabilityZone": "test-region-1a",
        "CidrBlock": "10.0.0.0/18",
        "MapPublicIpOnLaunch": false,
        "Tags": [
          {
            "Key": "aws-cdk:subnet-name",
            "Value": "isolated"
          },
          {
            "Key": "aws-cdk:subnet-type",
            "Value": "Isolated"
          },
          {
            "Key": "Name",
            "Value": "alblam-privateApiNewResources/Vpc/isolatedSubnet1"
          }
        ],
        "VpcId": {
          "Ref": "Vpc8378EB38"
        }
      }
    },
    "VpcisolatedSubnet1RouteTableE442650B": {
      "Type": "AWS::EC2::RouteTable",
      "Properties": {
        "Tags": [
          {
            "Key": "Name",
            "Value": "alblam-privateApiNewResources/Vpc/isolatedSubnet1"
          }
        ],
        "VpcId": {
          "Ref": "Vpc8378EB38"
        }
      }
    },
    "VpcisolatedSubnet1RouteTableAssociationD259E31A": {
      "Type": "AWS::EC2::SubnetRouteTableAssociation",
      "Properties": {
        "RouteTableId": {
          "Ref": "VpcisolatedSubnet1RouteTableE442650B"
        },
        "SubnetId": {
          "Ref": "VpcisolatedSubnet1SubnetE62B1B9B"
        }
      }
    },
    "VpcisolatedSubnet2Subnet39217055": {
      "Type": "AWS::EC2::Subnet",
      "Properties": {
        "AvailabilityZone": "test-region-1b",
        "CidrBlock": "10.0.64.0/18",
        "MapPublicIpOnLaunch": false,
        "Tags": [
          {
            "Key": "aws-cdk:subnet-name",
            "Value": "isolated"
          },
          {
            "Key": "aws-cdk:subnet-type",
            "Value": "Isolated"
          },
          {
            "Key": "Name",
            "Value": "alblam-privateApiNewResources/Vpc/isolatedSubnet2"
          }
        ],
        "VpcId": {
          "Ref": "Vpc8378EB38"
        }
      }
    },
    "VpcisolatedSubnet2RouteTable334F9764": {
      "Type": "AWS::EC2::RouteTable",
      "Properties": {
        "Tags": [
          {
            "Key": "Name",
            "Value": "alblam-privateApiNewResources/Vpc/isolatedSubnet2"
          }
        ],
        "VpcId": {
          "Ref": "Vpc8378EB38"
        }
      }
    },
    "VpcisolatedSubnet2RouteTableAssociation25A4716F": {
      "Type": "AWS::EC2::SubnetRouteTableAssociation",
      "Properties": {
        "RouteTableId": {
          "Ref": "VpcisolatedSubnet2RouteTable334F9764"
        },
        "SubnetId": {
          "Ref": "VpcisolatedSubnet2Subnet39217055"
        }
      }
    },
    "VpcisolatedSubnet3Subnet44F2537D": {
      "Type": "AWS::EC2::Subnet",
      "Properties": {
        "AvailabilityZone": "test-region-1c",
        "CidrBlock": "10.0.128.0/18",
        "MapPublicIpOnLaunch": false,
        "Tags": [
          {
            "Key": "aws-cdk:subnet-name",
            "Value": "isolated"
          },
          {
            "Key": "aws-cdk:subnet-type",
            "Value": "Isolated"
          },
          {
            "Key": "Name",
            "Value": "alblam-privateApiNewResources/Vpc/isolatedSubnet3"
          }
        ],
        "VpcId": {
          "Ref": "Vpc8378EB38"
        }
      }
    },
    "VpcisolatedSubnet3RouteTableA2F6BBC0": {
      "Type": "AWS::EC2::RouteTable",
      "Properties": {
        "Tags": [
          {
            "Key": "Name",
            "Value": "alblam-privateApiNewResources/Vpc/isolatedSubnet3"
          }
        ],
        "VpcId": {
          "Ref": "Vpc8378EB38"
        }
      }
    },
    "VpcisolatedSubnet3RouteTableAssociationDC010BEB": {
      "Type": "AWS::EC2::SubnetRouteTableAssociation",
      "Properties": {
        "RouteTableId": {
          "Ref": "VpcisolatedSubnet3RouteTableA2F6BBC0"
        },
        "SubnetId": {
          "Ref": "VpcisolatedSubnet3Subnet44F2537D"
        }
      }
    },
    "VpcFlowLogIAMRole6A475D41": {
      "Type": "AWS::IAM::Role",
      "Properties": {
        "AssumeRolePolicyDocument": {
          "Statement": [
            {
              "Action": "sts:AssumeRole",
              "Effect": "Allow",
              "Principal": {
                "Service": "vpc-flow-logs.amazonaws.com"
              }
            }
          ],
          "Version": "2012-10-17"
        },
        "Tags": [
          {
            "Key": "Name",
            "Value": "alblam-privateApiNewResources/Vpc/FlowLog"
          }
        ]
      }
    },
    "VpcFlowLogIAMRoleDefaultPolicy406FB995": {
      "Type": "AWS::IAM::Policy",
      "Properties": {
        "PolicyDocument": {
          "Statement": [
            {
              "Action": [
                "logs:CreateLogStream",
                "logs:PutLogEvents",
                "logs:DescribeLogStreams"
              ],
              "Effect": "Allow",
              "Resource": {
                "Fn::GetAtt": [
                  "VpcFlowLogLogGroup7B5C56B9",
                  "Arn"
                ]
              }
            },
            {
              "Action": "iam:PassRole",
              "Effect": "Allow",
              "Resource": {
                "Fn::GetAtt": [
                  "VpcFlowLogIAMRole6A475D41",
                  "Arn"
                ]
              }
            }
          ],
          "Version": "2012-10-17"
        },
        "PolicyName": "VpcFlowLogIAMRoleDefaultPolicy406FB995",
        "Roles": [
          {
            "Ref": "VpcFlowLogIAMRole6A475D41"
          }
        ]
      }
    },
    "VpcFlowLogLogGroup7B5C56B9": {
      "Type": "AWS::Logs::LogGroup",
      "Properties": {
        "RetentionInDays": 731,
        "Tags": [
          {
            "Key": "Name",
            "Value": "alblam-privateApiNewResources/Vpc/FlowLog"
          }
        ]
      },
      "UpdateReplacePolicy": "Retain",
      "DeletionPolicy": "Retain",
      "Metadata": {
        "cfn_nag": {
          "rules_to_suppress": [
            {
              "id": "W84",
              "reason": "By default CloudWatchLogs LogGroups data is encrypted using the CloudWatch server-side encryption keys (AWS Managed Keys)"
            }
          ]
        }
      }
    },
    "VpcFlowLog8FF33A73": {
      "Type": "AWS::EC2::FlowLog",
      "Properties": {
        "DeliverLogsPermissionArn": {
          "Fn::GetAtt": [
            "VpcFlowLogIAMRole6A475D41",
            "Arn"
          ]
        },
        "LogDestinationType": "cloud-watch-logs",
        "LogGroupName": {
          "Ref": "VpcFlowLogLogGroup7B5C56B9"
        },
        "ResourceId": {
          "Ref": "Vpc8378EB38"
        },
        "ResourceType": "VPC",
        "Tags": [
          {
            "Key": "Name",
            "Value": "alblam-privateApiNewResources/Vpc/FlowLog"
          }
        ],
        "TrafficType": "ALL"
      }
    },
    "CustomS3AutoDeleteObjectsCustomResourceProviderRole3B1BD092": {
      "Type": "AWS::IAM::Role",
      "Properties": {
        "AssumeRolePolicyDocument": {
          "Version": "2012-10-17",
          "Statement": [
            {
              "Action": "sts:AssumeRole",
              "Effect": "Allow",
              "Principal": {
                "Service": "lambda.amazonaws.com"
              }
            }
          ]
        },
        "ManagedPolicyArns": [
          {
            "Fn::Sub": "arn:${AWS::Partition}:iam::aws:policy/service-role/AWSLambdaBasicExecutionRole"
          }
        ]
      }
    },
    "CustomS3AutoDeleteObjectsCustomResourceProviderHandler9D90184F": {
      "Type": "AWS::Lambda::Function",
      "Properties": {
        "Code": {
          "S3Bucket": {
            "Fn::Sub": "cdk-hnb659fds-assets-${AWS::AccountId}-us-east-1"
          },
          "S3Key": "b7f33614a69548d6bafe224d751a7ef238cde19097415e553fe8b63a4c8fd8a6.zip"
        },
        "Timeout": 900,
        "MemorySize": 128,
        "Handler": "index.handler",
        "Role": {
          "Fn::GetAtt": [
            "CustomS3AutoDeleteObjectsCustomResourceProviderRole3B1BD092",
            "Arn"
          ]
        },
        "Runtime": "nodejs18.x",
        "Description": {
          "Fn::Join": [
            "",
            [
              "Lambda function for auto-deleting objects in ",
              {
                "Ref": "testoneE6ACFBB6"
              },
              " S3 bucket."
            ]
          ]
        }
      },
      "DependsOn": [
        "CustomS3AutoDeleteObjectsCustomResourceProviderRole3B1BD092"
      ],
      "Metadata": {
        "cfn_nag": {
          "rules_to_suppress": [
            {
              "id": "W58",
              "reason": "CDK generated custom resource"
            },
            {
              "id": "W89",
              "reason": "CDK generated custom resource"
            },
            {
              "id": "W92",
              "reason": "CDK generated custom resource"
            }
          ]
        }
      }
    }
  },
  "Parameters": {
    "BootstrapVersion": {
      "Type": "AWS::SSM::Parameter::Value<String>",
      "Default": "/cdk-bootstrap/hnb659fds/version",
      "Description": "Version of the CDK Bootstrap resources in this environment, automatically retrieved from SSM Parameter Store. [cdk:skip]"
    }
  },
  "Rules": {
    "CheckBootstrapVersion": {
      "Assertions": [
        {
          "Assert": {
            "Fn::Not": [
              {
                "Fn::Contains": [
                  [
                    "1",
                    "2",
                    "3",
                    "4",
                    "5"
                  ],
                  {
                    "Ref": "BootstrapVersion"
                  }
                ]
              }
            ]
          },
          "AssertDescription": "CDK bootstrap stack version 6 required. Please run 'cdk bootstrap' with a recent version of the CDK CLI."
        }
      ]
    }
  }
}