{
  "Resources": {
    "testiotlambdadynamodbstackIotToLambdaLambdaFunctionServiceRoleC57F7FDA": {
      "Type": "AWS::IAM::Role",
      "Properties": {
        "AssumeRolePolicyDocument": {
          "Statement": [
            {
              "Action": "sts:AssumeRole",
              "Effect": "Allow",
              "Principal": {
                "Service": "lambda.amazonaws.com"
              }
            }
          ],
          "Version": "2012-10-17"
        },
        "Policies": [
          {
            "PolicyDocument": {
              "Statement": [
                {
                  "Action": [
                    "logs:CreateLogGroup",
                    "logs:CreateLogStream",
                    "logs:PutLogEvents"
                  ],
                  "Effect": "Allow",
                  "Resource": {
                    "Fn::Join": [
                      "",
                      [
                        "arn:aws:logs:",
                        {
                          "Ref": "AWS::Region"
                        },
                        ":",
                        {
                          "Ref": "AWS::AccountId"
                        },
                        ":log-group:/aws/lambda/*"
                      ]
                    ]
                  }
                }
              ],
              "Version": "2012-10-17"
            },
            "PolicyName": "LambdaFunctionServiceRolePolicy"
          }
        ]
      }
    },
    "testiotlambdadynamodbstackIotToLambdaLambdaFunctionServiceRoleDefaultPolicyB43AD823": {
      "Type": "AWS::IAM::Policy",
      "Properties": {
        "PolicyDocument": {
          "Statement": [
            {
              "Action": [
                "dynamodb:BatchGetItem",
                "dynamodb:GetRecords",
                "dynamodb:GetShardIterator",
                "dynamodb:Query",
                "dynamodb:GetItem",
                "dynamodb:Scan",
                "dynamodb:BatchWriteItem",
                "dynamodb:PutItem",
                "dynamodb:UpdateItem",
                "dynamodb:DeleteItem"
              ],
              "Effect": "Allow",
              "Resource": [
                {
                  "Fn::GetAtt": [
                    "testiotlambdadynamodbstackLambdaToDynamoDBDynamoTableE17E5733",
                    "Arn"
                  ]
                },
                {
                  "Ref": "AWS::NoValue"
                }
              ]
            }
          ],
          "Version": "2012-10-17"
        },
        "PolicyName": "testiotlambdadynamodbstackIotToLambdaLambdaFunctionServiceRoleDefaultPolicyB43AD823",
        "Roles": [
          {
            "Ref": "testiotlambdadynamodbstackIotToLambdaLambdaFunctionServiceRoleC57F7FDA"
          }
        ]
      }
    },
    "testiotlambdadynamodbstackIotToLambdaLambdaFunctionDFEAF894": {
      "Type": "AWS::Lambda::Function",
      "Properties": {
        "Code": {
          "S3Bucket": {
            "Ref": "AssetParameters42a35bbf0dec9ef0ac5b0dde87e71a1b8929e8d2d178dd09ccfb2c928ec0198cS3Bucket1F467BCC"
          },
          "S3Key": {
            "Fn::Join": [
              "",
              [
                {
                  "Fn::Select": [
                    0,
                    {
                      "Fn::Split": [
                        "||",
                        {
                          "Ref": "AssetParameters42a35bbf0dec9ef0ac5b0dde87e71a1b8929e8d2d178dd09ccfb2c928ec0198cS3VersionKey9E4F7872"
                        }
                      ]
                    }
                  ]
                },
                {
                  "Fn::Select": [
                    1,
                    {
                      "Fn::Split": [
                        "||",
                        {
                          "Ref": "AssetParameters42a35bbf0dec9ef0ac5b0dde87e71a1b8929e8d2d178dd09ccfb2c928ec0198cS3VersionKey9E4F7872"
                        }
                      ]
                    }
                  ]
                }
              ]
            ]
          }
        },
        "Handler": "index.handler",
        "Role": {
          "Fn::GetAtt": [
            "testiotlambdadynamodbstackIotToLambdaLambdaFunctionServiceRoleC57F7FDA",
            "Arn"
          ]
        },
        "Runtime": "nodejs10.x",
        "Environment": {
          "Variables": {
            "AWS_NODEJS_CONNECTION_REUSE_ENABLED": "1",
            "DDB_TABLE_NAME": {
              "Ref": "testiotlambdadynamodbstackLambdaToDynamoDBDynamoTableE17E5733"
            }
          }
        }
      },
      "DependsOn": [
        "testiotlambdadynamodbstackIotToLambdaLambdaFunctionServiceRoleDefaultPolicyB43AD823",
        "testiotlambdadynamodbstackIotToLambdaLambdaFunctionServiceRoleC57F7FDA"
      ],
      "Metadata": {
        "cfn_nag": {
          "rules_to_suppress": [
            {
              "id": "W58",
              "reason": "Lambda functions has the required permission to write CloudWatch Logs. It uses custom policy instead of arn:aws:iam::aws:policy/service-role/AWSLambdaBasicExecutionRole with more tighter permissions."
            }
          ]
        }
      }
    },
    "testiotlambdadynamodbstackIotToLambdaLambdaFunctionLambdaInvokePermissionBD47A3C8": {
      "Type": "AWS::Lambda::Permission",
      "Properties": {
        "Action": "lambda:InvokeFunction",
        "FunctionName": {
          "Fn::GetAtt": [
            "testiotlambdadynamodbstackIotToLambdaLambdaFunctionDFEAF894",
            "Arn"
          ]
        },
        "Principal": "iot.amazonaws.com",
        "SourceArn": {
          "Fn::GetAtt": [
            "testiotlambdadynamodbstackIotToLambdaIotTopic74F5E3BB",
            "Arn"
          ]
        }
      }
    },
    "testiotlambdadynamodbstackIotToLambdaIotTopic74F5E3BB": {
      "Type": "AWS::IoT::TopicRule",
      "Properties": {
        "TopicRulePayload": {
          "Actions": [
            {
              "Lambda": {
                "FunctionArn": {
                  "Fn::GetAtt": [
                    "testiotlambdadynamodbstackIotToLambdaLambdaFunctionDFEAF894",
                    "Arn"
                  ]
                }
              }
            }
          ],
          "Description": "Processing of DTC messages from the AWS Connected Vehicle Solution.",
          "RuleDisabled": false,
          "Sql": "SELECT * FROM 'connectedcar/dtc/#'"
        }
      }
    },
    "testiotlambdadynamodbstackLambdaToDynamoDBDynamoTableE17E5733": {
      "Type": "AWS::DynamoDB::Table",
      "Properties": {
        "KeySchema": [
          {
            "AttributeName": "id",
            "KeyType": "HASH"
          }
        ],
        "AttributeDefinitions": [
          {
            "AttributeName": "id",
            "AttributeType": "S"
          }
        ],
        "BillingMode": "PAY_PER_REQUEST",
        "PointInTimeRecoverySpecification": {
          "PointInTimeRecoveryEnabled": true
        },
        "SSESpecification": {
          "SSEEnabled": true
        }
      },
      "UpdateReplacePolicy": "Retain",
      "DeletionPolicy": "Retain"
    }
  },
  "Parameters": {
    "AssetParameters42a35bbf0dec9ef0ac5b0dde87e71a1b8929e8d2d178dd09ccfb2c928ec0198cS3Bucket1F467BCC": {
      "Type": "String",
      "Description": "S3 bucket for asset \"42a35bbf0dec9ef0ac5b0dde87e71a1b8929e8d2d178dd09ccfb2c928ec0198c\""
    },
    "AssetParameters42a35bbf0dec9ef0ac5b0dde87e71a1b8929e8d2d178dd09ccfb2c928ec0198cS3VersionKey9E4F7872": {
      "Type": "String",
      "Description": "S3 key for asset version \"42a35bbf0dec9ef0ac5b0dde87e71a1b8929e8d2d178dd09ccfb2c928ec0198c\""
    },
    "AssetParameters42a35bbf0dec9ef0ac5b0dde87e71a1b8929e8d2d178dd09ccfb2c928ec0198cArtifactHash00A70A91": {
      "Type": "String",
      "Description": "Artifact hash for asset \"42a35bbf0dec9ef0ac5b0dde87e71a1b8929e8d2d178dd09ccfb2c928ec0198c\""
    }
  }
}