// Jest Snapshot v1, https://goo.gl/fbAQLP

exports[`snapshot test IotToKinesisFirehoseToS3 default params 1`] = `
Object {
  "Resources": Object {
    "testiotfirehoses3IotActionsPolicy1B38E4E3": Object {
      "Properties": Object {
        "PolicyDocument": Object {
          "Statement": Array [
            Object {
              "Action": "firehose:PutRecord",
              "Effect": "Allow",
              "Resource": Object {
                "Fn::GetAtt": Array [
                  "testiotfirehoses3KinesisFirehoseToS3KinesisFirehose68DB2BEE",
                  "Arn",
                ],
              },
            },
          ],
          "Version": "2012-10-17",
        },
        "PolicyName": "testiotfirehoses3IotActionsPolicy1B38E4E3",
        "Roles": Array [
          Object {
            "Ref": "testiotfirehoses3IotActionsRole743F8973",
          },
        ],
      },
      "Type": "AWS::IAM::Policy",
    },
    "testiotfirehoses3IotActionsRole743F8973": Object {
      "Properties": Object {
        "AssumeRolePolicyDocument": Object {
          "Statement": Array [
            Object {
              "Action": "sts:AssumeRole",
              "Effect": "Allow",
              "Principal": Object {
                "Service": "iot.amazonaws.com",
              },
            },
          ],
          "Version": "2012-10-17",
        },
      },
      "Type": "AWS::IAM::Role",
    },
    "testiotfirehoses3IotTopicAC1CA58D": Object {
      "Properties": Object {
        "TopicRulePayload": Object {
          "Actions": Array [
            Object {
              "Firehose": Object {
                "DeliveryStreamName": Object {
                  "Ref": "testiotfirehoses3KinesisFirehoseToS3KinesisFirehose68DB2BEE",
                },
                "RoleArn": Object {
                  "Fn::GetAtt": Array [
                    "testiotfirehoses3IotActionsRole743F8973",
                    "Arn",
                  ],
                },
              },
            },
          ],
          "Description": "Persistent storage of connected vehicle telematics data",
          "RuleDisabled": false,
          "Sql": "SELECT * FROM 'connectedcar/telemetry/#'",
        },
      },
      "Type": "AWS::IoT::TopicRule",
    },
    "testiotfirehoses3KinesisFirehoseToS3KinesisFirehose68DB2BEE": Object {
      "Properties": Object {
        "ExtendedS3DestinationConfiguration": Object {
          "BucketARN": Object {
            "Fn::GetAtt": Array [
              "testiotfirehoses3KinesisFirehoseToS3S3Bucket19C97D09",
              "Arn",
            ],
          },
          "BufferingHints": Object {
            "IntervalInSeconds": 300,
            "SizeInMBs": 5,
          },
          "CloudWatchLoggingOptions": Object {
            "Enabled": true,
            "LogGroupName": Object {
              "Ref": "testiotfirehoses3KinesisFirehoseToS3firehoseloggroup4A2E4212",
            },
            "LogStreamName": Object {
              "Ref": "testiotfirehoses3KinesisFirehoseToS3firehoseloggroupfirehoselogstreamD1B6E670",
            },
          },
          "CompressionFormat": "GZIP",
          "RoleARN": Object {
            "Fn::GetAtt": Array [
              "testiotfirehoses3KinesisFirehoseToS3KinesisFirehoseRole93DE9170",
              "Arn",
            ],
          },
        },
      },
      "Type": "AWS::KinesisFirehose::DeliveryStream",
    },
    "testiotfirehoses3KinesisFirehoseToS3KinesisFirehosePolicy5914CC69": Object {
      "Properties": Object {
        "PolicyDocument": Object {
          "Statement": Array [
            Object {
              "Action": Array [
                "s3:AbortMultipartUpload",
                "s3:GetBucketLocation",
                "s3:GetObject",
                "s3:ListBucket",
                "s3:ListBucketMultipartUploads",
                "s3:PutObject",
              ],
              "Effect": "Allow",
              "Resource": Array [
                Object {
                  "Fn::GetAtt": Array [
                    "testiotfirehoses3KinesisFirehoseToS3S3Bucket19C97D09",
                    "Arn",
                  ],
                },
                Object {
                  "Fn::Join": Array [
                    "",
                    Array [
                      Object {
                        "Fn::GetAtt": Array [
                          "testiotfirehoses3KinesisFirehoseToS3S3Bucket19C97D09",
                          "Arn",
                        ],
                      },
                      "/*",
                    ],
                  ],
                },
              ],
            },
            Object {
              "Action": "logs:PutLogEvents",
              "Effect": "Allow",
              "Resource": Object {
                "Fn::Join": Array [
                  "",
                  Array [
                    "arn:",
                    Object {
                      "Ref": "AWS::Partition",
                    },
                    ":logs:",
                    Object {
                      "Ref": "AWS::Region",
                    },
                    ":",
                    Object {
                      "Ref": "AWS::AccountId",
                    },
                    ":log-group:",
                    Object {
                      "Ref": "testiotfirehoses3KinesisFirehoseToS3firehoseloggroup4A2E4212",
                    },
                    ":log-stream:",
                    Object {
                      "Ref": "testiotfirehoses3KinesisFirehoseToS3firehoseloggroupfirehoselogstreamD1B6E670",
                    },
                  ],
                ],
              },
            },
          ],
          "Version": "2012-10-17",
        },
        "PolicyName": "testiotfirehoses3KinesisFirehoseToS3KinesisFirehosePolicy5914CC69",
        "Roles": Array [
          Object {
            "Ref": "testiotfirehoses3KinesisFirehoseToS3KinesisFirehoseRole93DE9170",
          },
        ],
      },
      "Type": "AWS::IAM::Policy",
    },
    "testiotfirehoses3KinesisFirehoseToS3KinesisFirehoseRole93DE9170": Object {
      "Properties": Object {
        "AssumeRolePolicyDocument": Object {
          "Statement": Array [
            Object {
              "Action": "sts:AssumeRole",
              "Effect": "Allow",
              "Principal": Object {
                "Service": "firehose.amazonaws.com",
              },
            },
          ],
          "Version": "2012-10-17",
        },
      },
      "Type": "AWS::IAM::Role",
    },
    "testiotfirehoses3KinesisFirehoseToS3S3Bucket19C97D09": Object {
      "DeletionPolicy": "Retain",
      "Properties": Object {
        "BucketEncryption": Object {
          "ServerSideEncryptionConfiguration": Array [
            Object {
              "ServerSideEncryptionByDefault": Object {
                "SSEAlgorithm": "AES256",
              },
            },
          ],
        },
        "LifecycleConfiguration": Object {
          "Rules": Array [
            Object {
              "NoncurrentVersionTransitions": Array [
                Object {
                  "StorageClass": "GLACIER",
                  "TransitionInDays": 90,
                },
              ],
              "Status": "Enabled",
            },
          ],
        },
        "LoggingConfiguration": Object {
          "DestinationBucketName": Object {
            "Ref": "testiotfirehoses3KinesisFirehoseToS3S3LoggingBucketC786B050",
          },
        },
        "PublicAccessBlockConfiguration": Object {
          "BlockPublicAcls": true,
          "BlockPublicPolicy": true,
          "IgnorePublicAcls": true,
          "RestrictPublicBuckets": true,
        },
        "VersioningConfiguration": Object {
          "Status": "Enabled",
        },
      },
      "Type": "AWS::S3::Bucket",
      "UpdateReplacePolicy": "Retain",
    },
    "testiotfirehoses3KinesisFirehoseToS3S3BucketPolicy39975CE7": Object {
      "Properties": Object {
        "Bucket": Object {
          "Ref": "testiotfirehoses3KinesisFirehoseToS3S3Bucket19C97D09",
        },
        "PolicyDocument": Object {
          "Statement": Array [
            Object {
              "Action": "*",
              "Condition": Object {
                "Bool": Object {
                  "aws:SecureTransport": "false",
                },
              },
              "Effect": "Deny",
              "Principal": "*",
              "Resource": Object {
                "Fn::Join": Array [
                  "",
                  Array [
                    Object {
                      "Fn::GetAtt": Array [
                        "testiotfirehoses3KinesisFirehoseToS3S3Bucket19C97D09",
                        "Arn",
                      ],
                    },
                    "/*",
                  ],
                ],
              },
              "Sid": "HttpsOnly",
            },
          ],
          "Version": "2012-10-17",
        },
      },
      "Type": "AWS::S3::BucketPolicy",
    },
    "testiotfirehoses3KinesisFirehoseToS3S3LoggingBucketC786B050": Object {
      "DeletionPolicy": "Retain",
      "Metadata": Object {
        "cfn_nag": Object {
          "rules_to_suppress": Array [
            Object {
              "id": "W35",
              "reason": "This S3 bucket is used as the access logging bucket for another bucket",
            },
          ],
        },
      },
      "Properties": Object {
        "AccessControl": "LogDeliveryWrite",
        "BucketEncryption": Object {
          "ServerSideEncryptionConfiguration": Array [
            Object {
              "ServerSideEncryptionByDefault": Object {
                "SSEAlgorithm": "AES256",
              },
            },
          ],
        },
        "PublicAccessBlockConfiguration": Object {
          "BlockPublicAcls": true,
          "BlockPublicPolicy": true,
          "IgnorePublicAcls": true,
          "RestrictPublicBuckets": true,
        },
      },
      "Type": "AWS::S3::Bucket",
      "UpdateReplacePolicy": "Retain",
    },
    "testiotfirehoses3KinesisFirehoseToS3S3LoggingBucketPolicyE5A94728": Object {
      "Properties": Object {
        "Bucket": Object {
          "Ref": "testiotfirehoses3KinesisFirehoseToS3S3LoggingBucketC786B050",
        },
        "PolicyDocument": Object {
          "Statement": Array [
            Object {
              "Action": "*",
              "Condition": Object {
                "Bool": Object {
                  "aws:SecureTransport": "false",
                },
              },
              "Effect": "Deny",
              "Principal": "*",
              "Resource": Object {
                "Fn::Join": Array [
                  "",
                  Array [
                    Object {
                      "Fn::GetAtt": Array [
                        "testiotfirehoses3KinesisFirehoseToS3S3LoggingBucketC786B050",
                        "Arn",
                      ],
                    },
                    "/*",
                  ],
                ],
              },
              "Sid": "HttpsOnly",
            },
          ],
          "Version": "2012-10-17",
        },
      },
      "Type": "AWS::S3::BucketPolicy",
    },
    "testiotfirehoses3KinesisFirehoseToS3firehoseloggroup4A2E4212": Object {
      "DeletionPolicy": "Retain",
      "Type": "AWS::Logs::LogGroup",
      "UpdateReplacePolicy": "Retain",
    },
    "testiotfirehoses3KinesisFirehoseToS3firehoseloggroupfirehoselogstreamD1B6E670": Object {
      "DeletionPolicy": "Retain",
      "Properties": Object {
        "LogGroupName": Object {
          "Ref": "testiotfirehoses3KinesisFirehoseToS3firehoseloggroup4A2E4212",
        },
      },
      "Type": "AWS::Logs::LogStream",
      "UpdateReplacePolicy": "Retain",
    },
  },
}
`;
