{
  "Description": "Integration Test for aws-cloudfront-s3",
  "Resources": {
    "testcloudfronts3S3LoggingBucket90D239DD": {
      "Type": "AWS::S3::Bucket",
      "Properties": {
        "AccessControl": "LogDeliveryWrite",
        "BucketEncryption": {
          "ServerSideEncryptionConfiguration": [
            {
              "ServerSideEncryptionByDefault": {
                "SSEAlgorithm": "AES256"
              }
            }
          ]
        },
        "PublicAccessBlockConfiguration": {
          "BlockPublicAcls": true,
          "BlockPublicPolicy": true,
          "IgnorePublicAcls": true,
          "RestrictPublicBuckets": true
        }
      },
      "UpdateReplacePolicy": "Delete",
      "DeletionPolicy": "Delete",
      "Metadata": {
        "cfn_nag": {
          "rules_to_suppress": [
            {
              "id": "W35",
              "reason": "This S3 bucket is used as the access logging bucket for another bucket"
            }
          ]
        }
      }
    },
    "testcloudfronts3S3LoggingBucketPolicy529D4CFF": {
      "Type": "AWS::S3::BucketPolicy",
      "Properties": {
        "Bucket": {
          "Ref": "testcloudfronts3S3LoggingBucket90D239DD"
        },
        "PolicyDocument": {
          "Statement": [
            {
              "Action": "*",
              "Condition": {
                "Bool": {
                  "aws:SecureTransport": "false"
                }
              },
              "Effect": "Deny",
              "Principal": "*",
              "Resource": {
                "Fn::Join": [
                  "",
                  [
                    {
                      "Fn::GetAtt": [
                        "testcloudfronts3S3LoggingBucket90D239DD",
                        "Arn"
                      ]
                    },
                    "/*"
                  ]
                ]
              },
              "Sid": "HttpsOnly"
            }
          ],
          "Version": "2012-10-17"
        }
      }
    },
    "testcloudfronts3S3BucketE0C5F76E": {
      "Type": "AWS::S3::Bucket",
      "Properties": {
        "BucketEncryption": {
          "ServerSideEncryptionConfiguration": [
            {
              "ServerSideEncryptionByDefault": {
                "SSEAlgorithm": "AES256"
              }
            }
          ]
        },
        "LifecycleConfiguration": {
          "Rules": [
            {
              "NoncurrentVersionTransitions": [
                {
                  "StorageClass": "GLACIER",
                  "TransitionInDays": 90
                }
              ],
              "Status": "Enabled"
            }
          ]
        },
        "LoggingConfiguration": {
          "DestinationBucketName": {
            "Ref": "testcloudfronts3S3LoggingBucket90D239DD"
          }
        },
        "PublicAccessBlockConfiguration": {
          "BlockPublicAcls": true,
          "BlockPublicPolicy": true,
          "IgnorePublicAcls": true,
          "RestrictPublicBuckets": true
        },
        "VersioningConfiguration": {
          "Status": "Enabled"
        }
      },
      "UpdateReplacePolicy": "Delete",
      "DeletionPolicy": "Delete"
    },
    "testcloudfronts3S3BucketPolicy250F1F61": {
      "Type": "AWS::S3::BucketPolicy",
      "Properties": {
        "Bucket": {
          "Ref": "testcloudfronts3S3BucketE0C5F76E"
        },
        "PolicyDocument": {
          "Statement": [
            {
              "Action": "*",
              "Condition": {
                "Bool": {
                  "aws:SecureTransport": "false"
                }
              },
              "Effect": "Deny",
              "Principal": "*",
              "Resource": {
                "Fn::Join": [
                  "",
                  [
                    {
                      "Fn::GetAtt": [
                        "testcloudfronts3S3BucketE0C5F76E",
                        "Arn"
                      ]
                    },
                    "/*"
                  ]
                ]
              },
              "Sid": "HttpsOnly"
            },
            {
              "Action": "s3:GetObject",
              "Effect": "Allow",
              "Principal": {
                "CanonicalUser": {
                  "Fn::GetAtt": [
                    "testcloudfronts3CloudFrontDistributionOrigin1S3Origin4695F058",
                    "S3CanonicalUserId"
                  ]
                }
              },
              "Resource": {
                "Fn::Join": [
                  "",
                  [
                    {
                      "Fn::GetAtt": [
                        "testcloudfronts3S3BucketE0C5F76E",
                        "Arn"
                      ]
                    },
                    "/*"
                  ]
                ]
              }
            }
          ],
          "Version": "2012-10-17"
        }
      },
      "Metadata": {
        "cfn_nag": {
          "rules_to_suppress": [
            {
              "id": "F16",
              "reason": "Public website bucket policy requires a wildcard principal"
            }
          ]
        }
      }
    },
    "testcloudfronts3SetHttpSecurityHeadersServiceRole74D1E252": {
      "Type": "AWS::IAM::Role",
      "Properties": {
        "AssumeRolePolicyDocument": {
          "Statement": [
            {
              "Action": "sts:AssumeRole",
              "Effect": "Allow",
              "Principal": {
                "Service": "lambda.amazonaws.com"
              }
            },
            {
              "Action": "sts:AssumeRole",
              "Effect": "Allow",
              "Principal": {
                "Service": "edgelambda.amazonaws.com"
              }
            }
          ],
          "Version": "2012-10-17"
        },
        "Policies": [
          {
            "PolicyDocument": {
              "Statement": [
                {
                  "Action": [
                    "logs:CreateLogGroup",
                    "logs:CreateLogStream",
                    "logs:PutLogEvents"
                  ],
                  "Effect": "Allow",
                  "Resource": {
                    "Fn::Join": [
                      "",
                      [
                        "arn:",
                        {
                          "Ref": "AWS::Partition"
                        },
                        ":logs:",
                        {
                          "Ref": "AWS::Region"
                        },
                        ":",
                        {
                          "Ref": "AWS::AccountId"
                        },
                        ":log-group:/aws/lambda/*"
                      ]
                    ]
                  }
                }
              ],
              "Version": "2012-10-17"
            },
            "PolicyName": "LambdaFunctionServiceRolePolicy"
          }
        ]
      }
    },
    "testcloudfronts3SetHttpSecurityHeadersServiceRoleDefaultPolicy7A7EF47A": {
      "Type": "AWS::IAM::Policy",
      "Properties": {
        "PolicyDocument": {
          "Statement": [
            {
              "Action": [
                "xray:PutTraceSegments",
                "xray:PutTelemetryRecords"
              ],
              "Effect": "Allow",
              "Resource": "*"
            }
          ],
          "Version": "2012-10-17"
        },
        "PolicyName": "testcloudfronts3SetHttpSecurityHeadersServiceRoleDefaultPolicy7A7EF47A",
        "Roles": [
          {
            "Ref": "testcloudfronts3SetHttpSecurityHeadersServiceRole74D1E252"
          }
        ]
      },
      "Metadata": {
        "cfn_nag": {
          "rules_to_suppress": [
            {
              "id": "W12",
              "reason": "Lambda needs the following minimum required permissions to send trace data to X-Ray and access ENIs in a VPC."
            }
          ]
        }
      }
    },
    "testcloudfronts3SetHttpSecurityHeaders6C5A1E69": {
      "Type": "AWS::Lambda::Function",
      "Properties": {
        "Code": {
          "ZipFile": "exports.handler = (event, context, callback) => {           const response = event.Records[0].cf.response;           const headers = response.headers;           headers['x-xss-protection'] = [             {               key: 'X-XSS-Protection',               value: '1; mode=block'             }           ];           headers['x-frame-options'] = [             {               key: 'X-Frame-Options',               value: 'DENY'             }           ];           headers['x-content-type-options'] = [             {               key: 'X-Content-Type-Options',               value: 'nosniff'             }           ];           headers['strict-transport-security'] = [             {               key: 'Strict-Transport-Security',               value: 'max-age=63072000; includeSubdomains; preload'             }           ];           headers['referrer-policy'] = [             {               key: 'Referrer-Policy',               value: 'same-origin'             }           ];           headers['content-security-policy'] = [             {               key: 'Content-Security-Policy',               value: \"default-src 'none'; base-uri 'self'; img-src 'self'; script-src 'self'; style-src 'self' https:; object-src 'none'; frame-ancestors 'none'; font-src 'self' https:; form-action 'self'; manifest-src 'self'; connect-src 'self'\"              }           ];           callback(null, response);         };"
        },
        "Role": {
          "Fn::GetAtt": [
            "testcloudfronts3SetHttpSecurityHeadersServiceRole74D1E252",
            "Arn"
          ]
        },
        "Handler": "index.handler",
        "Runtime": "nodejs12.x",
        "TracingConfig": {
          "Mode": "Active"
        }
      },
      "DependsOn": [
        "testcloudfronts3SetHttpSecurityHeadersServiceRoleDefaultPolicy7A7EF47A",
        "testcloudfronts3SetHttpSecurityHeadersServiceRole74D1E252"
      ],
      "Metadata": {
        "cfn_nag": {
          "rules_to_suppress": [
            {
              "id": "W58",
              "reason": "Lambda functions has the required permission to write CloudWatch Logs. It uses custom policy instead of arn:aws:iam::aws:policy/service-role/AWSLambdaBasicExecutionRole with tighter permissions."
            },
            {
              "id": "W89",
              "reason": "This is not a rule for the general case, just for specific use cases/industries"
            },
            {
              "id": "W92",
              "reason": "Impossible for us to define the correct concurrency for clients"
            }
          ]
        }
      }
    },
    "testcloudfronts3SetHttpSecurityHeadersVersionF1C744BB": {
      "Type": "AWS::Lambda::Version",
      "Properties": {
        "FunctionName": {
          "Ref": "testcloudfronts3SetHttpSecurityHeaders6C5A1E69"
        }
      }
    },
    "testcloudfronts3CloudfrontLoggingBucket985C0FE8": {
      "Type": "AWS::S3::Bucket",
      "Properties": {
        "AccessControl": "LogDeliveryWrite",
        "BucketEncryption": {
          "ServerSideEncryptionConfiguration": [
            {
              "ServerSideEncryptionByDefault": {
                "SSEAlgorithm": "AES256"
              }
            }
          ]
        },
        "PublicAccessBlockConfiguration": {
          "BlockPublicAcls": true,
          "BlockPublicPolicy": true,
          "IgnorePublicAcls": true,
          "RestrictPublicBuckets": true
        }
      },
      "UpdateReplacePolicy": "Retain",
      "DeletionPolicy": "Retain",
      "Metadata": {
        "cfn_nag": {
          "rules_to_suppress": [
            {
              "id": "W35",
              "reason": "This S3 bucket is used as the access logging bucket for CloudFront Distribution"
            }
          ]
        }
      }
    },
    "testcloudfronts3CloudfrontLoggingBucketPolicyDF55851B": {
      "Type": "AWS::S3::BucketPolicy",
      "Properties": {
        "Bucket": {
          "Ref": "testcloudfronts3CloudfrontLoggingBucket985C0FE8"
        },
        "PolicyDocument": {
          "Statement": [
            {
              "Action": "*",
              "Condition": {
                "Bool": {
                  "aws:SecureTransport": "false"
                }
              },
              "Effect": "Deny",
              "Principal": "*",
              "Resource": {
                "Fn::Join": [
                  "",
                  [
                    {
                      "Fn::GetAtt": [
                        "testcloudfronts3CloudfrontLoggingBucket985C0FE8",
                        "Arn"
                      ]
                    },
                    "/*"
                  ]
                ]
              },
              "Sid": "HttpsOnly"
            }
          ],
          "Version": "2012-10-17"
        }
      }
    },
    "testcloudfronts3CloudFrontDistributionOrigin1S3Origin4695F058": {
      "Type": "AWS::CloudFront::CloudFrontOriginAccessIdentity",
      "Properties": {
        "CloudFrontOriginAccessIdentityConfig": {
          "Comment": "Identity for testcloudfronts3stacktestcloudfronts3CloudFrontDistributionOrigin1572F5BE9"
        }
      }
    },
    "testcloudfronts3CloudFrontDistribution0565DEE8": {
      "Type": "AWS::CloudFront::Distribution",
      "Properties": {
        "DistributionConfig": {
          "DefaultCacheBehavior": {
            "CachePolicyId": "658327ea-f89d-4fab-a63d-7e88639e58f6",
            "Compress": true,
            "LambdaFunctionAssociations": [
              {
                "EventType": "origin-response",
                "LambdaFunctionARN": {
                  "Ref": "testcloudfronts3SetHttpSecurityHeadersVersionF1C744BB"
                }
              }
            ],
            "TargetOriginId": "testcloudfronts3stacktestcloudfronts3CloudFrontDistributionOrigin1572F5BE9",
            "ViewerProtocolPolicy": "redirect-to-https"
          },
          "DefaultRootObject": "index.html",
          "Enabled": true,
          "HttpVersion": "http2",
          "IPV6Enabled": true,
          "Logging": {
            "Bucket": {
              "Fn::GetAtt": [
                "testcloudfronts3CloudfrontLoggingBucket985C0FE8",
                "RegionalDomainName"
              ]
            }
          },
          "Origins": [
            {
              "DomainName": {
                "Fn::GetAtt": [
                  "testcloudfronts3S3BucketE0C5F76E",
                  "RegionalDomainName"
                ]
              },
              "Id": "testcloudfronts3stacktestcloudfronts3CloudFrontDistributionOrigin1572F5BE9",
              "S3OriginConfig": {
                "OriginAccessIdentity": {
                  "Fn::Join": [
                    "",
                    [
                      "origin-access-identity/cloudfront/",
                      {
                        "Ref": "testcloudfronts3CloudFrontDistributionOrigin1S3Origin4695F058"
                      }
                    ]
                  ]
                }
              }
            }
          ]
        }
      },
      "Metadata": {
        "cfn_nag": {
          "rules_to_suppress": [
            {
              "id": "W70",
              "reason": "Since the distribution uses the CloudFront domain name, CloudFront automatically sets the security policy to TLSv1 regardless of the value of MinimumProtocolVersion"
            }
          ]
        }
      }
    }
  }
}