{
  "Description": "Integration Test for aws-cloudfront-s3",
  "Resources": {
    "cmkKey598B20B2": {
      "Type": "AWS::KMS::Key",
      "Properties": {
        "EnableKeyRotation": true,
        "KeyPolicy": {
          "Statement": [
            {
              "Action": "kms:*",
              "Effect": "Allow",
              "Principal": {
                "AWS": {
                  "Fn::Join": [
                    "",
                    [
                      "arn:",
                      {
                        "Ref": "AWS::Partition"
                      },
                      ":iam::",
                      {
                        "Ref": "AWS::AccountId"
                      },
                      ":root"
                    ]
                  ]
                }
              },
              "Resource": "*"
            }
          ],
          "Version": "2012-10-17"
        }
      },
      "UpdateReplacePolicy": "Delete",
      "DeletionPolicy": "Delete"
    },
    "existings3bucketencryptedwithcmkS3LoggingBucket2B2DE39B": {
      "Type": "AWS::S3::Bucket",
      "Properties": {
        "BucketEncryption": {
          "ServerSideEncryptionConfiguration": [
            {
              "ServerSideEncryptionByDefault": {
                "SSEAlgorithm": "AES256"
              }
            }
          ]
        },
        "PublicAccessBlockConfiguration": {
          "BlockPublicAcls": true,
          "BlockPublicPolicy": true,
          "IgnorePublicAcls": true,
          "RestrictPublicBuckets": true
        },
        "VersioningConfiguration": {
          "Status": "Enabled"
        }
      },
      "UpdateReplacePolicy": "Retain",
      "DeletionPolicy": "Retain",
      "Metadata": {
        "cfn_nag": {
          "rules_to_suppress": [
            {
              "id": "W35",
              "reason": "This S3 bucket is used as the access logging bucket for another bucket"
            }
          ]
        }
      }
    },
    "existings3bucketencryptedwithcmkS3LoggingBucketPolicy4A3AC1CB": {
      "Type": "AWS::S3::BucketPolicy",
      "Properties": {
        "Bucket": {
          "Ref": "existings3bucketencryptedwithcmkS3LoggingBucket2B2DE39B"
        },
        "PolicyDocument": {
          "Statement": [
            {
              "Action": "s3:*",
              "Condition": {
                "Bool": {
                  "aws:SecureTransport": "false"
                }
              },
              "Effect": "Deny",
              "Principal": {
                "AWS": "*"
              },
              "Resource": [
                {
                  "Fn::GetAtt": [
                    "existings3bucketencryptedwithcmkS3LoggingBucket2B2DE39B",
                    "Arn"
                  ]
                },
                {
                  "Fn::Join": [
                    "",
                    [
                      {
                        "Fn::GetAtt": [
                          "existings3bucketencryptedwithcmkS3LoggingBucket2B2DE39B",
                          "Arn"
                        ]
                      },
                      "/*"
                    ]
                  ]
                }
              ]
            },
            {
              "Action": "s3:PutObject",
              "Condition": {
                "ArnLike": {
                  "aws:SourceArn": {
                    "Fn::GetAtt": [
                      "existings3bucketencryptedwithcmkS3BucketCC461491",
                      "Arn"
                    ]
                  }
                },
                "StringEquals": {
                  "aws:SourceAccount": {
                    "Ref": "AWS::AccountId"
                  }
                }
              },
              "Effect": "Allow",
              "Principal": {
                "Service": "logging.s3.amazonaws.com"
              },
              "Resource": {
                "Fn::Join": [
                  "",
                  [
                    {
                      "Fn::GetAtt": [
                        "existings3bucketencryptedwithcmkS3LoggingBucket2B2DE39B",
                        "Arn"
                      ]
                    },
                    "/*"
                  ]
                ]
              }
            }
          ],
          "Version": "2012-10-17"
        }
      }
    },
    "existings3bucketencryptedwithcmkS3BucketCC461491": {
      "Type": "AWS::S3::Bucket",
      "Properties": {
        "BucketEncryption": {
          "ServerSideEncryptionConfiguration": [
            {
              "ServerSideEncryptionByDefault": {
                "KMSMasterKeyID": {
                  "Fn::GetAtt": [
                    "cmkKey598B20B2",
                    "Arn"
                  ]
                },
                "SSEAlgorithm": "aws:kms"
              }
            }
          ]
        },
        "LifecycleConfiguration": {
          "Rules": [
            {
              "NoncurrentVersionTransitions": [
                {
                  "StorageClass": "GLACIER",
                  "TransitionInDays": 90
                }
              ],
              "Status": "Enabled"
            }
          ]
        },
        "LoggingConfiguration": {
          "DestinationBucketName": {
            "Ref": "existings3bucketencryptedwithcmkS3LoggingBucket2B2DE39B"
          }
        },
        "PublicAccessBlockConfiguration": {
          "BlockPublicAcls": true,
          "BlockPublicPolicy": true,
          "IgnorePublicAcls": true,
          "RestrictPublicBuckets": true
        },
        "Tags": [
          {
            "Key": "aws-cdk:cr-owned:901caea6",
            "Value": "true"
          }
        ],
        "VersioningConfiguration": {
          "Status": "Enabled"
        }
      },
      "UpdateReplacePolicy": "Retain",
      "DeletionPolicy": "Retain"
    },
    "existings3bucketencryptedwithcmkS3BucketPolicyA1A37425": {
      "Type": "AWS::S3::BucketPolicy",
      "Properties": {
        "Bucket": {
          "Ref": "existings3bucketencryptedwithcmkS3BucketCC461491"
        },
        "PolicyDocument": {
          "Statement": [
            {
              "Action": "s3:*",
              "Condition": {
                "Bool": {
                  "aws:SecureTransport": "false"
                }
              },
              "Effect": "Deny",
              "Principal": {
                "AWS": "*"
              },
              "Resource": [
                {
                  "Fn::GetAtt": [
                    "existings3bucketencryptedwithcmkS3BucketCC461491",
                    "Arn"
                  ]
                },
                {
                  "Fn::Join": [
                    "",
                    [
                      {
                        "Fn::GetAtt": [
                          "existings3bucketencryptedwithcmkS3BucketCC461491",
                          "Arn"
                        ]
                      },
                      "/*"
                    ]
                  ]
                }
              ]
            },
            {
              "Action": "s3:GetObject",
              "Condition": {
                "StringEquals": {
                  "AWS:SourceArn": {
                    "Fn::Join": [
                      "",
                      [
                        "arn:aws:cloudfront::",
                        {
                          "Ref": "AWS::AccountId"
                        },
                        ":distribution/",
                        {
                          "Ref": "testcloudfronts3cmkencryptionkeyCloudFrontDistribution57C8A907"
                        }
                      ]
                    ]
                  }
                }
              },
              "Effect": "Allow",
              "Principal": {
                "Service": "cloudfront.amazonaws.com"
              },
              "Resource": {
                "Fn::Join": [
                  "",
                  [
                    {
                      "Fn::GetAtt": [
                        "existings3bucketencryptedwithcmkS3BucketCC461491",
                        "Arn"
                      ]
                    },
                    "/*"
                  ]
                ]
              }
            }
          ],
          "Version": "2012-10-17"
        }
      },
      "Metadata": {
        "cfn_nag": {
          "rules_to_suppress": [
            {
              "id": "F16",
              "reason": "Public website bucket policy requires a wildcard principal"
            }
          ]
        }
      }
    },
    "testcloudfronts3cmkencryptionkeyCloudfrontLoggingBucketAccessLog8863921C": {
      "Type": "AWS::S3::Bucket",
      "Properties": {
        "BucketEncryption": {
          "ServerSideEncryptionConfiguration": [
            {
              "ServerSideEncryptionByDefault": {
                "SSEAlgorithm": "AES256"
              }
            }
          ]
        },
        "OwnershipControls": {
          "Rules": [
            {
              "ObjectOwnership": "ObjectWriter"
            }
          ]
        },
        "PublicAccessBlockConfiguration": {
          "BlockPublicAcls": true,
          "BlockPublicPolicy": true,
          "IgnorePublicAcls": true,
          "RestrictPublicBuckets": true
        },
        "VersioningConfiguration": {
          "Status": "Enabled"
        }
      },
      "UpdateReplacePolicy": "Retain",
      "DeletionPolicy": "Retain",
      "Metadata": {
        "cfn_nag": {
          "rules_to_suppress": [
            {
              "id": "W35",
              "reason": "This S3 bucket is used as the access logging bucket for another bucket"
            }
          ]
        }
      }
    },
    "testcloudfronts3cmkencryptionkeyCloudfrontLoggingBucketAccessLogPolicy8F931BD7": {
      "Type": "AWS::S3::BucketPolicy",
      "Properties": {
        "Bucket": {
          "Ref": "testcloudfronts3cmkencryptionkeyCloudfrontLoggingBucketAccessLog8863921C"
        },
        "PolicyDocument": {
          "Statement": [
            {
              "Action": "s3:*",
              "Condition": {
                "Bool": {
                  "aws:SecureTransport": "false"
                }
              },
              "Effect": "Deny",
              "Principal": {
                "AWS": "*"
              },
              "Resource": [
                {
                  "Fn::GetAtt": [
                    "testcloudfronts3cmkencryptionkeyCloudfrontLoggingBucketAccessLog8863921C",
                    "Arn"
                  ]
                },
                {
                  "Fn::Join": [
                    "",
                    [
                      {
                        "Fn::GetAtt": [
                          "testcloudfronts3cmkencryptionkeyCloudfrontLoggingBucketAccessLog8863921C",
                          "Arn"
                        ]
                      },
                      "/*"
                    ]
                  ]
                }
              ]
            },
            {
              "Action": "s3:PutObject",
              "Condition": {
                "ArnLike": {
                  "aws:SourceArn": {
                    "Fn::GetAtt": [
                      "testcloudfronts3cmkencryptionkeyCloudfrontLoggingBucket7C1787CD",
                      "Arn"
                    ]
                  }
                },
                "StringEquals": {
                  "aws:SourceAccount": {
                    "Ref": "AWS::AccountId"
                  }
                }
              },
              "Effect": "Allow",
              "Principal": {
                "Service": "logging.s3.amazonaws.com"
              },
              "Resource": {
                "Fn::Join": [
                  "",
                  [
                    {
                      "Fn::GetAtt": [
                        "testcloudfronts3cmkencryptionkeyCloudfrontLoggingBucketAccessLog8863921C",
                        "Arn"
                      ]
                    },
                    "/*"
                  ]
                ]
              }
            }
          ],
          "Version": "2012-10-17"
        }
      }
    },
    "testcloudfronts3cmkencryptionkeyCloudfrontLoggingBucket7C1787CD": {
      "Type": "AWS::S3::Bucket",
      "Properties": {
        "AccessControl": "LogDeliveryWrite",
        "BucketEncryption": {
          "ServerSideEncryptionConfiguration": [
            {
              "ServerSideEncryptionByDefault": {
                "SSEAlgorithm": "AES256"
              }
            }
          ]
        },
        "LoggingConfiguration": {
          "DestinationBucketName": {
            "Ref": "testcloudfronts3cmkencryptionkeyCloudfrontLoggingBucketAccessLog8863921C"
          }
        },
        "OwnershipControls": {
          "Rules": [
            {
              "ObjectOwnership": "ObjectWriter"
            }
          ]
        },
        "PublicAccessBlockConfiguration": {
          "BlockPublicAcls": true,
          "BlockPublicPolicy": true,
          "IgnorePublicAcls": true,
          "RestrictPublicBuckets": true
        },
        "VersioningConfiguration": {
          "Status": "Enabled"
        }
      },
      "UpdateReplacePolicy": "Retain",
      "DeletionPolicy": "Retain"
    },
    "testcloudfronts3cmkencryptionkeyCloudfrontLoggingBucketPolicy5E737735": {
      "Type": "AWS::S3::BucketPolicy",
      "Properties": {
        "Bucket": {
          "Ref": "testcloudfronts3cmkencryptionkeyCloudfrontLoggingBucket7C1787CD"
        },
        "PolicyDocument": {
          "Statement": [
            {
              "Action": "s3:*",
              "Condition": {
                "Bool": {
                  "aws:SecureTransport": "false"
                }
              },
              "Effect": "Deny",
              "Principal": {
                "AWS": "*"
              },
              "Resource": [
                {
                  "Fn::GetAtt": [
                    "testcloudfronts3cmkencryptionkeyCloudfrontLoggingBucket7C1787CD",
                    "Arn"
                  ]
                },
                {
                  "Fn::Join": [
                    "",
                    [
                      {
                        "Fn::GetAtt": [
                          "testcloudfronts3cmkencryptionkeyCloudfrontLoggingBucket7C1787CD",
                          "Arn"
                        ]
                      },
                      "/*"
                    ]
                  ]
                }
              ]
            }
          ],
          "Version": "2012-10-17"
        }
      }
    },
    "testcloudfronts3cmkencryptionkeyCloudFrontOac4EFECBD9": {
      "Type": "AWS::CloudFront::OriginAccessControl",
      "Properties": {
        "OriginAccessControlConfig": {
          "Name": {
            "Fn::Join": [
              "",
              [
                "aws-cloudfront-s3-",
                {
                  "Fn::Select": [
                    2,
                    {
                      "Fn::Split": [
                        "/",
                        {
                          "Ref": "AWS::StackId"
                        }
                      ]
                    }
                  ]
                }
              ]
            ]
          },
          "OriginAccessControlOriginType": "s3",
          "SigningBehavior": "always",
          "SigningProtocol": "sigv4"
        }
      }
    },
    "testcloudfronts3cmkencryptionkeyCloudFrontDistribution57C8A907": {
      "Type": "AWS::CloudFront::Distribution",
      "Properties": {
        "DistributionConfig": {
          "DefaultCacheBehavior": {
            "CachePolicyId": "658327ea-f89d-4fab-a63d-7e88639e58f6",
            "Compress": true,
            "TargetOriginId": "cfts3bucketencryptedwithcmkprovidedasexistingbuckettestcloudfronts3cmkencryptionkeyCloudFrontDistributionOrigin128E2E2A5",
            "ViewerProtocolPolicy": "redirect-to-https"
          },
          "DefaultRootObject": "index.html",
          "Enabled": true,
          "HttpVersion": "http2",
          "IPV6Enabled": true,
          "Logging": {
            "Bucket": {
              "Fn::GetAtt": [
                "testcloudfronts3cmkencryptionkeyCloudfrontLoggingBucket7C1787CD",
                "RegionalDomainName"
              ]
            }
          },
          "Origins": [
            {
              "DomainName": {
                "Fn::GetAtt": [
                  "existings3bucketencryptedwithcmkS3BucketCC461491",
                  "RegionalDomainName"
                ]
              },
              "Id": "cfts3bucketencryptedwithcmkprovidedasexistingbuckettestcloudfronts3cmkencryptionkeyCloudFrontDistributionOrigin128E2E2A5",
              "OriginAccessControlId": {
                "Fn::GetAtt": [
                  "testcloudfronts3cmkencryptionkeyCloudFrontOac4EFECBD9",
                  "Id"
                ]
              },
              "S3OriginConfig": {}
            }
          ]
        }
      },
      "Metadata": {
        "cfn_nag": {
          "rules_to_suppress": [
            {
              "id": "W70",
              "reason": "Since the distribution uses the CloudFront domain name, CloudFront automatically sets the security policy to TLSv1 regardless of the value of MinimumProtocolVersion"
            }
          ]
        }
      }
    },
    "testcloudfronts3cmkencryptionkeyKmsKeyPolicyUpdateLambdaRoleB7BBA8A2": {
      "Type": "AWS::IAM::Role",
      "Properties": {
        "AssumeRolePolicyDocument": {
          "Statement": [
            {
              "Action": "sts:AssumeRole",
              "Effect": "Allow",
              "Principal": {
                "Service": "lambda.amazonaws.com"
              }
            }
          ],
          "Version": "2012-10-17"
        },
        "Description": "Role to update kms key policy to allow cloudfront access",
        "Policies": [
          {
            "PolicyDocument": {
              "Statement": [
                {
                  "Action": [
                    "kms:PutKeyPolicy",
                    "kms:GetKeyPolicy",
                    "kms:DescribeKey"
                  ],
                  "Effect": "Allow",
                  "Resource": {
                    "Fn::GetAtt": [
                      "cmkKey598B20B2",
                      "Arn"
                    ]
                  }
                }
              ],
              "Version": "2012-10-17"
            },
            "PolicyName": "KmsPolicy"
          },
          {
            "PolicyDocument": {
              "Statement": [
                {
                  "Action": "logs:CreateLogGroup",
                  "Effect": "Allow",
                  "Resource": {
                    "Fn::Join": [
                      "",
                      [
                        "arn:",
                        {
                          "Ref": "AWS::Partition"
                        },
                        ":logs:",
                        {
                          "Ref": "AWS::Region"
                        },
                        ":",
                        {
                          "Ref": "AWS::AccountId"
                        },
                        ":*"
                      ]
                    ]
                  }
                }
              ],
              "Version": "2012-10-17"
            },
            "PolicyName": "CWLogsPolicy"
          }
        ]
      }
    },
    "testcloudfronts3cmkencryptionkeyKmsKeyPolicyUpdateLambdaRoleDefaultPolicy0E93FCDF": {
      "Type": "AWS::IAM::Policy",
      "Properties": {
        "PolicyDocument": {
          "Statement": [
            {
              "Action": [
                "xray:PutTraceSegments",
                "xray:PutTelemetryRecords"
              ],
              "Effect": "Allow",
              "Resource": "*"
            }
          ],
          "Version": "2012-10-17"
        },
        "PolicyName": "testcloudfronts3cmkencryptionkeyKmsKeyPolicyUpdateLambdaRoleDefaultPolicy0E93FCDF",
        "Roles": [
          {
            "Ref": "testcloudfronts3cmkencryptionkeyKmsKeyPolicyUpdateLambdaRoleB7BBA8A2"
          }
        ]
      },
      "Metadata": {
        "cfn_nag": {
          "rules_to_suppress": [
            {
              "id": "W12",
              "reason": "Lambda needs the following minimum required permissions to send trace data to X-Ray and access ENIs in a VPC."
            }
          ]
        }
      }
    },
    "testcloudfronts3cmkencryptionkeyLambdaFunctionServiceRole85783D1D": {
      "Type": "AWS::IAM::Role",
      "Properties": {
        "AssumeRolePolicyDocument": {
          "Statement": [
            {
              "Action": "sts:AssumeRole",
              "Effect": "Allow",
              "Principal": {
                "Service": "lambda.amazonaws.com"
              }
            }
          ],
          "Version": "2012-10-17"
        },
        "Policies": [
          {
            "PolicyDocument": {
              "Statement": [
                {
                  "Action": [
                    "logs:CreateLogGroup",
                    "logs:CreateLogStream",
                    "logs:PutLogEvents"
                  ],
                  "Effect": "Allow",
                  "Resource": {
                    "Fn::Join": [
                      "",
                      [
                        "arn:",
                        {
                          "Ref": "AWS::Partition"
                        },
                        ":logs:",
                        {
                          "Ref": "AWS::Region"
                        },
                        ":",
                        {
                          "Ref": "AWS::AccountId"
                        },
                        ":log-group:/aws/lambda/*"
                      ]
                    ]
                  }
                }
              ],
              "Version": "2012-10-17"
            },
            "PolicyName": "LambdaFunctionServiceRolePolicy"
          }
        ]
      }
    },
    "testcloudfronts3cmkencryptionkeyLambdaFunction4DCD662E": {
      "Type": "AWS::Lambda::Function",
      "Properties": {
        "Code": {
          "S3Bucket": {
            "Fn::Sub": "cdk-hnb659fds-assets-${AWS::AccountId}-${AWS::Region}"
          },
          "S3Key": "6b2c2db264b4eb57e809e3b9471fd1aa04141576043a0d13c5c55ecaf2a7e7c6.zip"
        },
        "Description": "kms-key-policy-updater",
        "Handler": "index.handler",
        "Role": {
          "Fn::GetAtt": [
            "testcloudfronts3cmkencryptionkeyKmsKeyPolicyUpdateLambdaRoleB7BBA8A2",
            "Arn"
          ]
        },
        "Runtime": "nodejs18.x",
        "TracingConfig": {
          "Mode": "Active"
        }
      },
      "DependsOn": [
        "testcloudfronts3cmkencryptionkeyKmsKeyPolicyUpdateLambdaRoleDefaultPolicy0E93FCDF",
        "testcloudfronts3cmkencryptionkeyKmsKeyPolicyUpdateLambdaRoleB7BBA8A2"
      ],
      "Metadata": {
        "cfn_nag": {
          "rules_to_suppress": [
            {
              "id": "W58",
              "reason": "Lambda functions has the required permission to write CloudWatch Logs. It uses custom policy instead of arn:aws:iam::aws:policy/service-role/AWSLambdaBasicExecutionRole with tighter permissions."
            },
            {
              "id": "W89",
              "reason": "This is not a rule for the general case, just for specific use cases/industries"
            },
            {
              "id": "W92",
              "reason": "Impossible for us to define the correct concurrency for clients"
            }
          ]
        }
      }
    },
    "testcloudfronts3cmkencryptionkeyKmsKeyPolicyUpdateProviderframeworkonEventServiceRole3D4040AD": {
      "Type": "AWS::IAM::Role",
      "Properties": {
        "AssumeRolePolicyDocument": {
          "Statement": [
            {
              "Action": "sts:AssumeRole",
              "Effect": "Allow",
              "Principal": {
                "Service": "lambda.amazonaws.com"
              }
            }
          ],
          "Version": "2012-10-17"
        },
        "ManagedPolicyArns": [
          {
            "Fn::Join": [
              "",
              [
                "arn:",
                {
                  "Ref": "AWS::Partition"
                },
                ":iam::aws:policy/service-role/AWSLambdaBasicExecutionRole"
              ]
            ]
          }
        ]
      }
    },
    "testcloudfronts3cmkencryptionkeyKmsKeyPolicyUpdateProviderframeworkonEventServiceRoleDefaultPolicy066CD751": {
      "Type": "AWS::IAM::Policy",
      "Properties": {
        "PolicyDocument": {
          "Statement": [
            {
              "Action": "lambda:InvokeFunction",
              "Effect": "Allow",
              "Resource": [
                {
                  "Fn::GetAtt": [
                    "testcloudfronts3cmkencryptionkeyLambdaFunction4DCD662E",
                    "Arn"
                  ]
                },
                {
                  "Fn::Join": [
                    "",
                    [
                      {
                        "Fn::GetAtt": [
                          "testcloudfronts3cmkencryptionkeyLambdaFunction4DCD662E",
                          "Arn"
                        ]
                      },
                      ":*"
                    ]
                  ]
                }
              ]
            }
          ],
          "Version": "2012-10-17"
        },
        "PolicyName": "testcloudfronts3cmkencryptionkeyKmsKeyPolicyUpdateProviderframeworkonEventServiceRoleDefaultPolicy066CD751",
        "Roles": [
          {
            "Ref": "testcloudfronts3cmkencryptionkeyKmsKeyPolicyUpdateProviderframeworkonEventServiceRole3D4040AD"
          }
        ]
      }
    },
    "testcloudfronts3cmkencryptionkeyKmsKeyPolicyUpdateProviderframeworkonEvent8BCBFC59": {
      "Type": "AWS::Lambda::Function",
      "Properties": {
        "Code": {
          "S3Bucket": {
            "Fn::Sub": "cdk-hnb659fds-assets-${AWS::AccountId}-${AWS::Region}"
          },
          "S3Key": "7382a0addb9f34974a1ea6c6c9b063882af874828f366f5c93b2b7b64db15c94.zip"
        },
        "Description": "AWS CDK resource provider framework - onEvent (cfts3-bucket-encrypted-with-cmk-provided-as-existingbucket/test-cloudfront-s3-cmk-encryption-key/KmsKeyPolicyUpdateProvider)",
        "Environment": {
          "Variables": {
            "USER_ON_EVENT_FUNCTION_ARN": {
              "Fn::GetAtt": [
                "testcloudfronts3cmkencryptionkeyLambdaFunction4DCD662E",
                "Arn"
              ]
            }
          }
        },
        "Handler": "framework.onEvent",
        "Role": {
          "Fn::GetAtt": [
            "testcloudfronts3cmkencryptionkeyKmsKeyPolicyUpdateProviderframeworkonEventServiceRole3D4040AD",
            "Arn"
          ]
        },
        "Runtime": "nodejs18.x",
        "Timeout": 900
      },
      "DependsOn": [
        "testcloudfronts3cmkencryptionkeyKmsKeyPolicyUpdateProviderframeworkonEventServiceRoleDefaultPolicy066CD751",
        "testcloudfronts3cmkencryptionkeyKmsKeyPolicyUpdateProviderframeworkonEventServiceRole3D4040AD"
      ],
      "Metadata": {
        "cfn_nag": {
          "rules_to_suppress": [
            {
              "id": "W58",
              "reason": "The CDK-provided lambda function that backs their Custom Resource Provider framework has an IAM role with the arn:aws:iam::aws:policy/service-role/AWSLambdaBasicExecutionRole Managed Policy attached, which grants permission to write to CloudWatch Logs"
            },
            {
              "id": "W89",
              "reason": "The CDK-provided lambda function that backs their Custom Resource Provider framework does not access VPC resources"
            },
            {
              "id": "W92",
              "reason": "The CDK-provided lambda function that backs their Custom Resource Provider framework does not define ReservedConcurrentExecutions"
            }
          ]
        }
      }
    },
    "testcloudfronts3cmkencryptionkeyKmsKeyPolicyUpdaterFAFEBF0F": {
      "Type": "Custom::KmsKeyPolicyUpdater",
      "Properties": {
        "ServiceToken": {
          "Fn::GetAtt": [
            "testcloudfronts3cmkencryptionkeyKmsKeyPolicyUpdateProviderframeworkonEvent8BCBFC59",
            "Arn"
          ]
        },
        "KmsKeyId": {
          "Ref": "cmkKey598B20B2"
        },
        "CloudFrontDistributionId": {
          "Ref": "testcloudfronts3cmkencryptionkeyCloudFrontDistribution57C8A907"
        },
        "AccountId": {
          "Ref": "AWS::AccountId"
        }
      },
      "UpdateReplacePolicy": "Delete",
      "DeletionPolicy": "Delete"
    },
    "DeployIndexFileAwsCliLayerEDBAD1E2": {
      "Type": "AWS::Lambda::LayerVersion",
      "Properties": {
        "Content": {
          "S3Bucket": {
            "Fn::Sub": "cdk-hnb659fds-assets-${AWS::AccountId}-${AWS::Region}"
          },
          "S3Key": "3fb6287214999ddeafa7cd0e3e58bc5144c8678bb720f3b5e45e8fd32f333eb3.zip"
        },
        "Description": "/opt/awscli/aws"
      }
    },
    "DeployIndexFileCustomResource48B0B818": {
      "Type": "Custom::CDKBucketDeployment",
      "Properties": {
        "ServiceToken": {
          "Fn::GetAtt": [
            "CustomCDKBucketDeployment8693BB64968944B69AAFB0CC9EB8756C81C01536",
            "Arn"
          ]
        },
        "SourceBucketNames": [
          {
            "Fn::Sub": "cdk-hnb659fds-assets-${AWS::AccountId}-${AWS::Region}"
          }
        ],
        "SourceObjectKeys": [
          "4186b43b16d4afe04f9777bf2ce78aa47c8c8ce176f0d3a2cbb2f9fb71c74642.zip"
        ],
        "SourceMarkers": [
          {}
        ],
        "DestinationBucketName": {
          "Ref": "existings3bucketencryptedwithcmkS3BucketCC461491"
        },
        "Prune": true
      },
      "UpdateReplacePolicy": "Delete",
      "DeletionPolicy": "Delete"
    },
    "CustomCDKBucketDeployment8693BB64968944B69AAFB0CC9EB8756CServiceRole89A01265": {
      "Type": "AWS::IAM::Role",
      "Properties": {
        "AssumeRolePolicyDocument": {
          "Statement": [
            {
              "Action": "sts:AssumeRole",
              "Effect": "Allow",
              "Principal": {
                "Service": "lambda.amazonaws.com"
              }
            }
          ],
          "Version": "2012-10-17"
        },
        "ManagedPolicyArns": [
          {
            "Fn::Join": [
              "",
              [
                "arn:",
                {
                  "Ref": "AWS::Partition"
                },
                ":iam::aws:policy/service-role/AWSLambdaBasicExecutionRole"
              ]
            ]
          }
        ]
      }
    },
    "CustomCDKBucketDeployment8693BB64968944B69AAFB0CC9EB8756CServiceRoleDefaultPolicy88902FDF": {
      "Type": "AWS::IAM::Policy",
      "Properties": {
        "PolicyDocument": {
          "Statement": [
            {
              "Action": [
                "s3:GetObject*",
                "s3:GetBucket*",
                "s3:List*"
              ],
              "Effect": "Allow",
              "Resource": [
                {
                  "Fn::Join": [
                    "",
                    [
                      "arn:",
                      {
                        "Ref": "AWS::Partition"
                      },
                      ":s3:::",
                      {
                        "Fn::Sub": "cdk-hnb659fds-assets-${AWS::AccountId}-${AWS::Region}"
                      }
                    ]
                  ]
                },
                {
                  "Fn::Join": [
                    "",
                    [
                      "arn:",
                      {
                        "Ref": "AWS::Partition"
                      },
                      ":s3:::",
                      {
                        "Fn::Sub": "cdk-hnb659fds-assets-${AWS::AccountId}-${AWS::Region}"
                      },
                      "/*"
                    ]
                  ]
                }
              ]
            },
            {
              "Action": [
                "s3:GetObject*",
                "s3:GetBucket*",
                "s3:List*",
                "s3:DeleteObject*",
                "s3:PutObject",
                "s3:PutObjectLegalHold",
                "s3:PutObjectRetention",
                "s3:PutObjectTagging",
                "s3:PutObjectVersionTagging",
                "s3:Abort*"
              ],
              "Effect": "Allow",
              "Resource": [
                {
                  "Fn::GetAtt": [
                    "existings3bucketencryptedwithcmkS3BucketCC461491",
                    "Arn"
                  ]
                },
                {
                  "Fn::Join": [
                    "",
                    [
                      {
                        "Fn::GetAtt": [
                          "existings3bucketencryptedwithcmkS3BucketCC461491",
                          "Arn"
                        ]
                      },
                      "/*"
                    ]
                  ]
                }
              ]
            },
            {
              "Action": [
                "kms:Decrypt",
                "kms:DescribeKey",
                "kms:Encrypt",
                "kms:ReEncrypt*",
                "kms:GenerateDataKey*"
              ],
              "Effect": "Allow",
              "Resource": {
                "Fn::GetAtt": [
                  "cmkKey598B20B2",
                  "Arn"
                ]
              }
            }
          ],
          "Version": "2012-10-17"
        },
        "PolicyName": "CustomCDKBucketDeployment8693BB64968944B69AAFB0CC9EB8756CServiceRoleDefaultPolicy88902FDF",
        "Roles": [
          {
            "Ref": "CustomCDKBucketDeployment8693BB64968944B69AAFB0CC9EB8756CServiceRole89A01265"
          }
        ]
      }
    },
    "CustomCDKBucketDeployment8693BB64968944B69AAFB0CC9EB8756C81C01536": {
      "Type": "AWS::Lambda::Function",
      "Properties": {
        "Code": {
          "S3Bucket": {
            "Fn::Sub": "cdk-hnb659fds-assets-${AWS::AccountId}-${AWS::Region}"
          },
          "S3Key": "0b1f5aa55d045066ed91316b823a808060c12737e0575ab7cefe2335324108b0.zip"
        },
        "Environment": {
          "Variables": {
            "AWS_CA_BUNDLE": "/etc/pki/ca-trust/extracted/pem/tls-ca-bundle.pem"
          }
        },
        "Handler": "index.handler",
        "Layers": [
          {
            "Ref": "DeployIndexFileAwsCliLayerEDBAD1E2"
          }
        ],
        "Role": {
          "Fn::GetAtt": [
            "CustomCDKBucketDeployment8693BB64968944B69AAFB0CC9EB8756CServiceRole89A01265",
            "Arn"
          ]
        },
        "Runtime": "python3.9",
        "Timeout": 900
      },
      "DependsOn": [
        "CustomCDKBucketDeployment8693BB64968944B69AAFB0CC9EB8756CServiceRoleDefaultPolicy88902FDF",
        "CustomCDKBucketDeployment8693BB64968944B69AAFB0CC9EB8756CServiceRole89A01265"
      ]
    }
  },
  "Parameters": {
    "BootstrapVersion": {
      "Type": "AWS::SSM::Parameter::Value<String>",
      "Default": "/cdk-bootstrap/hnb659fds/version",
      "Description": "Version of the CDK Bootstrap resources in this environment, automatically retrieved from SSM Parameter Store. [cdk:skip]"
    }
  },
  "Rules": {
    "CheckBootstrapVersion": {
      "Assertions": [
        {
          "Assert": {
            "Fn::Not": [
              {
                "Fn::Contains": [
                  [
                    "1",
                    "2",
                    "3",
                    "4",
                    "5"
                  ],
                  {
                    "Ref": "BootstrapVersion"
                  }
                ]
              }
            ]
          },
          "AssertDescription": "CDK bootstrap stack version 6 required. Please run 'cdk bootstrap' with a recent version of the CDK CLI."
        }
      ]
    }
  }
}