{
  "Description": "Integration Test for aws-kinesisstreams-kinesisfirehose-s3",
  "Resources": {
    "testkinesislambdaKinesisStream00F67958": {
      "Type": "AWS::Kinesis::Stream",
      "Properties": {
        "ShardCount": 1,
        "RetentionPeriodHours": 24,
        "StreamEncryption": {
          "EncryptionType": "KMS",
          "KeyId": "alias/aws/kinesis"
        }
      }
    },
    "testkinesislambdaLambdaFunctionServiceRole965E2A08": {
      "Type": "AWS::IAM::Role",
      "Properties": {
        "AssumeRolePolicyDocument": {
          "Statement": [
            {
              "Action": "sts:AssumeRole",
              "Effect": "Allow",
              "Principal": {
                "Service": "lambda.amazonaws.com"
              }
            }
          ],
          "Version": "2012-10-17"
        },
        "Policies": [
          {
            "PolicyDocument": {
              "Statement": [
                {
                  "Action": [
                    "logs:CreateLogGroup",
                    "logs:CreateLogStream",
                    "logs:PutLogEvents"
                  ],
                  "Effect": "Allow",
                  "Resource": {
                    "Fn::Join": [
                      "",
                      [
                        "arn:",
                        {
                          "Ref": "AWS::Partition"
                        },
                        ":logs:",
                        {
                          "Ref": "AWS::Region"
                        },
                        ":",
                        {
                          "Ref": "AWS::AccountId"
                        },
                        ":log-group:/aws/lambda/*"
                      ]
                    ]
                  }
                }
              ],
              "Version": "2012-10-17"
            },
            "PolicyName": "LambdaFunctionServiceRolePolicy"
          }
        ]
      }
    },
    "testkinesislambdaLambdaFunctionServiceRoleDefaultPolicy6FF6B6A5": {
      "Type": "AWS::IAM::Policy",
      "Properties": {
        "PolicyDocument": {
          "Statement": [
            {
              "Action": [
                "xray:PutTraceSegments",
                "xray:PutTelemetryRecords"
              ],
              "Effect": "Allow",
              "Resource": "*"
            },
            {
              "Action": [
                "kinesis:DescribeStreamSummary",
                "kinesis:GetRecords",
                "kinesis:GetShardIterator",
                "kinesis:ListShards",
                "kinesis:SubscribeToShard"
              ],
              "Effect": "Allow",
              "Resource": {
                "Fn::GetAtt": [
                  "testkinesislambdaKinesisStream00F67958",
                  "Arn"
                ]
              }
            },
            {
              "Action": [
                "sqs:SendMessage",
                "sqs:GetQueueAttributes",
                "sqs:GetQueueUrl"
              ],
              "Effect": "Allow",
              "Resource": {
                "Fn::GetAtt": [
                  "testkinesislambdaSqsDlqQueueA754ACEA",
                  "Arn"
                ]
              }
            },
            {
              "Action": "kinesis:DescribeStream",
              "Effect": "Allow",
              "Resource": {
                "Fn::GetAtt": [
                  "testkinesislambdaKinesisStream00F67958",
                  "Arn"
                ]
              }
            }
          ],
          "Version": "2012-10-17"
        },
        "PolicyName": "testkinesislambdaLambdaFunctionServiceRoleDefaultPolicy6FF6B6A5",
        "Roles": [
          {
            "Ref": "testkinesislambdaLambdaFunctionServiceRole965E2A08"
          }
        ]
      },
      "Metadata": {
        "cfn_nag": {
          "rules_to_suppress": [
            {
              "id": "W12",
              "reason": "Lambda needs the following minimum required permissions to send trace data to X-Ray and access ENIs in a VPC."
            }
          ]
        }
      }
    },
    "testkinesislambdaLambdaFunction7F18F840": {
      "Type": "AWS::Lambda::Function",
      "Properties": {
        "Code": {
          "S3Bucket": {
            "Ref": "AssetParametersdfe828a7d00b0da7a6e92dc1decf39ec907e4edc6006faea8631d4dabd7f4fcdS3BucketA460830B"
          },
          "S3Key": {
            "Fn::Join": [
              "",
              [
                {
                  "Fn::Select": [
                    0,
                    {
                      "Fn::Split": [
                        "||",
                        {
                          "Ref": "AssetParametersdfe828a7d00b0da7a6e92dc1decf39ec907e4edc6006faea8631d4dabd7f4fcdS3VersionKey58FEB9E6"
                        }
                      ]
                    }
                  ]
                },
                {
                  "Fn::Select": [
                    1,
                    {
                      "Fn::Split": [
                        "||",
                        {
                          "Ref": "AssetParametersdfe828a7d00b0da7a6e92dc1decf39ec907e4edc6006faea8631d4dabd7f4fcdS3VersionKey58FEB9E6"
                        }
                      ]
                    }
                  ]
                }
              ]
            ]
          }
        },
        "Role": {
          "Fn::GetAtt": [
            "testkinesislambdaLambdaFunctionServiceRole965E2A08",
            "Arn"
          ]
        },
        "Environment": {
          "Variables": {
            "AWS_NODEJS_CONNECTION_REUSE_ENABLED": "1"
          }
        },
        "Handler": "index.handler",
        "Runtime": "nodejs10.x",
        "TracingConfig": {
          "Mode": "Active"
        }
      },
      "DependsOn": [
        "testkinesislambdaLambdaFunctionServiceRoleDefaultPolicy6FF6B6A5",
        "testkinesislambdaLambdaFunctionServiceRole965E2A08"
      ],
      "Metadata": {
        "cfn_nag": {
          "rules_to_suppress": [
            {
              "id": "W58",
              "reason": "Lambda functions has the required permission to write CloudWatch Logs. It uses custom policy instead of arn:aws:iam::aws:policy/service-role/AWSLambdaBasicExecutionRole with tighter permissions."
            },
            {
              "id": "W89",
              "reason": "This is not a rule for the general case, just for specific use cases/industries"
            },
            {
              "id": "W92",
              "reason": "Impossible for us to define the correct concurrency for clients"
            }
          ]
        }
      }
    },
    "testkinesislambdaLambdaFunctionKinesisEventSourcetestexistingstreamfirehoses3stacktestkinesislambdaKinesisStreamA03203A0C559479F": {
      "Type": "AWS::Lambda::EventSourceMapping",
      "Properties": {
        "FunctionName": {
          "Ref": "testkinesislambdaLambdaFunction7F18F840"
        },
        "BatchSize": 100,
        "BisectBatchOnFunctionError": true,
        "DestinationConfig": {
          "OnFailure": {
            "Destination": {
              "Fn::GetAtt": [
                "testkinesislambdaSqsDlqQueueA754ACEA",
                "Arn"
              ]
            }
          }
        },
        "EventSourceArn": {
          "Fn::GetAtt": [
            "testkinesislambdaKinesisStream00F67958",
            "Arn"
          ]
        },
        "MaximumRecordAgeInSeconds": 86400,
        "MaximumRetryAttempts": 500,
        "StartingPosition": "TRIM_HORIZON"
      }
    },
    "testkinesislambdaSqsDlqQueueA754ACEA": {
      "Type": "AWS::SQS::Queue",
      "Properties": {
        "KmsMasterKeyId": "alias/aws/sqs"
      },
      "UpdateReplacePolicy": "Delete",
      "DeletionPolicy": "Delete"
    },
    "testkinesislambdaSqsDlqQueuePolicy38A92DE9": {
      "Type": "AWS::SQS::QueuePolicy",
      "Properties": {
        "PolicyDocument": {
          "Statement": [
            {
              "Action": [
                "sqs:DeleteMessage",
                "sqs:ReceiveMessage",
                "sqs:SendMessage",
                "sqs:GetQueueAttributes",
                "sqs:RemovePermission",
                "sqs:AddPermission",
                "sqs:SetQueueAttributes"
              ],
              "Effect": "Allow",
              "Principal": {
                "AWS": {
                  "Fn::Join": [
                    "",
                    [
                      "arn:",
                      {
                        "Ref": "AWS::Partition"
                      },
                      ":iam::",
                      {
                        "Ref": "AWS::AccountId"
                      },
                      ":root"
                    ]
                  ]
                }
              },
              "Resource": {
                "Fn::GetAtt": [
                  "testkinesislambdaSqsDlqQueueA754ACEA",
                  "Arn"
                ]
              },
              "Sid": "QueueOwnerOnlyAccess"
            },
            {
              "Action": "SQS:*",
              "Condition": {
                "Bool": {
                  "aws:SecureTransport": "false"
                }
              },
              "Effect": "Deny",
              "Principal": "*",
              "Resource": {
                "Fn::GetAtt": [
                  "testkinesislambdaSqsDlqQueueA754ACEA",
                  "Arn"
                ]
              },
              "Sid": "HttpsOnly"
            }
          ],
          "Version": "2012-10-17"
        },
        "Queues": [
          {
            "Ref": "testkinesislambdaSqsDlqQueueA754ACEA"
          }
        ]
      }
    },
    "testkinesislambdaKinesisStreamGetRecordsIteratorAgeAlarm99DB34B3": {
      "Type": "AWS::CloudWatch::Alarm",
      "Properties": {
        "ComparisonOperator": "GreaterThanOrEqualToThreshold",
        "EvaluationPeriods": 1,
        "AlarmDescription": "Consumer Record Processing Falling Behind, there is risk for data loss due to record expiration.",
        "MetricName": "GetRecords.IteratorAgeMilliseconds",
        "Namespace": "AWS/Kinesis",
        "Period": 300,
        "Statistic": "Maximum",
        "Threshold": 2592000
      }
    },
    "testkinesislambdaKinesisStreamReadProvisionedThroughputExceededAlarmAE98686F": {
      "Type": "AWS::CloudWatch::Alarm",
      "Properties": {
        "ComparisonOperator": "GreaterThanThreshold",
        "EvaluationPeriods": 1,
        "AlarmDescription": "Consumer Application is Reading at a Slower Rate Than Expected.",
        "MetricName": "ReadProvisionedThroughputExceeded",
        "Namespace": "AWS/Kinesis",
        "Period": 300,
        "Statistic": "Average",
        "Threshold": 0
      }
    },
    "testexistingstreamfirehoses3stackKinesisFirehoseToS3S3LoggingBucketBE173630": {
      "Type": "AWS::S3::Bucket",
      "Properties": {
        "AccessControl": "LogDeliveryWrite",
        "BucketEncryption": {
          "ServerSideEncryptionConfiguration": [
            {
              "ServerSideEncryptionByDefault": {
                "SSEAlgorithm": "AES256"
              }
            }
          ]
        },
        "PublicAccessBlockConfiguration": {
          "BlockPublicAcls": true,
          "BlockPublicPolicy": true,
          "IgnorePublicAcls": true,
          "RestrictPublicBuckets": true
        }
      },
      "UpdateReplacePolicy": "Delete",
      "DeletionPolicy": "Delete",
      "Metadata": {
        "cfn_nag": {
          "rules_to_suppress": [
            {
              "id": "W35",
              "reason": "This S3 bucket is used as the access logging bucket for another bucket"
            }
          ]
        }
      }
    },
    "testexistingstreamfirehoses3stackKinesisFirehoseToS3S3LoggingBucketPolicy0BA2CCA5": {
      "Type": "AWS::S3::BucketPolicy",
      "Properties": {
        "Bucket": {
          "Ref": "testexistingstreamfirehoses3stackKinesisFirehoseToS3S3LoggingBucketBE173630"
        },
        "PolicyDocument": {
          "Statement": [
            {
              "Action": "*",
              "Condition": {
                "Bool": {
                  "aws:SecureTransport": "false"
                }
              },
              "Effect": "Deny",
              "Principal": "*",
              "Resource": {
                "Fn::Join": [
                  "",
                  [
                    {
                      "Fn::GetAtt": [
                        "testexistingstreamfirehoses3stackKinesisFirehoseToS3S3LoggingBucketBE173630",
                        "Arn"
                      ]
                    },
                    "/*"
                  ]
                ]
              },
              "Sid": "HttpsOnly"
            }
          ],
          "Version": "2012-10-17"
        }
      }
    },
    "testexistingstreamfirehoses3stackKinesisFirehoseToS3S3BucketF4CE72AB": {
      "Type": "AWS::S3::Bucket",
      "Properties": {
        "BucketEncryption": {
          "ServerSideEncryptionConfiguration": [
            {
              "ServerSideEncryptionByDefault": {
                "SSEAlgorithm": "AES256"
              }
            }
          ]
        },
        "LifecycleConfiguration": {
          "Rules": [
            {
              "NoncurrentVersionTransitions": [
                {
                  "StorageClass": "GLACIER",
                  "TransitionInDays": 90
                }
              ],
              "Status": "Enabled"
            }
          ]
        },
        "LoggingConfiguration": {
          "DestinationBucketName": {
            "Ref": "testexistingstreamfirehoses3stackKinesisFirehoseToS3S3LoggingBucketBE173630"
          }
        },
        "PublicAccessBlockConfiguration": {
          "BlockPublicAcls": true,
          "BlockPublicPolicy": true,
          "IgnorePublicAcls": true,
          "RestrictPublicBuckets": true
        },
        "VersioningConfiguration": {
          "Status": "Enabled"
        }
      },
      "UpdateReplacePolicy": "Delete",
      "DeletionPolicy": "Delete"
    },
    "testexistingstreamfirehoses3stackKinesisFirehoseToS3S3BucketPolicy9448E597": {
      "Type": "AWS::S3::BucketPolicy",
      "Properties": {
        "Bucket": {
          "Ref": "testexistingstreamfirehoses3stackKinesisFirehoseToS3S3BucketF4CE72AB"
        },
        "PolicyDocument": {
          "Statement": [
            {
              "Action": "*",
              "Condition": {
                "Bool": {
                  "aws:SecureTransport": "false"
                }
              },
              "Effect": "Deny",
              "Principal": "*",
              "Resource": {
                "Fn::Join": [
                  "",
                  [
                    {
                      "Fn::GetAtt": [
                        "testexistingstreamfirehoses3stackKinesisFirehoseToS3S3BucketF4CE72AB",
                        "Arn"
                      ]
                    },
                    "/*"
                  ]
                ]
              },
              "Sid": "HttpsOnly"
            }
          ],
          "Version": "2012-10-17"
        }
      }
    },
    "testexistingstreamfirehoses3stackKinesisFirehoseToS3firehoseloggroupE425A6C8": {
      "Type": "AWS::Logs::LogGroup",
      "UpdateReplacePolicy": "Retain",
      "DeletionPolicy": "Retain",
      "Metadata": {
        "cfn_nag": {
          "rules_to_suppress": [
            {
              "id": "W86",
              "reason": "Retention period for CloudWatchLogs LogGroups are set to 'Never Expire' to preserve customer data indefinitely"
            },
            {
              "id": "W84",
              "reason": "By default CloudWatchLogs LogGroups data is encrypted using the CloudWatch server-side encryption keys (AWS Managed Keys)"
            }
          ]
        }
      }
    },
    "testexistingstreamfirehoses3stackKinesisFirehoseToS3firehoseloggroupfirehoselogstream5F77A011": {
      "Type": "AWS::Logs::LogStream",
      "Properties": {
        "LogGroupName": {
          "Ref": "testexistingstreamfirehoses3stackKinesisFirehoseToS3firehoseloggroupE425A6C8"
        }
      },
      "UpdateReplacePolicy": "Retain",
      "DeletionPolicy": "Retain"
    },
    "testexistingstreamfirehoses3stackKinesisFirehoseToS3KinesisFirehoseRoleE4B0266E": {
      "Type": "AWS::IAM::Role",
      "Properties": {
        "AssumeRolePolicyDocument": {
          "Statement": [
            {
              "Action": "sts:AssumeRole",
              "Effect": "Allow",
              "Principal": {
                "Service": "firehose.amazonaws.com"
              }
            }
          ],
          "Version": "2012-10-17"
        }
      }
    },
    "testexistingstreamfirehoses3stackKinesisFirehoseToS3KinesisFirehosePolicyE9C16144": {
      "Type": "AWS::IAM::Policy",
      "Properties": {
        "PolicyDocument": {
          "Statement": [
            {
              "Action": [
                "s3:AbortMultipartUpload",
                "s3:GetBucketLocation",
                "s3:GetObject",
                "s3:ListBucket",
                "s3:ListBucketMultipartUploads",
                "s3:PutObject"
              ],
              "Effect": "Allow",
              "Resource": [
                {
                  "Fn::GetAtt": [
                    "testexistingstreamfirehoses3stackKinesisFirehoseToS3S3BucketF4CE72AB",
                    "Arn"
                  ]
                },
                {
                  "Fn::Join": [
                    "",
                    [
                      {
                        "Fn::GetAtt": [
                          "testexistingstreamfirehoses3stackKinesisFirehoseToS3S3BucketF4CE72AB",
                          "Arn"
                        ]
                      },
                      "/*"
                    ]
                  ]
                }
              ]
            },
            {
              "Action": "logs:PutLogEvents",
              "Effect": "Allow",
              "Resource": {
                "Fn::Join": [
                  "",
                  [
                    "arn:",
                    {
                      "Ref": "AWS::Partition"
                    },
                    ":logs:",
                    {
                      "Ref": "AWS::Region"
                    },
                    ":",
                    {
                      "Ref": "AWS::AccountId"
                    },
                    ":log-group:",
                    {
                      "Ref": "testexistingstreamfirehoses3stackKinesisFirehoseToS3firehoseloggroupE425A6C8"
                    },
                    ":log-stream:",
                    {
                      "Ref": "testexistingstreamfirehoses3stackKinesisFirehoseToS3firehoseloggroupfirehoselogstream5F77A011"
                    }
                  ]
                ]
              }
            }
          ],
          "Version": "2012-10-17"
        },
        "PolicyName": "testexistingstreamfirehoses3stackKinesisFirehoseToS3KinesisFirehosePolicyE9C16144",
        "Roles": [
          {
            "Ref": "testexistingstreamfirehoses3stackKinesisFirehoseToS3KinesisFirehoseRoleE4B0266E"
          }
        ]
      }
    },
    "testexistingstreamfirehoses3stackKinesisFirehoseToS3KinesisFirehose0834A7FB": {
      "Type": "AWS::KinesisFirehose::DeliveryStream",
      "Properties": {
        "DeliveryStreamType": "KinesisStreamAsSource",
        "ExtendedS3DestinationConfiguration": {
          "BucketARN": {
            "Fn::GetAtt": [
              "testexistingstreamfirehoses3stackKinesisFirehoseToS3S3BucketF4CE72AB",
              "Arn"
            ]
          },
          "BufferingHints": {
            "IntervalInSeconds": 300,
            "SizeInMBs": 5
          },
          "CloudWatchLoggingOptions": {
            "Enabled": true,
            "LogGroupName": {
              "Ref": "testexistingstreamfirehoses3stackKinesisFirehoseToS3firehoseloggroupE425A6C8"
            },
            "LogStreamName": {
              "Ref": "testexistingstreamfirehoses3stackKinesisFirehoseToS3firehoseloggroupfirehoselogstream5F77A011"
            }
          },
          "CompressionFormat": "GZIP",
          "EncryptionConfiguration": {
            "KMSEncryptionConfig": {
              "AWSKMSKeyARN": {
                "Fn::Join": [
                  "",
                  [
                    "arn:",
                    {
                      "Ref": "AWS::Partition"
                    },
                    ":kms:",
                    {
                      "Ref": "AWS::Region"
                    },
                    ":",
                    {
                      "Ref": "AWS::AccountId"
                    },
                    ":alias/aws/s3"
                  ]
                ]
              }
            }
          },
          "RoleARN": {
            "Fn::GetAtt": [
              "testexistingstreamfirehoses3stackKinesisFirehoseToS3KinesisFirehoseRoleE4B0266E",
              "Arn"
            ]
          }
        },
        "KinesisStreamSourceConfiguration": {
          "KinesisStreamARN": {
            "Fn::GetAtt": [
              "testkinesislambdaKinesisStream00F67958",
              "Arn"
            ]
          },
          "RoleARN": {
            "Fn::GetAtt": [
              "KinesisStreamsRole2BFD39A5",
              "Arn"
            ]
          }
        }
      }
    },
    "KinesisStreamsRole2BFD39A5": {
      "Type": "AWS::IAM::Role",
      "Properties": {
        "AssumeRolePolicyDocument": {
          "Statement": [
            {
              "Action": "sts:AssumeRole",
              "Effect": "Allow",
              "Principal": {
                "Service": "firehose.amazonaws.com"
              }
            }
          ],
          "Version": "2012-10-17"
        },
        "Policies": [
          {
            "PolicyDocument": {
              "Statement": [
                {
                  "Action": [
                    "kinesis:DescribeStream",
                    "kinesis:GetShardIterator",
                    "kinesis:GetRecords",
                    "kinesis:ListShards"
                  ],
                  "Effect": "Allow",
                  "Resource": {
                    "Fn::GetAtt": [
                      "testkinesislambdaKinesisStream00F67958",
                      "Arn"
                    ]
                  }
                }
              ],
              "Version": "2012-10-17"
            },
            "PolicyName": "KinesisStreamsRoleRolePolicy"
          }
        ]
      }
    }
  },
  "Parameters": {
    "AssetParametersdfe828a7d00b0da7a6e92dc1decf39ec907e4edc6006faea8631d4dabd7f4fcdS3BucketA460830B": {
      "Type": "String",
      "Description": "S3 bucket for asset \"dfe828a7d00b0da7a6e92dc1decf39ec907e4edc6006faea8631d4dabd7f4fcd\""
    },
    "AssetParametersdfe828a7d00b0da7a6e92dc1decf39ec907e4edc6006faea8631d4dabd7f4fcdS3VersionKey58FEB9E6": {
      "Type": "String",
      "Description": "S3 key for asset version \"dfe828a7d00b0da7a6e92dc1decf39ec907e4edc6006faea8631d4dabd7f4fcd\""
    },
    "AssetParametersdfe828a7d00b0da7a6e92dc1decf39ec907e4edc6006faea8631d4dabd7f4fcdArtifactHashEA3A5944": {
      "Type": "String",
      "Description": "Artifact hash for asset \"dfe828a7d00b0da7a6e92dc1decf39ec907e4edc6006faea8631d4dabd7f4fcd\""
    }
  }
}