{
  "Resources": {
    "existingeventbusA5B80487": {
      "Type": "AWS::Events::EventBus",
      "Properties": {
        "Name": "evtsnsexistbusexistingeventbusEAEACB72"
      }
    },
    "testconstructEncryptionKey6153B053": {
      "Type": "AWS::KMS::Key",
      "Properties": {
        "EnableKeyRotation": true,
        "KeyPolicy": {
          "Statement": [
            {
              "Action": "kms:*",
              "Effect": "Allow",
              "Principal": {
                "AWS": {
                  "Fn::Join": [
                    "",
                    [
                      "arn:",
                      {
                        "Ref": "AWS::Partition"
                      },
                      ":iam::",
                      {
                        "Ref": "AWS::AccountId"
                      },
                      ":root"
                    ]
                  ]
                }
              },
              "Resource": "*"
            },
            {
              "Action": [
                "kms:Decrypt",
                "kms:Encrypt",
                "kms:ReEncrypt*",
                "kms:GenerateDataKey*"
              ],
              "Effect": "Allow",
              "Principal": {
                "Service": "events.amazonaws.com"
              },
              "Resource": "*"
            }
          ],
          "Version": "2012-10-17"
        }
      },
      "UpdateReplacePolicy": "Retain",
      "DeletionPolicy": "Retain"
    },
    "testconstructSnsTopic44188529": {
      "Type": "AWS::SNS::Topic",
      "Properties": {
        "KmsMasterKeyId": {
          "Fn::GetAtt": [
            "testconstructEncryptionKey6153B053",
            "Arn"
          ]
        }
      }
    },
    "testconstructSnsTopicPolicy72FFD530": {
      "Type": "AWS::SNS::TopicPolicy",
      "Properties": {
        "PolicyDocument": {
          "Statement": [
            {
              "Action": [
                "SNS:Publish",
                "SNS:RemovePermission",
                "SNS:SetTopicAttributes",
                "SNS:DeleteTopic",
                "SNS:ListSubscriptionsByTopic",
                "SNS:GetTopicAttributes",
                "SNS:Receive",
                "SNS:AddPermission",
                "SNS:Subscribe"
              ],
              "Condition": {
                "StringEquals": {
                  "AWS:SourceOwner": {
                    "Ref": "AWS::AccountId"
                  }
                }
              },
              "Effect": "Allow",
              "Principal": {
                "AWS": {
                  "Fn::Join": [
                    "",
                    [
                      "arn:",
                      {
                        "Ref": "AWS::Partition"
                      },
                      ":iam::",
                      {
                        "Ref": "AWS::AccountId"
                      },
                      ":root"
                    ]
                  ]
                }
              },
              "Resource": {
                "Ref": "testconstructSnsTopic44188529"
              },
              "Sid": "TopicOwnerOnlyAccess"
            },
            {
              "Action": [
                "SNS:Publish",
                "SNS:RemovePermission",
                "SNS:SetTopicAttributes",
                "SNS:DeleteTopic",
                "SNS:ListSubscriptionsByTopic",
                "SNS:GetTopicAttributes",
                "SNS:Receive",
                "SNS:AddPermission",
                "SNS:Subscribe"
              ],
              "Condition": {
                "Bool": {
                  "aws:SecureTransport": "false"
                }
              },
              "Effect": "Deny",
              "Principal": {
                "AWS": "*"
              },
              "Resource": {
                "Ref": "testconstructSnsTopic44188529"
              },
              "Sid": "HttpsOnly"
            },
            {
              "Action": "sns:Publish",
              "Effect": "Allow",
              "Principal": {
                "Service": "events.amazonaws.com"
              },
              "Resource": {
                "Ref": "testconstructSnsTopic44188529"
              },
              "Sid": "2"
            }
          ],
          "Version": "2012-10-17"
        },
        "Topics": [
          {
            "Ref": "testconstructSnsTopic44188529"
          }
        ]
      }
    },
    "testconstructEventsRule145DBA20": {
      "Type": "AWS::Events::Rule",
      "Properties": {
        "EventBusName": {
          "Ref": "existingeventbusA5B80487"
        },
        "EventPattern": {
          "source": [
            "solutionsconstructs"
          ]
        },
        "State": "ENABLED",
        "Targets": [
          {
            "Arn": {
              "Ref": "testconstructSnsTopic44188529"
            },
            "Id": {
              "Fn::Join": [
                "",
                [
                  "evtsns-exist-test-construct-",
                  {
                    "Fn::Select": [
                      2,
                      {
                        "Fn::Split": [
                          "/",
                          {
                            "Ref": "AWS::StackId"
                          }
                        ]
                      }
                    ]
                  }
                ]
              ]
            }
          }
        ]
      }
    }
  },
  "Parameters": {
    "BootstrapVersion": {
      "Type": "AWS::SSM::Parameter::Value<String>",
      "Default": "/cdk-bootstrap/hnb659fds/version",
      "Description": "Version of the CDK Bootstrap resources in this environment, automatically retrieved from SSM Parameter Store. [cdk:skip]"
    }
  },
  "Rules": {
    "CheckBootstrapVersion": {
      "Assertions": [
        {
          "Assert": {
            "Fn::Not": [
              {
                "Fn::Contains": [
                  [
                    "1",
                    "2",
                    "3",
                    "4",
                    "5"
                  ],
                  {
                    "Ref": "BootstrapVersion"
                  }
                ]
              }
            ]
          },
          "AssertDescription": "CDK bootstrap stack version 6 required. Please run 'cdk bootstrap' with a recent version of the CDK CLI."
        }
      ]
    }
  }
}