{
  "Resources": {
    "existingeventbusA5B80487": {
      "Type": "AWS::Events::EventBus",
      "Properties": {
        "Name": "erexistingbusexistingeventbus09054BD4"
      }
    },
    "testconstructEncryptionKey23843722": {
      "Type": "AWS::KMS::Key",
      "Properties": {
        "KeyPolicy": {
          "Statement": [
            {
              "Action": [
                "kms:Create*",
                "kms:Describe*",
                "kms:Enable*",
                "kms:List*",
                "kms:Put*",
                "kms:Update*",
                "kms:Revoke*",
                "kms:Disable*",
                "kms:Get*",
                "kms:Delete*",
                "kms:ScheduleKeyDeletion",
                "kms:CancelKeyDeletion",
                "kms:GenerateDataKey",
                "kms:TagResource",
                "kms:UntagResource"
              ],
              "Effect": "Allow",
              "Principal": {
                "AWS": {
                  "Fn::Join": [
                    "",
                    [
                      "arn:",
                      {
                        "Ref": "AWS::Partition"
                      },
                      ":iam::",
                      {
                        "Ref": "AWS::AccountId"
                      },
                      ":root"
                    ]
                  ]
                }
              },
              "Resource": "*"
            },
            {
              "Action": [
                "kms:Decrypt",
                "kms:Encrypt",
                "kms:ReEncrypt*",
                "kms:GenerateDataKey*"
              ],
              "Effect": "Allow",
              "Principal": {
                "Service": "events.amazonaws.com"
              },
              "Resource": "*"
            }
          ],
          "Version": "2012-10-17"
        },
        "EnableKeyRotation": true
      },
      "UpdateReplacePolicy": "Retain",
      "DeletionPolicy": "Retain"
    },
    "testconstructSnsTopicAFB80A41": {
      "Type": "AWS::SNS::Topic",
      "Properties": {
        "KmsMasterKeyId": {
          "Fn::GetAtt": [
            "testconstructEncryptionKey23843722",
            "Arn"
          ]
        }
      }
    },
    "testconstructSnsTopicPolicy4586B2D8": {
      "Type": "AWS::SNS::TopicPolicy",
      "Properties": {
        "PolicyDocument": {
          "Statement": [
            {
              "Action": [
                "SNS:Publish",
                "SNS:RemovePermission",
                "SNS:SetTopicAttributes",
                "SNS:DeleteTopic",
                "SNS:ListSubscriptionsByTopic",
                "SNS:GetTopicAttributes",
                "SNS:Receive",
                "SNS:AddPermission",
                "SNS:Subscribe"
              ],
              "Condition": {
                "StringEquals": {
                  "AWS:SourceOwner": {
                    "Ref": "AWS::AccountId"
                  }
                }
              },
              "Effect": "Allow",
              "Principal": {
                "AWS": {
                  "Fn::Join": [
                    "",
                    [
                      "arn:",
                      {
                        "Ref": "AWS::Partition"
                      },
                      ":iam::",
                      {
                        "Ref": "AWS::AccountId"
                      },
                      ":root"
                    ]
                  ]
                }
              },
              "Resource": {
                "Ref": "testconstructSnsTopicAFB80A41"
              },
              "Sid": "TopicOwnerOnlyAccess"
            },
            {
              "Action": [
                "SNS:Publish",
                "SNS:RemovePermission",
                "SNS:SetTopicAttributes",
                "SNS:DeleteTopic",
                "SNS:ListSubscriptionsByTopic",
                "SNS:GetTopicAttributes",
                "SNS:Receive",
                "SNS:AddPermission",
                "SNS:Subscribe"
              ],
              "Condition": {
                "Bool": {
                  "aws:SecureTransport": "false"
                }
              },
              "Effect": "Deny",
              "Principal": {
                "AWS": "*"
              },
              "Resource": {
                "Ref": "testconstructSnsTopicAFB80A41"
              },
              "Sid": "HttpsOnly"
            },
            {
              "Action": "sns:Publish",
              "Effect": "Allow",
              "Principal": {
                "Service": "events.amazonaws.com"
              },
              "Resource": {
                "Ref": "testconstructSnsTopicAFB80A41"
              },
              "Sid": "2"
            }
          ],
          "Version": "2012-10-17"
        },
        "Topics": [
          {
            "Ref": "testconstructSnsTopicAFB80A41"
          }
        ]
      }
    },
    "testconstructEventsRule1A3EDF9D": {
      "Type": "AWS::Events::Rule",
      "Properties": {
        "EventBusName": {
          "Ref": "existingeventbusA5B80487"
        },
        "EventPattern": {
          "source": [
            "solutionsconstructs"
          ]
        },
        "State": "ENABLED",
        "Targets": [
          {
            "Arn": {
              "Ref": "testconstructSnsTopicAFB80A41"
            },
            "Id": {
              "Fn::GetAtt": [
                "testconstructSnsTopicAFB80A41",
                "TopicName"
              ]
            }
          }
        ]
      }
    }
  }
}