{
  "Resources": {
    "testeventsrulesnsEventsRule5F1C01CC": {
      "Properties": {
        "ScheduleExpression": "rate(5 minutes)",
        "State": "ENABLED",
        "Targets": [
          {
            "Arn": {
              "Ref": "testeventsrulesnsSnsTopicCEB51DAD"
            },
            "Id": {
              "Fn::GetAtt": [
                "testeventsrulesnsSnsTopicCEB51DAD",
                "TopicName"
              ]
            }
          }
        ]
      },
      "Type": "AWS::Events::Rule"
    },
    "testeventsrulesnsSnsTopicCEB51DAD": {
      "Properties": {
        "KmsMasterKeyId": "alias/aws/sns"
      },
      "Type": "AWS::SNS::Topic"
    },
    "testeventsrulesnsSnsTopicPolicyF1A0FC73": {
      "Properties": {
        "PolicyDocument": {
          "Statement": [
            {
              "Action": [
                "SNS:Publish",
                "SNS:RemovePermission",
                "SNS:SetTopicAttributes",
                "SNS:DeleteTopic",
                "SNS:ListSubscriptionsByTopic",
                "SNS:GetTopicAttributes",
                "SNS:Receive",
                "SNS:AddPermission",
                "SNS:Subscribe"
              ],
              "Condition": {
                "StringEquals": {
                  "AWS:SourceOwner": {
                    "Ref": "AWS::AccountId"
                  }
                }
              },
              "Effect": "Allow",
              "Principal": {
                "AWS": {
                  "Fn::Join": [
                    "",
                    [
                      "arn:",
                      {
                        "Ref": "AWS::Partition"
                      },
                      ":iam::",
                       {
                        "Ref": "AWS::AccountId"
                      },
                      ":root"
                    ]
                  ]
                }
              },
              "Resource": {
                "Ref": "testeventsrulesnsSnsTopicCEB51DAD"
              },
              "Sid": "TopicOwnerOnlyAccess"
            },
            {
              "Action": [
                "SNS:Publish",
                "SNS:RemovePermission",
                "SNS:SetTopicAttributes",
                "SNS:DeleteTopic",
                "SNS:ListSubscriptionsByTopic",
                "SNS:GetTopicAttributes",
                "SNS:Receive",
                "SNS:AddPermission",
                "SNS:Subscribe"
              ],
              "Condition": {
                "Bool": {
                  "aws:SecureTransport": "false"
                }
              },
              "Effect": "Deny",
              "Principal": "*",
              "Resource": {
                "Ref": "testeventsrulesnsSnsTopicCEB51DAD"
              },
              "Sid": "HttpsOnly"
            },
            {
              "Action": "sns:Publish",
              "Effect": "Allow",
              "Principal": {
                "AWS": {
                    "Fn::GetAtt": [
                      "testeventsrulesnsEventsRule5F1C01CC",
                      "Arn"
                    ]
                  }
              },
              "Resource": {
                "Ref": "testeventsrulesnsSnsTopicCEB51DAD"
              },
              "Sid": "2"
            }
          ],
          "Version": "2012-10-17"
        },
        "Topics": [
          {
            "Ref": "testeventsrulesnsSnsTopicCEB51DAD"
          }
        ]
      },
      "Type": "AWS::SNS::TopicPolicy"
    }
  }
}