{
  "Description": "Integration Test for aws-eventbridge-kinesisfirehose-s3",
  "Resources": {
    "evtfhss3newbusKinesisFirehoseToS3S3Bucket7852316F": {
      "Type": "AWS::S3::Bucket",
      "Properties": {
        "BucketEncryption": {
          "ServerSideEncryptionConfiguration": [
            {
              "ServerSideEncryptionByDefault": {
                "SSEAlgorithm": "AES256"
              }
            }
          ]
        },
        "LifecycleConfiguration": {
          "Rules": [
            {
              "NoncurrentVersionTransitions": [
                {
                  "StorageClass": "GLACIER",
                  "TransitionInDays": 90
                }
              ],
              "Status": "Enabled"
            }
          ]
        },
        "PublicAccessBlockConfiguration": {
          "BlockPublicAcls": true,
          "BlockPublicPolicy": true,
          "IgnorePublicAcls": true,
          "RestrictPublicBuckets": true
        },
        "Tags": [
          {
            "Key": "aws-cdk:auto-delete-objects",
            "Value": "true"
          }
        ],
        "VersioningConfiguration": {
          "Status": "Enabled"
        }
      },
      "UpdateReplacePolicy": "Delete",
      "DeletionPolicy": "Delete",
      "Metadata": {
        "cfn_nag": {
          "rules_to_suppress": [
            {
              "id": "W35",
              "reason": "This S3 bucket is created for unit/ integration testing purposes only."
            }
          ]
        }
      }
    },
    "evtfhss3newbusKinesisFirehoseToS3S3BucketPolicy1DB04E4C": {
      "Type": "AWS::S3::BucketPolicy",
      "Properties": {
        "Bucket": {
          "Ref": "evtfhss3newbusKinesisFirehoseToS3S3Bucket7852316F"
        },
        "PolicyDocument": {
          "Statement": [
            {
              "Action": "s3:*",
              "Condition": {
                "Bool": {
                  "aws:SecureTransport": "false"
                }
              },
              "Effect": "Deny",
              "Principal": {
                "AWS": "*"
              },
              "Resource": [
                {
                  "Fn::GetAtt": [
                    "evtfhss3newbusKinesisFirehoseToS3S3Bucket7852316F",
                    "Arn"
                  ]
                },
                {
                  "Fn::Join": [
                    "",
                    [
                      {
                        "Fn::GetAtt": [
                          "evtfhss3newbusKinesisFirehoseToS3S3Bucket7852316F",
                          "Arn"
                        ]
                      },
                      "/*"
                    ]
                  ]
                }
              ]
            },
            {
              "Action": [
                "s3:PutBucketPolicy",
                "s3:GetBucket*",
                "s3:List*",
                "s3:DeleteObject*"
              ],
              "Effect": "Allow",
              "Principal": {
                "AWS": {
                  "Fn::GetAtt": [
                    "CustomS3AutoDeleteObjectsCustomResourceProviderRole3B1BD092",
                    "Arn"
                  ]
                }
              },
              "Resource": [
                {
                  "Fn::GetAtt": [
                    "evtfhss3newbusKinesisFirehoseToS3S3Bucket7852316F",
                    "Arn"
                  ]
                },
                {
                  "Fn::Join": [
                    "",
                    [
                      {
                        "Fn::GetAtt": [
                          "evtfhss3newbusKinesisFirehoseToS3S3Bucket7852316F",
                          "Arn"
                        ]
                      },
                      "/*"
                    ]
                  ]
                }
              ]
            }
          ],
          "Version": "2012-10-17"
        }
      }
    },
    "evtfhss3newbusKinesisFirehoseToS3S3BucketAutoDeleteObjectsCustomResourceF47E05EB": {
      "Type": "Custom::S3AutoDeleteObjects",
      "Properties": {
        "ServiceToken": {
          "Fn::GetAtt": [
            "CustomS3AutoDeleteObjectsCustomResourceProviderHandler9D90184F",
            "Arn"
          ]
        },
        "BucketName": {
          "Ref": "evtfhss3newbusKinesisFirehoseToS3S3Bucket7852316F"
        }
      },
      "DependsOn": [
        "evtfhss3newbusKinesisFirehoseToS3S3BucketPolicy1DB04E4C"
      ],
      "UpdateReplacePolicy": "Delete",
      "DeletionPolicy": "Delete"
    },
    "evtfhss3newbusKinesisFirehoseToS3firehoseloggroup3A050464": {
      "Type": "AWS::Logs::LogGroup",
      "UpdateReplacePolicy": "Delete",
      "DeletionPolicy": "Delete",
      "Metadata": {
        "cfn_nag": {
          "rules_to_suppress": [
            {
              "id": "W86",
              "reason": "Retention period for CloudWatchLogs LogGroups are set to 'Never Expire' to preserve customer data indefinitely"
            },
            {
              "id": "W84",
              "reason": "By default CloudWatchLogs LogGroups data is encrypted using the CloudWatch server-side encryption keys (AWS Managed Keys)"
            }
          ]
        }
      }
    },
    "evtfhss3newbusKinesisFirehoseToS3firehoseloggroupfirehoselogstream3F3D7EB2": {
      "Type": "AWS::Logs::LogStream",
      "Properties": {
        "LogGroupName": {
          "Ref": "evtfhss3newbusKinesisFirehoseToS3firehoseloggroup3A050464"
        }
      },
      "UpdateReplacePolicy": "Retain",
      "DeletionPolicy": "Retain"
    },
    "evtfhss3newbusKinesisFirehoseToS3KinesisFirehoseRole0D6F5A2A": {
      "Type": "AWS::IAM::Role",
      "Properties": {
        "AssumeRolePolicyDocument": {
          "Statement": [
            {
              "Action": "sts:AssumeRole",
              "Effect": "Allow",
              "Principal": {
                "Service": "firehose.amazonaws.com"
              }
            }
          ],
          "Version": "2012-10-17"
        }
      }
    },
    "evtfhss3newbusKinesisFirehoseToS3KinesisFirehosePolicy30D0D9A0": {
      "Type": "AWS::IAM::Policy",
      "Properties": {
        "PolicyDocument": {
          "Statement": [
            {
              "Action": [
                "s3:AbortMultipartUpload",
                "s3:GetBucketLocation",
                "s3:GetObject",
                "s3:ListBucket",
                "s3:ListBucketMultipartUploads",
                "s3:PutObject"
              ],
              "Effect": "Allow",
              "Resource": [
                {
                  "Fn::GetAtt": [
                    "evtfhss3newbusKinesisFirehoseToS3S3Bucket7852316F",
                    "Arn"
                  ]
                },
                {
                  "Fn::Join": [
                    "",
                    [
                      {
                        "Fn::GetAtt": [
                          "evtfhss3newbusKinesisFirehoseToS3S3Bucket7852316F",
                          "Arn"
                        ]
                      },
                      "/*"
                    ]
                  ]
                }
              ]
            },
            {
              "Action": "logs:PutLogEvents",
              "Effect": "Allow",
              "Resource": {
                "Fn::Join": [
                  "",
                  [
                    "arn:",
                    {
                      "Ref": "AWS::Partition"
                    },
                    ":logs:",
                    {
                      "Ref": "AWS::Region"
                    },
                    ":",
                    {
                      "Ref": "AWS::AccountId"
                    },
                    ":log-group:",
                    {
                      "Ref": "evtfhss3newbusKinesisFirehoseToS3firehoseloggroup3A050464"
                    },
                    ":log-stream:",
                    {
                      "Ref": "evtfhss3newbusKinesisFirehoseToS3firehoseloggroupfirehoselogstream3F3D7EB2"
                    }
                  ]
                ]
              }
            }
          ],
          "Version": "2012-10-17"
        },
        "PolicyName": "evtfhss3newbusKinesisFirehoseToS3KinesisFirehosePolicy30D0D9A0",
        "Roles": [
          {
            "Ref": "evtfhss3newbusKinesisFirehoseToS3KinesisFirehoseRole0D6F5A2A"
          }
        ]
      }
    },
    "evtfhss3newbusKinesisFirehoseToS3KinesisFirehose0103145F": {
      "Type": "AWS::KinesisFirehose::DeliveryStream",
      "Properties": {
        "DeliveryStreamEncryptionConfigurationInput": {
          "KeyType": "AWS_OWNED_CMK"
        },
        "DeliveryStreamName": "KinesisFirehoseevtfhss3neweventbewbusKinesisFirehoseToS3CE717271",
        "ExtendedS3DestinationConfiguration": {
          "BucketARN": {
            "Fn::GetAtt": [
              "evtfhss3newbusKinesisFirehoseToS3S3Bucket7852316F",
              "Arn"
            ]
          },
          "BufferingHints": {
            "IntervalInSeconds": 300,
            "SizeInMBs": 5
          },
          "CloudWatchLoggingOptions": {
            "Enabled": true,
            "LogGroupName": {
              "Ref": "evtfhss3newbusKinesisFirehoseToS3firehoseloggroup3A050464"
            },
            "LogStreamName": {
              "Ref": "evtfhss3newbusKinesisFirehoseToS3firehoseloggroupfirehoselogstream3F3D7EB2"
            }
          },
          "CompressionFormat": "GZIP",
          "EncryptionConfiguration": {
            "KMSEncryptionConfig": {
              "AWSKMSKeyARN": {
                "Fn::Join": [
                  "",
                  [
                    "arn:",
                    {
                      "Ref": "AWS::Partition"
                    },
                    ":kms:",
                    {
                      "Ref": "AWS::Region"
                    },
                    ":",
                    {
                      "Ref": "AWS::AccountId"
                    },
                    ":alias/aws/s3"
                  ]
                ]
              }
            }
          },
          "RoleARN": {
            "Fn::GetAtt": [
              "evtfhss3newbusKinesisFirehoseToS3KinesisFirehoseRole0D6F5A2A",
              "Arn"
            ]
          }
        }
      }
    },
    "evtfhss3newbusEventsRuleInvokeKinesisFirehoseRoleE0C3E7F4": {
      "Type": "AWS::IAM::Role",
      "Properties": {
        "AssumeRolePolicyDocument": {
          "Statement": [
            {
              "Action": "sts:AssumeRole",
              "Effect": "Allow",
              "Principal": {
                "Service": "events.amazonaws.com"
              }
            }
          ],
          "Version": "2012-10-17"
        },
        "Description": "Events Rule To Kinesis Firehose Role"
      }
    },
    "evtfhss3newbusEventsRuleInvokeKinesisFirehosePolicyF9AC0857": {
      "Type": "AWS::IAM::Policy",
      "Properties": {
        "PolicyDocument": {
          "Statement": [
            {
              "Action": [
                "firehose:PutRecord",
                "firehose:PutRecordBatch"
              ],
              "Effect": "Allow",
              "Resource": {
                "Fn::GetAtt": [
                  "evtfhss3newbusKinesisFirehoseToS3KinesisFirehose0103145F",
                  "Arn"
                ]
              }
            }
          ],
          "Version": "2012-10-17"
        },
        "PolicyName": "evtfhss3newbusEventsRuleInvokeKinesisFirehosePolicyF9AC0857",
        "Roles": [
          {
            "Ref": "evtfhss3newbusEventsRuleInvokeKinesisFirehoseRoleE0C3E7F4"
          }
        ]
      }
    },
    "evtfhss3newbusevtfhss3neweventbusDF98CF38": {
      "Type": "AWS::Events::EventBus",
      "Properties": {
        "Name": "evtfhss3-new-eventbus"
      }
    },
    "evtfhss3newbusEventsRule997850BF": {
      "Type": "AWS::Events::Rule",
      "Properties": {
        "EventBusName": {
          "Ref": "evtfhss3newbusevtfhss3neweventbusDF98CF38"
        },
        "EventPattern": {
          "source": [
            "solutionsconstructs"
          ]
        },
        "State": "ENABLED",
        "Targets": [
          {
            "Arn": {
              "Fn::GetAtt": [
                "evtfhss3newbusKinesisFirehoseToS3KinesisFirehose0103145F",
                "Arn"
              ]
            },
            "Id": "Target0",
            "RoleArn": {
              "Fn::GetAtt": [
                "evtfhss3newbusEventsRuleInvokeKinesisFirehoseRoleE0C3E7F4",
                "Arn"
              ]
            }
          }
        ]
      }
    },
    "CustomS3AutoDeleteObjectsCustomResourceProviderRole3B1BD092": {
      "Type": "AWS::IAM::Role",
      "Properties": {
        "AssumeRolePolicyDocument": {
          "Version": "2012-10-17",
          "Statement": [
            {
              "Action": "sts:AssumeRole",
              "Effect": "Allow",
              "Principal": {
                "Service": "lambda.amazonaws.com"
              }
            }
          ]
        },
        "ManagedPolicyArns": [
          {
            "Fn::Sub": "arn:${AWS::Partition}:iam::aws:policy/service-role/AWSLambdaBasicExecutionRole"
          }
        ]
      }
    },
    "CustomS3AutoDeleteObjectsCustomResourceProviderHandler9D90184F": {
      "Type": "AWS::Lambda::Function",
      "Properties": {
        "Code": {
          "S3Bucket": {
            "Fn::Sub": "cdk-hnb659fds-assets-${AWS::AccountId}-${AWS::Region}"
          },
          "S3Key": "b7f33614a69548d6bafe224d751a7ef238cde19097415e553fe8b63a4c8fd8a6.zip"
        },
        "Timeout": 900,
        "MemorySize": 128,
        "Handler": "index.handler",
        "Role": {
          "Fn::GetAtt": [
            "CustomS3AutoDeleteObjectsCustomResourceProviderRole3B1BD092",
            "Arn"
          ]
        },
        "Runtime": "nodejs18.x",
        "Description": {
          "Fn::Join": [
            "",
            [
              "Lambda function for auto-deleting objects in ",
              {
                "Ref": "evtfhss3newbusKinesisFirehoseToS3S3Bucket7852316F"
              },
              " S3 bucket."
            ]
          ]
        }
      },
      "DependsOn": [
        "CustomS3AutoDeleteObjectsCustomResourceProviderRole3B1BD092"
      ],
      "Metadata": {
        "cfn_nag": {
          "rules_to_suppress": [
            {
              "id": "W58",
              "reason": "This Lambda Function is created for integration testing purposes only and is not part of an actual construct"
            },
            {
              "id": "W89",
              "reason": "This Lambda Function is created for integration testing purposes only and is not part of an actual construct"
            },
            {
              "id": "W92",
              "reason": "This Lambda Function is created for integration testing purposes only and is not part of an actual construct"
            }
          ]
        }
      }
    }
  },
  "Parameters": {
    "BootstrapVersion": {
      "Type": "AWS::SSM::Parameter::Value<String>",
      "Default": "/cdk-bootstrap/hnb659fds/version",
      "Description": "Version of the CDK Bootstrap resources in this environment, automatically retrieved from SSM Parameter Store. [cdk:skip]"
    }
  },
  "Rules": {
    "CheckBootstrapVersion": {
      "Assertions": [
        {
          "Assert": {
            "Fn::Not": [
              {
                "Fn::Contains": [
                  [
                    "1",
                    "2",
                    "3",
                    "4",
                    "5"
                  ],
                  {
                    "Ref": "BootstrapVersion"
                  }
                ]
              }
            ]
          },
          "AssertDescription": "CDK bootstrap stack version 6 required. Please run 'cdk bootstrap' with a recent version of the CDK CLI."
        }
      ]
    }
  }
}