{
  "Description": "Integration Test for aws-lambda-sagemaker",
  "Resources": {
    "LambdaFunctionServiceRole0C4CDE0B": {
      "Type": "AWS::IAM::Role",
      "Properties": {
        "AssumeRolePolicyDocument": {
          "Statement": [
            {
              "Action": "sts:AssumeRole",
              "Effect": "Allow",
              "Principal": {
                "Service": "lambda.amazonaws.com"
              }
            }
          ],
          "Version": "2012-10-17"
        },
        "Policies": [
          {
            "PolicyDocument": {
              "Statement": [
                {
                  "Action": [
                    "logs:CreateLogGroup",
                    "logs:CreateLogStream",
                    "logs:PutLogEvents"
                  ],
                  "Effect": "Allow",
                  "Resource": {
                    "Fn::Join": [
                      "",
                      [
                        "arn:aws:logs:",
                        {
                          "Ref": "AWS::Region"
                        },
                        ":",
                        {
                          "Ref": "AWS::AccountId"
                        },
                        ":log-group:/aws/lambda/*"
                      ]
                    ]
                  }
                }
              ],
              "Version": "2012-10-17"
            },
            "PolicyName": "LambdaFunctionServiceRolePolicy"
          }
        ]
      }
    },
    "LambdaFunctionServiceRoleDefaultPolicy126C8897": {
      "Type": "AWS::IAM::Policy",
      "Properties": {
        "PolicyDocument": {
          "Statement": [
            {
              "Action": [
                "xray:PutTraceSegments",
                "xray:PutTelemetryRecords"
              ],
              "Effect": "Allow",
              "Resource": "*"
            }
          ],
          "Version": "2012-10-17"
        },
        "PolicyName": "LambdaFunctionServiceRoleDefaultPolicy126C8897",
        "Roles": [
          {
            "Ref": "LambdaFunctionServiceRole0C4CDE0B"
          }
        ]
      },
      "Metadata": {
        "cfn_nag": {
          "rules_to_suppress": [
            {
              "id": "W12",
              "reason": "Lambda needs the following minimum required permissions to send trace data to X-Ray."
            }
          ]
        }
      }
    },
    "LambdaFunctionBF21E41F": {
      "Type": "AWS::Lambda::Function",
      "Properties": {
        "Code": {
          "S3Bucket": {
            "Ref": "AssetParametersbbd4928056408f5117aa5fd896a1f9d30cd4cdcdd7a62b4ad10695042c250b20S3Bucket01219483"
          },
          "S3Key": {
            "Fn::Join": [
              "",
              [
                {
                  "Fn::Select": [
                    0,
                    {
                      "Fn::Split": [
                        "||",
                        {
                          "Ref": "AssetParametersbbd4928056408f5117aa5fd896a1f9d30cd4cdcdd7a62b4ad10695042c250b20S3VersionKeyC029AFFB"
                        }
                      ]
                    }
                  ]
                },
                {
                  "Fn::Select": [
                    1,
                    {
                      "Fn::Split": [
                        "||",
                        {
                          "Ref": "AssetParametersbbd4928056408f5117aa5fd896a1f9d30cd4cdcdd7a62b4ad10695042c250b20S3VersionKeyC029AFFB"
                        }
                      ]
                    }
                  ]
                }
              ]
            ]
          }
        },
        "Handler": "index.handler",
        "Role": {
          "Fn::GetAtt": [
            "LambdaFunctionServiceRole0C4CDE0B",
            "Arn"
          ]
        },
        "Runtime": "nodejs10.x",
        "Environment": {
          "Variables": {
            "AWS_NODEJS_CONNECTION_REUSE_ENABLED": "1",
            "NOTEBOOK_NAME": {
              "Fn::GetAtt": [
                "testlambdasagemakerSagemakerNotebookEB4826D4",
                "NotebookInstanceName"
              ]
            }
          }
        },
        "TracingConfig": {
          "Mode": "Active"
        }
      },
      "DependsOn": [
        "LambdaFunctionServiceRoleDefaultPolicy126C8897",
        "LambdaFunctionServiceRole0C4CDE0B"
      ],
      "Metadata": {
        "cfn_nag": {
          "rules_to_suppress": [
            {
              "id": "W58",
              "reason": "Lambda functions has the required permission to write CloudWatch Logs. It uses custom policy instead of arn:aws:iam::aws:policy/service-role/AWSLambdaBasicExecutionRole with more tighter permissions."
            }
          ]
        }
      }
    },
    "testlambdasagemakerLambdaFunctionPolicy3A2E5907": {
      "Type": "AWS::IAM::Policy",
      "Properties": {
        "PolicyDocument": {
          "Statement": [
            {
              "Action": [
                "sagemaker:InvokeEndpoint",
                "sagemaker:DescribeNotebookInstance",
                "sagemaker:DescribeTrainingJob",
                "sagemaker:DescribeTransformJob",
                "sagemaker:CreateTrainingJob",
                "sagemaker:CreateTransformJob",
                "sagemaker:CreateEndpointConfig"
              ],
              "Effect": "Allow",
              "Resource": "arn:aws:sagemaker:*:*:*"
            }
          ],
          "Version": "2012-10-17"
        },
        "PolicyName": "testlambdasagemakerLambdaFunctionPolicy3A2E5907",
        "Roles": [
          {
            "Ref": "LambdaFunctionServiceRole0C4CDE0B"
          }
        ]
      }
    },
    "testlambdasagemakerSagemakerRoleD84546B8": {
      "Type": "AWS::IAM::Role",
      "Properties": {
        "AssumeRolePolicyDocument": {
          "Statement": [
            {
              "Action": "sts:AssumeRole",
              "Effect": "Allow",
              "Principal": {
                "Service": "sagemaker.amazonaws.com"
              }
            }
          ],
          "Version": "2012-10-17"
        }
      }
    },
    "testlambdasagemakerVpc93693A85": {
      "Type": "AWS::EC2::VPC",
      "Properties": {
        "CidrBlock": "10.0.0.0/16",
        "EnableDnsHostnames": true,
        "EnableDnsSupport": true,
        "InstanceTenancy": "default",
        "Tags": [
          {
            "Key": "Name",
            "Value": "test-lambda-existing-function-sagemaker/test-lambda-sagemaker/Vpc"
          }
        ]
      }
    },
    "testlambdasagemakerVpcisolatedSubnetSubnet1Subnet05AFD1F8": {
      "Type": "AWS::EC2::Subnet",
      "Properties": {
        "CidrBlock": "10.0.0.0/24",
        "VpcId": {
          "Ref": "testlambdasagemakerVpc93693A85"
        },
        "AvailabilityZone": "test-region-1a",
        "MapPublicIpOnLaunch": false,
        "Tags": [
          {
            "Key": "aws-cdk:subnet-name",
            "Value": "isolatedSubnet"
          },
          {
            "Key": "aws-cdk:subnet-type",
            "Value": "Isolated"
          },
          {
            "Key": "Name",
            "Value": "test-lambda-existing-function-sagemaker/test-lambda-sagemaker/Vpc/isolatedSubnetSubnet1"
          }
        ]
      }
    },
    "testlambdasagemakerVpcisolatedSubnetSubnet1RouteTableBD7E8F86": {
      "Type": "AWS::EC2::RouteTable",
      "Properties": {
        "VpcId": {
          "Ref": "testlambdasagemakerVpc93693A85"
        },
        "Tags": [
          {
            "Key": "Name",
            "Value": "test-lambda-existing-function-sagemaker/test-lambda-sagemaker/Vpc/isolatedSubnetSubnet1"
          }
        ]
      }
    },
    "testlambdasagemakerVpcisolatedSubnetSubnet1RouteTableAssociation5F42556F": {
      "Type": "AWS::EC2::SubnetRouteTableAssociation",
      "Properties": {
        "RouteTableId": {
          "Ref": "testlambdasagemakerVpcisolatedSubnetSubnet1RouteTableBD7E8F86"
        },
        "SubnetId": {
          "Ref": "testlambdasagemakerVpcisolatedSubnetSubnet1Subnet05AFD1F8"
        }
      }
    },
    "testlambdasagemakerVpcFlowLogIAMRole36005C3C": {
      "Type": "AWS::IAM::Role",
      "Properties": {
        "AssumeRolePolicyDocument": {
          "Statement": [
            {
              "Action": "sts:AssumeRole",
              "Effect": "Allow",
              "Principal": {
                "Service": "vpc-flow-logs.amazonaws.com"
              }
            }
          ],
          "Version": "2012-10-17"
        },
        "Tags": [
          {
            "Key": "Name",
            "Value": "test-lambda-existing-function-sagemaker/test-lambda-sagemaker/Vpc"
          }
        ]
      }
    },
    "testlambdasagemakerVpcFlowLogIAMRoleDefaultPolicy477712E3": {
      "Type": "AWS::IAM::Policy",
      "Properties": {
        "PolicyDocument": {
          "Statement": [
            {
              "Action": [
                "logs:CreateLogStream",
                "logs:PutLogEvents",
                "logs:DescribeLogStreams"
              ],
              "Effect": "Allow",
              "Resource": {
                "Fn::GetAtt": [
                  "testlambdasagemakerVpcFlowLogLogGroupD449F9B6",
                  "Arn"
                ]
              }
            },
            {
              "Action": "iam:PassRole",
              "Effect": "Allow",
              "Resource": {
                "Fn::GetAtt": [
                  "testlambdasagemakerVpcFlowLogIAMRole36005C3C",
                  "Arn"
                ]
              }
            }
          ],
          "Version": "2012-10-17"
        },
        "PolicyName": "testlambdasagemakerVpcFlowLogIAMRoleDefaultPolicy477712E3",
        "Roles": [
          {
            "Ref": "testlambdasagemakerVpcFlowLogIAMRole36005C3C"
          }
        ]
      }
    },
    "testlambdasagemakerVpcFlowLogLogGroupD449F9B6": {
      "Type": "AWS::Logs::LogGroup",
      "Properties": {
        "RetentionInDays": 731
      },
      "UpdateReplacePolicy": "Retain",
      "DeletionPolicy": "Retain"
    },
    "testlambdasagemakerVpcFlowLog645D567A": {
      "Type": "AWS::EC2::FlowLog",
      "Properties": {
        "ResourceId": {
          "Ref": "testlambdasagemakerVpc93693A85"
        },
        "ResourceType": "VPC",
        "TrafficType": "ALL",
        "DeliverLogsPermissionArn": {
          "Fn::GetAtt": [
            "testlambdasagemakerVpcFlowLogIAMRole36005C3C",
            "Arn"
          ]
        },
        "LogDestinationType": "cloud-watch-logs",
        "LogGroupName": {
          "Ref": "testlambdasagemakerVpcFlowLogLogGroupD449F9B6"
        },
        "Tags": [
          {
            "Key": "Name",
            "Value": "test-lambda-existing-function-sagemaker/test-lambda-sagemaker/Vpc"
          }
        ]
      }
    },
    "testlambdasagemakerSecurityGroupC6C5F1B6": {
      "Type": "AWS::EC2::SecurityGroup",
      "Properties": {
        "GroupDescription": "test-lambda-existing-function-sagemaker/test-lambda-sagemaker/SecurityGroup",
        "SecurityGroupEgress": [
          {
            "CidrIp": "255.255.255.255/32",
            "Description": "Disallow all traffic",
            "FromPort": 252,
            "IpProtocol": "icmp",
            "ToPort": 86
          }
        ],
        "VpcId": {
          "Ref": "testlambdasagemakerVpc93693A85"
        }
      }
    },
    "testlambdasagemakerEncryptionKey2AACF9E0": {
      "Type": "AWS::KMS::Key",
      "Properties": {
        "KeyPolicy": {
          "Statement": [
            {
              "Action": [
                "kms:Create*",
                "kms:Describe*",
                "kms:Enable*",
                "kms:List*",
                "kms:Put*",
                "kms:Update*",
                "kms:Revoke*",
                "kms:Disable*",
                "kms:Get*",
                "kms:Delete*",
                "kms:ScheduleKeyDeletion",
                "kms:CancelKeyDeletion",
                "kms:GenerateDataKey",
                "kms:TagResource",
                "kms:UntagResource"
              ],
              "Effect": "Allow",
              "Principal": {
                "AWS": {
                  "Fn::Join": [
                    "",
                    [
                      "arn:",
                      {
                        "Ref": "AWS::Partition"
                      },
                      ":iam::",
                      {
                        "Ref": "AWS::AccountId"
                      },
                      ":root"
                    ]
                  ]
                }
              },
              "Resource": "*"
            }
          ],
          "Version": "2012-10-17"
        },
        "EnableKeyRotation": true
      },
      "UpdateReplacePolicy": "Retain",
      "DeletionPolicy": "Retain"
    },
    "testlambdasagemakerSagemakerNotebookEB4826D4": {
      "Type": "AWS::SageMaker::NotebookInstance",
      "Properties": {
        "InstanceType": "ml.t2.medium",
        "RoleArn": {
          "Fn::GetAtt": [
            "testlambdasagemakerSagemakerRoleD84546B8",
            "Arn"
          ]
        },
        "KmsKeyId": {
          "Ref": "testlambdasagemakerEncryptionKey2AACF9E0"
        },
        "SecurityGroupIds": [
          {
            "Fn::GetAtt": [
              "testlambdasagemakerSecurityGroupC6C5F1B6",
              "GroupId"
            ]
          }
        ],
        "SubnetId": {
          "Ref": "testlambdasagemakerVpcisolatedSubnetSubnet1Subnet05AFD1F8"
        }
      }
    }
  },
  "Parameters": {
    "AssetParametersbbd4928056408f5117aa5fd896a1f9d30cd4cdcdd7a62b4ad10695042c250b20S3Bucket01219483": {
      "Type": "String",
      "Description": "S3 bucket for asset \"bbd4928056408f5117aa5fd896a1f9d30cd4cdcdd7a62b4ad10695042c250b20\""
    },
    "AssetParametersbbd4928056408f5117aa5fd896a1f9d30cd4cdcdd7a62b4ad10695042c250b20S3VersionKeyC029AFFB": {
      "Type": "String",
      "Description": "S3 key for asset version \"bbd4928056408f5117aa5fd896a1f9d30cd4cdcdd7a62b4ad10695042c250b20\""
    },
    "AssetParametersbbd4928056408f5117aa5fd896a1f9d30cd4cdcdd7a62b4ad10695042c250b20ArtifactHash21B905D2": {
      "Type": "String",
      "Description": "Artifact hash for asset \"bbd4928056408f5117aa5fd896a1f9d30cd4cdcdd7a62b4ad10695042c250b20\""
    }
  }
}