{
  "Resources": {
    "testFunctionServiceRoleFEC29B6F": {
      "Type": "AWS::IAM::Role",
      "Properties": {
        "AssumeRolePolicyDocument": {
          "Statement": [
            {
              "Action": "sts:AssumeRole",
              "Effect": "Allow",
              "Principal": {
                "Service": "lambda.amazonaws.com"
              }
            }
          ],
          "Version": "2012-10-17"
        },
        "ManagedPolicyArns": [
          {
            "Fn::Join": [
              "",
              [
                "arn:",
                {
                  "Ref": "AWS::Partition"
                },
                ":iam::aws:policy/service-role/AWSLambdaBasicExecutionRole"
              ]
            ]
          }
        ]
      }
    },
    "testFunction483F4CBE": {
      "Type": "AWS::Lambda::Function",
      "Properties": {
        "Code": {
          "S3Bucket": {
            "Fn::Sub": "cdk-hnb659fds-assets-${AWS::AccountId}-${AWS::Region}"
          },
          "S3Key": "42a35bbf0dec9ef0ac5b0dde87e71a1b8929e8d2d178dd09ccfb2c928ec0198c.zip"
        },
        "Handler": ".handler",
        "Role": {
          "Fn::GetAtt": [
            "testFunctionServiceRoleFEC29B6F",
            "Arn"
          ]
        },
        "Runtime": "nodejs16.x"
      },
      "DependsOn": [
        "testFunctionServiceRoleFEC29B6F"
      ],
      "Metadata": {
        "cfn_nag": {
          "rules_to_suppress": [
            {
              "id": "W58",
              "reason": "Test Resource"
            },
            {
              "id": "W89",
              "reason": "Test Resource"
            },
            {
              "id": "W92",
              "reason": "Test Resource"
            }
          ]
        }
      }
    },
    "testAuthFunctionServiceRole67229217": {
      "Type": "AWS::IAM::Role",
      "Properties": {
        "AssumeRolePolicyDocument": {
          "Statement": [
            {
              "Action": "sts:AssumeRole",
              "Effect": "Allow",
              "Principal": {
                "Service": "lambda.amazonaws.com"
              }
            }
          ],
          "Version": "2012-10-17"
        },
        "ManagedPolicyArns": [
          {
            "Fn::Join": [
              "",
              [
                "arn:",
                {
                  "Ref": "AWS::Partition"
                },
                ":iam::aws:policy/service-role/AWSLambdaBasicExecutionRole"
              ]
            ]
          }
        ]
      }
    },
    "testAuthFunctionDEE315BB": {
      "Type": "AWS::Lambda::Function",
      "Properties": {
        "Code": {
          "S3Bucket": {
            "Fn::Sub": "cdk-hnb659fds-assets-${AWS::AccountId}-${AWS::Region}"
          },
          "S3Key": "42a35bbf0dec9ef0ac5b0dde87e71a1b8929e8d2d178dd09ccfb2c928ec0198c.zip"
        },
        "Handler": ".handler",
        "Role": {
          "Fn::GetAtt": [
            "testAuthFunctionServiceRole67229217",
            "Arn"
          ]
        },
        "Runtime": "nodejs16.x"
      },
      "DependsOn": [
        "testAuthFunctionServiceRole67229217"
      ],
      "Metadata": {
        "cfn_nag": {
          "rules_to_suppress": [
            {
              "id": "W58",
              "reason": "Test Resource"
            },
            {
              "id": "W89",
              "reason": "Test Resource"
            },
            {
              "id": "W92",
              "reason": "Test Resource"
            }
          ]
        }
      }
    },
    "testAuthFunctionwafapipartialargumentstestauthorizerDC0C2973Permissions3E01E2C8": {
      "Type": "AWS::Lambda::Permission",
      "Properties": {
        "Action": "lambda:InvokeFunction",
        "FunctionName": {
          "Fn::GetAtt": [
            "testAuthFunctionDEE315BB",
            "Arn"
          ]
        },
        "Principal": "apigateway.amazonaws.com",
        "SourceArn": {
          "Fn::Join": [
            "",
            [
              "arn:",
              {
                "Ref": "AWS::Partition"
              },
              ":execute-api:",
              {
                "Ref": "AWS::Region"
              },
              ":",
              {
                "Ref": "AWS::AccountId"
              },
              ":",
              {
                "Ref": "testApiD6ECAB50"
              },
              "/authorizers/",
              {
                "Ref": "testauthorizer92817493"
              }
            ]
          ]
        }
      }
    },
    "testauthorizer92817493": {
      "Type": "AWS::ApiGateway::Authorizer",
      "Properties": {
        "AuthorizerUri": {
          "Fn::Join": [
            "",
            [
              "arn:",
              {
                "Fn::Select": [
                  1,
                  {
                    "Fn::Split": [
                      ":",
                      {
                        "Fn::GetAtt": [
                          "testAuthFunctionDEE315BB",
                          "Arn"
                        ]
                      }
                    ]
                  }
                ]
              },
              ":apigateway:",
              {
                "Fn::Select": [
                  3,
                  {
                    "Fn::Split": [
                      ":",
                      {
                        "Fn::GetAtt": [
                          "testAuthFunctionDEE315BB",
                          "Arn"
                        ]
                      }
                    ]
                  }
                ]
              },
              ":lambda:path/2015-03-31/functions/",
              {
                "Fn::GetAtt": [
                  "testAuthFunctionDEE315BB",
                  "Arn"
                ]
              },
              "/invocations"
            ]
          ]
        },
        "IdentitySource": "method.request.header.Authorization",
        "Name": "wafapipartialargumentstestauthorizerDC0C2973",
        "RestApiId": {
          "Ref": "testApiD6ECAB50"
        },
        "Type": "REQUEST"
      }
    },
    "testApiD6ECAB50": {
      "Type": "AWS::ApiGateway::RestApi",
      "Properties": {
        "Name": "testApi"
      }
    },
    "testApiCloudWatchRole8A11639C": {
      "Type": "AWS::IAM::Role",
      "Properties": {
        "AssumeRolePolicyDocument": {
          "Statement": [
            {
              "Action": "sts:AssumeRole",
              "Effect": "Allow",
              "Principal": {
                "Service": "apigateway.amazonaws.com"
              }
            }
          ],
          "Version": "2012-10-17"
        },
        "ManagedPolicyArns": [
          {
            "Fn::Join": [
              "",
              [
                "arn:",
                {
                  "Ref": "AWS::Partition"
                },
                ":iam::aws:policy/service-role/AmazonAPIGatewayPushToCloudWatchLogs"
              ]
            ]
          }
        ]
      },
      "UpdateReplacePolicy": "Retain",
      "DeletionPolicy": "Retain"
    },
    "testApiAccountA6723CBB": {
      "Type": "AWS::ApiGateway::Account",
      "Properties": {
        "CloudWatchRoleArn": {
          "Fn::GetAtt": [
            "testApiCloudWatchRole8A11639C",
            "Arn"
          ]
        }
      },
      "DependsOn": [
        "testApiD6ECAB50"
      ],
      "UpdateReplacePolicy": "Retain",
      "DeletionPolicy": "Retain"
    },
    "testApiDeployment3727A0B97295752083e4c65ca6a2bed01f04b1cd": {
      "Type": "AWS::ApiGateway::Deployment",
      "Properties": {
        "Description": "Automatically created by the RestApi construct",
        "RestApiId": {
          "Ref": "testApiD6ECAB50"
        }
      },
      "DependsOn": [
        "testApiproxyANYC53F2608",
        "testApiproxyA0E5503A",
        "testApiANYDC600770"
      ],
      "Metadata": {
        "cfn_nag": {
          "rules_to_suppress": [
            {
              "id": "W68",
              "reason": "Test Resource"
            }
          ]
        }
      }
    },
    "testApiDeploymentStageprodCE051BE8": {
      "Type": "AWS::ApiGateway::Stage",
      "Properties": {
        "DeploymentId": {
          "Ref": "testApiDeployment3727A0B97295752083e4c65ca6a2bed01f04b1cd"
        },
        "RestApiId": {
          "Ref": "testApiD6ECAB50"
        },
        "StageName": "prod"
      },
      "DependsOn": [
        "testApiAccountA6723CBB"
      ],
      "Metadata": {
        "cfn_nag": {
          "rules_to_suppress": [
            {
              "id": "W64",
              "reason": "Test Resource"
            },
            {
              "id": "W69",
              "reason": "Test Resource"
            }
          ]
        }
      }
    },
    "testApiproxyA0E5503A": {
      "Type": "AWS::ApiGateway::Resource",
      "Properties": {
        "ParentId": {
          "Fn::GetAtt": [
            "testApiD6ECAB50",
            "RootResourceId"
          ]
        },
        "PathPart": "{proxy+}",
        "RestApiId": {
          "Ref": "testApiD6ECAB50"
        }
      }
    },
    "testApiproxyANYApiPermissionwafapipartialargumentstestApi4A48F3FBANYproxyAE6A25BF": {
      "Type": "AWS::Lambda::Permission",
      "Properties": {
        "Action": "lambda:InvokeFunction",
        "FunctionName": {
          "Fn::GetAtt": [
            "testFunction483F4CBE",
            "Arn"
          ]
        },
        "Principal": "apigateway.amazonaws.com",
        "SourceArn": {
          "Fn::Join": [
            "",
            [
              "arn:",
              {
                "Ref": "AWS::Partition"
              },
              ":execute-api:",
              {
                "Ref": "AWS::Region"
              },
              ":",
              {
                "Ref": "AWS::AccountId"
              },
              ":",
              {
                "Ref": "testApiD6ECAB50"
              },
              "/",
              {
                "Ref": "testApiDeploymentStageprodCE051BE8"
              },
              "/*/*"
            ]
          ]
        }
      }
    },
    "testApiproxyANYApiPermissionTestwafapipartialargumentstestApi4A48F3FBANYproxy2829A2A7": {
      "Type": "AWS::Lambda::Permission",
      "Properties": {
        "Action": "lambda:InvokeFunction",
        "FunctionName": {
          "Fn::GetAtt": [
            "testFunction483F4CBE",
            "Arn"
          ]
        },
        "Principal": "apigateway.amazonaws.com",
        "SourceArn": {
          "Fn::Join": [
            "",
            [
              "arn:",
              {
                "Ref": "AWS::Partition"
              },
              ":execute-api:",
              {
                "Ref": "AWS::Region"
              },
              ":",
              {
                "Ref": "AWS::AccountId"
              },
              ":",
              {
                "Ref": "testApiD6ECAB50"
              },
              "/test-invoke-stage/*/*"
            ]
          ]
        }
      }
    },
    "testApiproxyANYC53F2608": {
      "Type": "AWS::ApiGateway::Method",
      "Properties": {
        "AuthorizationType": "CUSTOM",
        "AuthorizerId": {
          "Ref": "testauthorizer92817493"
        },
        "HttpMethod": "ANY",
        "Integration": {
          "IntegrationHttpMethod": "POST",
          "Type": "AWS_PROXY",
          "Uri": {
            "Fn::Join": [
              "",
              [
                "arn:",
                {
                  "Ref": "AWS::Partition"
                },
                ":apigateway:",
                {
                  "Ref": "AWS::Region"
                },
                ":lambda:path/2015-03-31/functions/",
                {
                  "Fn::GetAtt": [
                    "testFunction483F4CBE",
                    "Arn"
                  ]
                },
                "/invocations"
              ]
            ]
          }
        },
        "ResourceId": {
          "Ref": "testApiproxyA0E5503A"
        },
        "RestApiId": {
          "Ref": "testApiD6ECAB50"
        }
      },
      "Metadata": {
        "cfn_nag": {
          "rules_to_suppress": [
            {
              "id": "W59",
              "reason": "Test Resource"
            }
          ]
        }
      }
    },
    "testApiANYApiPermissionwafapipartialargumentstestApi4A48F3FBANY92439CB8": {
      "Type": "AWS::Lambda::Permission",
      "Properties": {
        "Action": "lambda:InvokeFunction",
        "FunctionName": {
          "Fn::GetAtt": [
            "testFunction483F4CBE",
            "Arn"
          ]
        },
        "Principal": "apigateway.amazonaws.com",
        "SourceArn": {
          "Fn::Join": [
            "",
            [
              "arn:",
              {
                "Ref": "AWS::Partition"
              },
              ":execute-api:",
              {
                "Ref": "AWS::Region"
              },
              ":",
              {
                "Ref": "AWS::AccountId"
              },
              ":",
              {
                "Ref": "testApiD6ECAB50"
              },
              "/",
              {
                "Ref": "testApiDeploymentStageprodCE051BE8"
              },
              "/*/"
            ]
          ]
        }
      }
    },
    "testApiANYApiPermissionTestwafapipartialargumentstestApi4A48F3FBANY15778CF5": {
      "Type": "AWS::Lambda::Permission",
      "Properties": {
        "Action": "lambda:InvokeFunction",
        "FunctionName": {
          "Fn::GetAtt": [
            "testFunction483F4CBE",
            "Arn"
          ]
        },
        "Principal": "apigateway.amazonaws.com",
        "SourceArn": {
          "Fn::Join": [
            "",
            [
              "arn:",
              {
                "Ref": "AWS::Partition"
              },
              ":execute-api:",
              {
                "Ref": "AWS::Region"
              },
              ":",
              {
                "Ref": "AWS::AccountId"
              },
              ":",
              {
                "Ref": "testApiD6ECAB50"
              },
              "/test-invoke-stage/*/"
            ]
          ]
        }
      }
    },
    "testApiANYDC600770": {
      "Type": "AWS::ApiGateway::Method",
      "Properties": {
        "AuthorizationType": "CUSTOM",
        "AuthorizerId": {
          "Ref": "testauthorizer92817493"
        },
        "HttpMethod": "ANY",
        "Integration": {
          "IntegrationHttpMethod": "POST",
          "Type": "AWS_PROXY",
          "Uri": {
            "Fn::Join": [
              "",
              [
                "arn:",
                {
                  "Ref": "AWS::Partition"
                },
                ":apigateway:",
                {
                  "Ref": "AWS::Region"
                },
                ":lambda:path/2015-03-31/functions/",
                {
                  "Fn::GetAtt": [
                    "testFunction483F4CBE",
                    "Arn"
                  ]
                },
                "/invocations"
              ]
            ]
          }
        },
        "ResourceId": {
          "Fn::GetAtt": [
            "testApiD6ECAB50",
            "RootResourceId"
          ]
        },
        "RestApiId": {
          "Ref": "testApiD6ECAB50"
        }
      },
      "Metadata": {
        "cfn_nag": {
          "rules_to_suppress": [
            {
              "id": "W59",
              "reason": "Test Resource"
            }
          ]
        }
      }
    },
    "testwafwebaclapigatewaylambdatestwafwebaclapigatewaylambdaWebACL9DE6948C": {
      "Type": "AWS::WAFv2::WebACL",
      "Properties": {
        "DefaultAction": {
          "Allow": {}
        },
        "Name": "test-name-apigateway",
        "Rules": [
          {
            "Name": "AWS-AWSManagedRulesBotControlRuleSet",
            "OverrideAction": {
              "None": {}
            },
            "Priority": 0,
            "Statement": {
              "ManagedRuleGroupStatement": {
                "Name": "AWSManagedRulesBotControlRuleSet",
                "VendorName": "AWS"
              }
            },
            "VisibilityConfig": {
              "CloudWatchMetricsEnabled": true,
              "MetricName": "AWSManagedRulesBotControlRuleSet",
              "SampledRequestsEnabled": true
            }
          },
          {
            "Name": "AWS-AWSManagedRulesKnownBadInputsRuleSet",
            "OverrideAction": {
              "None": {}
            },
            "Priority": 1,
            "Statement": {
              "ManagedRuleGroupStatement": {
                "Name": "AWSManagedRulesKnownBadInputsRuleSet",
                "VendorName": "AWS"
              }
            },
            "VisibilityConfig": {
              "CloudWatchMetricsEnabled": true,
              "MetricName": "AWSManagedRulesKnownBadInputsRuleSet",
              "SampledRequestsEnabled": true
            }
          },
          {
            "Name": "AWS-AWSManagedRulesCommonRuleSet",
            "OverrideAction": {
              "None": {}
            },
            "Priority": 2,
            "Statement": {
              "ManagedRuleGroupStatement": {
                "Name": "AWSManagedRulesCommonRuleSet",
                "VendorName": "AWS"
              }
            },
            "VisibilityConfig": {
              "CloudWatchMetricsEnabled": true,
              "MetricName": "AWSManagedRulesCommonRuleSet",
              "SampledRequestsEnabled": true
            }
          },
          {
            "Name": "AWS-AWSManagedRulesAnonymousIpList",
            "OverrideAction": {
              "None": {}
            },
            "Priority": 3,
            "Statement": {
              "ManagedRuleGroupStatement": {
                "Name": "AWSManagedRulesAnonymousIpList",
                "VendorName": "AWS"
              }
            },
            "VisibilityConfig": {
              "CloudWatchMetricsEnabled": true,
              "MetricName": "AWSManagedRulesAnonymousIpList",
              "SampledRequestsEnabled": true
            }
          },
          {
            "Name": "AWS-AWSManagedRulesAmazonIpReputationList",
            "OverrideAction": {
              "None": {}
            },
            "Priority": 4,
            "Statement": {
              "ManagedRuleGroupStatement": {
                "Name": "AWSManagedRulesAmazonIpReputationList",
                "VendorName": "AWS"
              }
            },
            "VisibilityConfig": {
              "CloudWatchMetricsEnabled": true,
              "MetricName": "AWSManagedRulesAmazonIpReputationList",
              "SampledRequestsEnabled": true
            }
          },
          {
            "Name": "AWS-AWSManagedRulesAdminProtectionRuleSet",
            "OverrideAction": {
              "None": {}
            },
            "Priority": 5,
            "Statement": {
              "ManagedRuleGroupStatement": {
                "Name": "AWSManagedRulesAdminProtectionRuleSet",
                "VendorName": "AWS"
              }
            },
            "VisibilityConfig": {
              "CloudWatchMetricsEnabled": true,
              "MetricName": "AWSManagedRulesAdminProtectionRuleSet",
              "SampledRequestsEnabled": true
            }
          },
          {
            "Name": "AWS-AWSManagedRulesSQLiRuleSet",
            "OverrideAction": {
              "None": {}
            },
            "Priority": 6,
            "Statement": {
              "ManagedRuleGroupStatement": {
                "Name": "AWSManagedRulesSQLiRuleSet",
                "VendorName": "AWS"
              }
            },
            "VisibilityConfig": {
              "CloudWatchMetricsEnabled": true,
              "MetricName": "AWSManagedRulesSQLiRuleSet",
              "SampledRequestsEnabled": true
            }
          }
        ],
        "Scope": "REGIONAL",
        "VisibilityConfig": {
          "CloudWatchMetricsEnabled": true,
          "MetricName": "webACL",
          "SampledRequestsEnabled": true
        }
      }
    },
    "testwafwebaclapigatewaylambdaWebACLAssociation": {
      "Type": "AWS::WAFv2::WebACLAssociation",
      "Properties": {
        "ResourceArn": {
          "Fn::Join": [
            "",
            [
              "arn:",
              {
                "Ref": "AWS::Partition"
              },
              ":apigateway:",
              {
                "Ref": "AWS::Region"
              },
              "::/restapis/",
              {
                "Ref": "testApiD6ECAB50"
              },
              "/stages/",
              {
                "Ref": "testApiDeploymentStageprodCE051BE8"
              }
            ]
          ]
        },
        "WebACLArn": {
          "Fn::GetAtt": [
            "testwafwebaclapigatewaylambdatestwafwebaclapigatewaylambdaWebACL9DE6948C",
            "Arn"
          ]
        }
      }
    }
  },
  "Outputs": {
    "testApiEndpointC9D07ADA": {
      "Value": {
        "Fn::Join": [
          "",
          [
            "https://",
            {
              "Ref": "testApiD6ECAB50"
            },
            ".execute-api.",
            {
              "Ref": "AWS::Region"
            },
            ".",
            {
              "Ref": "AWS::URLSuffix"
            },
            "/",
            {
              "Ref": "testApiDeploymentStageprodCE051BE8"
            },
            "/"
          ]
        ]
      }
    }
  },
  "Parameters": {
    "BootstrapVersion": {
      "Type": "AWS::SSM::Parameter::Value<String>",
      "Default": "/cdk-bootstrap/hnb659fds/version",
      "Description": "Version of the CDK Bootstrap resources in this environment, automatically retrieved from SSM Parameter Store. [cdk:skip]"
    }
  },
  "Rules": {
    "CheckBootstrapVersion": {
      "Assertions": [
        {
          "Assert": {
            "Fn::Not": [
              {
                "Fn::Contains": [
                  [
                    "1",
                    "2",
                    "3",
                    "4",
                    "5"
                  ],
                  {
                    "Ref": "BootstrapVersion"
                  }
                ]
              }
            ]
          },
          "AssertDescription": "CDK bootstrap stack version 6 required. Please run 'cdk bootstrap' with a recent version of the CDK CLI."
        }
      ]
    }
  }
}