// Jest Snapshot v1, https://goo.gl/fbAQLP

exports[`snapshot test KinesisFirehoseToS3 default params 1`] = `
Object {
  "Resources": Object {
    "testfirehoses3KinesisFirehose5D459661": Object {
      "Properties": Object {
        "ExtendedS3DestinationConfiguration": Object {
          "BucketARN": Object {
            "Fn::GetAtt": Array [
              "testfirehoses3S3Bucket93480488",
              "Arn",
            ],
          },
          "BufferingHints": Object {
            "IntervalInSeconds": 300,
            "SizeInMBs": 5,
          },
          "CloudWatchLoggingOptions": Object {
            "Enabled": true,
            "LogGroupName": Object {
              "Ref": "testfirehoses3firehoseloggroup8067C3EC",
            },
            "LogStreamName": Object {
              "Ref": "testfirehoses3firehoseloggroupfirehoselogstreamAC5E7A6B",
            },
          },
          "CompressionFormat": "GZIP",
          "RoleARN": Object {
            "Fn::GetAtt": Array [
              "testfirehoses3KinesisFirehoseRole9BC5362D",
              "Arn",
            ],
          },
        },
      },
      "Type": "AWS::KinesisFirehose::DeliveryStream",
    },
    "testfirehoses3KinesisFirehosePolicy34C2972F": Object {
      "Properties": Object {
        "PolicyDocument": Object {
          "Statement": Array [
            Object {
              "Action": Array [
                "s3:AbortMultipartUpload",
                "s3:GetBucketLocation",
                "s3:GetObject",
                "s3:ListBucket",
                "s3:ListBucketMultipartUploads",
                "s3:PutObject",
              ],
              "Effect": "Allow",
              "Resource": Array [
                Object {
                  "Fn::GetAtt": Array [
                    "testfirehoses3S3Bucket93480488",
                    "Arn",
                  ],
                },
                Object {
                  "Fn::Join": Array [
                    "",
                    Array [
                      Object {
                        "Fn::GetAtt": Array [
                          "testfirehoses3S3Bucket93480488",
                          "Arn",
                        ],
                      },
                      "/*",
                    ],
                  ],
                },
              ],
            },
            Object {
              "Action": "logs:PutLogEvents",
              "Effect": "Allow",
              "Resource": Object {
                "Fn::Join": Array [
                  "",
                  Array [
                    "arn:",
                    Object {
                      "Ref": "AWS::Partition",
                    },
                    ":logs:",
                    Object {
                      "Ref": "AWS::Region",
                    },
                    ":",
                    Object {
                      "Ref": "AWS::AccountId",
                    },
                    ":log-group:",
                    Object {
                      "Ref": "testfirehoses3firehoseloggroup8067C3EC",
                    },
                    ":log-stream:",
                    Object {
                      "Ref": "testfirehoses3firehoseloggroupfirehoselogstreamAC5E7A6B",
                    },
                  ],
                ],
              },
            },
          ],
          "Version": "2012-10-17",
        },
        "PolicyName": "testfirehoses3KinesisFirehosePolicy34C2972F",
        "Roles": Array [
          Object {
            "Ref": "testfirehoses3KinesisFirehoseRole9BC5362D",
          },
        ],
      },
      "Type": "AWS::IAM::Policy",
    },
    "testfirehoses3KinesisFirehoseRole9BC5362D": Object {
      "Properties": Object {
        "AssumeRolePolicyDocument": Object {
          "Statement": Array [
            Object {
              "Action": "sts:AssumeRole",
              "Effect": "Allow",
              "Principal": Object {
                "Service": "firehose.amazonaws.com",
              },
            },
          ],
          "Version": "2012-10-17",
        },
      },
      "Type": "AWS::IAM::Role",
    },
    "testfirehoses3S3Bucket93480488": Object {
      "DeletionPolicy": "Retain",
      "Properties": Object {
        "BucketEncryption": Object {
          "ServerSideEncryptionConfiguration": Array [
            Object {
              "ServerSideEncryptionByDefault": Object {
                "SSEAlgorithm": "AES256",
              },
            },
          ],
        },
        "LifecycleConfiguration": Object {
          "Rules": Array [
            Object {
              "NoncurrentVersionTransitions": Array [
                Object {
                  "StorageClass": "GLACIER",
                  "TransitionInDays": 90,
                },
              ],
              "Status": "Enabled",
            },
          ],
        },
        "LoggingConfiguration": Object {
          "DestinationBucketName": Object {
            "Ref": "testfirehoses3S3LoggingBucket31BFDC22",
          },
        },
        "PublicAccessBlockConfiguration": Object {
          "BlockPublicAcls": true,
          "BlockPublicPolicy": true,
          "IgnorePublicAcls": true,
          "RestrictPublicBuckets": true,
        },
        "VersioningConfiguration": Object {
          "Status": "Enabled",
        },
      },
      "Type": "AWS::S3::Bucket",
      "UpdateReplacePolicy": "Retain",
    },
    "testfirehoses3S3BucketPolicyF01906C0": Object {
      "Properties": Object {
        "Bucket": Object {
          "Ref": "testfirehoses3S3Bucket93480488",
        },
        "PolicyDocument": Object {
          "Statement": Array [
            Object {
              "Action": "*",
              "Condition": Object {
                "Bool": Object {
                  "aws:SecureTransport": "false",
                },
              },
              "Effect": "Deny",
              "Principal": "*",
              "Resource": Object {
                "Fn::Join": Array [
                  "",
                  Array [
                    Object {
                      "Fn::GetAtt": Array [
                        "testfirehoses3S3Bucket93480488",
                        "Arn",
                      ],
                    },
                    "/*",
                  ],
                ],
              },
              "Sid": "HttpsOnly",
            },
          ],
          "Version": "2012-10-17",
        },
      },
      "Type": "AWS::S3::BucketPolicy",
    },
    "testfirehoses3S3LoggingBucket31BFDC22": Object {
      "DeletionPolicy": "Retain",
      "Metadata": Object {
        "cfn_nag": Object {
          "rules_to_suppress": Array [
            Object {
              "id": "W35",
              "reason": "This S3 bucket is used as the access logging bucket for another bucket",
            },
          ],
        },
      },
      "Properties": Object {
        "AccessControl": "LogDeliveryWrite",
        "BucketEncryption": Object {
          "ServerSideEncryptionConfiguration": Array [
            Object {
              "ServerSideEncryptionByDefault": Object {
                "SSEAlgorithm": "AES256",
              },
            },
          ],
        },
        "PublicAccessBlockConfiguration": Object {
          "BlockPublicAcls": true,
          "BlockPublicPolicy": true,
          "IgnorePublicAcls": true,
          "RestrictPublicBuckets": true,
        },
      },
      "Type": "AWS::S3::Bucket",
      "UpdateReplacePolicy": "Retain",
    },
    "testfirehoses3S3LoggingBucketPolicyA41D0380": Object {
      "Properties": Object {
        "Bucket": Object {
          "Ref": "testfirehoses3S3LoggingBucket31BFDC22",
        },
        "PolicyDocument": Object {
          "Statement": Array [
            Object {
              "Action": "*",
              "Condition": Object {
                "Bool": Object {
                  "aws:SecureTransport": "false",
                },
              },
              "Effect": "Deny",
              "Principal": "*",
              "Resource": Object {
                "Fn::Join": Array [
                  "",
                  Array [
                    Object {
                      "Fn::GetAtt": Array [
                        "testfirehoses3S3LoggingBucket31BFDC22",
                        "Arn",
                      ],
                    },
                    "/*",
                  ],
                ],
              },
              "Sid": "HttpsOnly",
            },
          ],
          "Version": "2012-10-17",
        },
      },
      "Type": "AWS::S3::BucketPolicy",
    },
    "testfirehoses3firehoseloggroup8067C3EC": Object {
      "DeletionPolicy": "Retain",
      "Type": "AWS::Logs::LogGroup",
      "UpdateReplacePolicy": "Retain",
    },
    "testfirehoses3firehoseloggroupfirehoselogstreamAC5E7A6B": Object {
      "DeletionPolicy": "Retain",
      "Properties": Object {
        "LogGroupName": Object {
          "Ref": "testfirehoses3firehoseloggroup8067C3EC",
        },
      },
      "Type": "AWS::Logs::LogStream",
      "UpdateReplacePolicy": "Retain",
    },
  },
}
`;
