{
  "Resources": {
    "testlambdaelasticsearchkibana3LambdaFunctionServiceRoleA3C1E07E": {
      "Type": "AWS::IAM::Role",
      "Properties": {
        "AssumeRolePolicyDocument": {
          "Statement": [
            {
              "Action": "sts:AssumeRole",
              "Effect": "Allow",
              "Principal": {
                "Service": "lambda.amazonaws.com"
              }
            }
          ],
          "Version": "2012-10-17"
        },
        "Policies": [
          {
            "PolicyDocument": {
              "Statement": [
                {
                  "Action": [
                    "logs:CreateLogGroup",
                    "logs:CreateLogStream",
                    "logs:PutLogEvents"
                  ],
                  "Effect": "Allow",
                  "Resource": {
                    "Fn::Join": [
                      "",
                      [
                        "arn:",
                        {
                          "Ref": "AWS::Partition"
                        },
                        ":logs:",
                        {
                          "Ref": "AWS::Region"
                        },
                        ":",
                        {
                          "Ref": "AWS::AccountId"
                        },
                        ":log-group:/aws/lambda/*"
                      ]
                    ]
                  }
                }
              ],
              "Version": "2012-10-17"
            },
            "PolicyName": "LambdaFunctionServiceRolePolicy"
          }
        ]
      }
    },
    "testlambdaelasticsearchkibana3LambdaFunctionServiceRoleDefaultPolicyA148ED7D": {
      "Type": "AWS::IAM::Policy",
      "Properties": {
        "PolicyDocument": {
          "Statement": [
            {
              "Action": [
                "ec2:CreateNetworkInterface",
                "ec2:DescribeNetworkInterfaces",
                "ec2:DeleteNetworkInterface",
                "ec2:AssignPrivateIpAddresses",
                "ec2:UnassignPrivateIpAddresses"
              ],
              "Effect": "Allow",
              "Resource": "*"
            },
            {
              "Action": [
                "xray:PutTraceSegments",
                "xray:PutTelemetryRecords"
              ],
              "Effect": "Allow",
              "Resource": "*"
            }
          ],
          "Version": "2012-10-17"
        },
        "PolicyName": "testlambdaelasticsearchkibana3LambdaFunctionServiceRoleDefaultPolicyA148ED7D",
        "Roles": [
          {
            "Ref": "testlambdaelasticsearchkibana3LambdaFunctionServiceRoleA3C1E07E"
          }
        ]
      },
      "Metadata": {
        "cfn_nag": {
          "rules_to_suppress": [
            {
              "id": "W12",
              "reason": "Lambda needs the following minimum required permissions to send trace data to X-Ray and access ENIs in a VPC."
            }
          ]
        }
      }
    },
    "testlambdaelasticsearchkibana3ReplaceDefaultSecurityGroupsecuritygroupEB497E1A": {
      "Type": "AWS::EC2::SecurityGroup",
      "Properties": {
        "GroupDescription": "test-lambda-elasticsearch-kibana-stack3/test-lambda-elasticsearch-kibana3/ReplaceDefaultSecurityGroup-security-group",
        "SecurityGroupEgress": [
          {
            "CidrIp": "0.0.0.0/0",
            "Description": "Allow all outbound traffic by default",
            "IpProtocol": "-1"
          }
        ],
        "VpcId": {
          "Ref": "Vpc8378EB38"
        }
      },
      "Metadata": {
        "cfn_nag": {
          "rules_to_suppress": [
            {
              "id": "W5",
              "reason": "Egress of 0.0.0.0/0 is default and generally considered OK"
            },
            {
              "id": "W40",
              "reason": "Egress IPProtocol of -1 is default and generally considered OK"
            }
          ]
        }
      }
    },
    "testlambdaelasticsearchkibana3LambdaFunctionE377CF86": {
      "Type": "AWS::Lambda::Function",
      "Properties": {
        "Code": {
          "S3Bucket": {
            "Ref": "AssetParameters67a9971e29baab2bde3043bb70ce5b53318b95429a1ce9b189cf65223e8682dbS3BucketBAF5BF3A"
          },
          "S3Key": {
            "Fn::Join": [
              "",
              [
                {
                  "Fn::Select": [
                    0,
                    {
                      "Fn::Split": [
                        "||",
                        {
                          "Ref": "AssetParameters67a9971e29baab2bde3043bb70ce5b53318b95429a1ce9b189cf65223e8682dbS3VersionKeyADB3CCA3"
                        }
                      ]
                    }
                  ]
                },
                {
                  "Fn::Select": [
                    1,
                    {
                      "Fn::Split": [
                        "||",
                        {
                          "Ref": "AssetParameters67a9971e29baab2bde3043bb70ce5b53318b95429a1ce9b189cf65223e8682dbS3VersionKeyADB3CCA3"
                        }
                      ]
                    }
                  ]
                }
              ]
            ]
          }
        },
        "Role": {
          "Fn::GetAtt": [
            "testlambdaelasticsearchkibana3LambdaFunctionServiceRoleA3C1E07E",
            "Arn"
          ]
        },
        "Environment": {
          "Variables": {
            "AWS_NODEJS_CONNECTION_REUSE_ENABLED": "1",
            "DOMAIN_ENDPOINT": {
              "Fn::GetAtt": [
                "testlambdaelasticsearchkibana3ElasticsearchDomain268DE741",
                "DomainEndpoint"
              ]
            }
          }
        },
        "Handler": "index.handler",
        "Runtime": "nodejs12.x",
        "TracingConfig": {
          "Mode": "Active"
        },
        "VpcConfig": {
          "SecurityGroupIds": [
            {
              "Fn::GetAtt": [
                "testlambdaelasticsearchkibana3ReplaceDefaultSecurityGroupsecuritygroupEB497E1A",
                "GroupId"
              ]
            }
          ],
          "SubnetIds": [
            {
              "Ref": "VpcprivateSubnet1SubnetCEAD3716"
            }
          ]
        }
      },
      "DependsOn": [
        "testlambdaelasticsearchkibana3LambdaFunctionServiceRoleDefaultPolicyA148ED7D",
        "testlambdaelasticsearchkibana3LambdaFunctionServiceRoleA3C1E07E"
      ],
      "Metadata": {
        "cfn_nag": {
          "rules_to_suppress": [
            {
              "id": "W58",
              "reason": "Lambda functions has the required permission to write CloudWatch Logs. It uses custom policy instead of arn:aws:iam::aws:policy/service-role/AWSLambdaBasicExecutionRole with tighter permissions."
            },
            {
              "id": "W89",
              "reason": "This is not a rule for the general case, just for specific use cases/industries"
            },
            {
              "id": "W92",
              "reason": "Impossible for us to define the correct concurrency for clients"
            }
          ]
        }
      }
    },
    "testlambdaelasticsearchkibana3CognitoUserPoolEF0D5793": {
      "Type": "AWS::Cognito::UserPool",
      "Properties": {
        "AccountRecoverySetting": {
          "RecoveryMechanisms": [
            {
              "Name": "verified_phone_number",
              "Priority": 1
            },
            {
              "Name": "verified_email",
              "Priority": 2
            }
          ]
        },
        "AdminCreateUserConfig": {
          "AllowAdminCreateUserOnly": true
        },
        "EmailVerificationMessage": "The verification code to your new account is {####}",
        "EmailVerificationSubject": "Verify your new account",
        "SmsVerificationMessage": "The verification code to your new account is {####}",
        "UserPoolAddOns": {
          "AdvancedSecurityMode": "ENFORCED"
        },
        "VerificationMessageTemplate": {
          "DefaultEmailOption": "CONFIRM_WITH_CODE",
          "EmailMessage": "The verification code to your new account is {####}",
          "EmailSubject": "Verify your new account",
          "SmsMessage": "The verification code to your new account is {####}"
        }
      },
      "UpdateReplacePolicy": "Retain",
      "DeletionPolicy": "Retain"
    },
    "testlambdaelasticsearchkibana3CognitoUserPoolClient89D3C6A0": {
      "Type": "AWS::Cognito::UserPoolClient",
      "Properties": {
        "UserPoolId": {
          "Ref": "testlambdaelasticsearchkibana3CognitoUserPoolEF0D5793"
        },
        "AllowedOAuthFlows": [
          "implicit",
          "code"
        ],
        "AllowedOAuthFlowsUserPoolClient": true,
        "AllowedOAuthScopes": [
          "profile",
          "phone",
          "email",
          "openid",
          "aws.cognito.signin.user.admin"
        ],
        "CallbackURLs": [
          "https://example.com"
        ],
        "SupportedIdentityProviders": [
          "COGNITO"
        ]
      }
    },
    "testlambdaelasticsearchkibana3CognitoIdentityPool48956B3D": {
      "Type": "AWS::Cognito::IdentityPool",
      "Properties": {
        "AllowUnauthenticatedIdentities": false,
        "CognitoIdentityProviders": [
          {
            "ClientId": {
              "Ref": "testlambdaelasticsearchkibana3CognitoUserPoolClient89D3C6A0"
            },
            "ProviderName": {
              "Fn::GetAtt": [
                "testlambdaelasticsearchkibana3CognitoUserPoolEF0D5793",
                "ProviderName"
              ]
            },
            "ServerSideTokenCheck": true
          }
        ]
      }
    },
    "testlambdaelasticsearchkibana3UserPoolDomain11719EB9": {
      "Type": "AWS::Cognito::UserPoolDomain",
      "Properties": {
        "Domain": "deploywithvpctest",
        "UserPoolId": {
          "Ref": "testlambdaelasticsearchkibana3CognitoUserPoolEF0D5793"
        }
      },
      "DependsOn": [
        "testlambdaelasticsearchkibana3CognitoUserPoolEF0D5793"
      ]
    },
    "testlambdaelasticsearchkibana3CognitoAuthorizedRole2E055088": {
      "Type": "AWS::IAM::Role",
      "Properties": {
        "AssumeRolePolicyDocument": {
          "Statement": [
            {
              "Action": "sts:AssumeRoleWithWebIdentity",
              "Condition": {
                "StringEquals": {
                  "cognito-identity.amazonaws.com:aud": {
                    "Ref": "testlambdaelasticsearchkibana3CognitoIdentityPool48956B3D"
                  }
                },
                "ForAnyValue:StringLike": {
                  "cognito-identity.amazonaws.com:amr": "authenticated"
                }
              },
              "Effect": "Allow",
              "Principal": {
                "Federated": "cognito-identity.amazonaws.com"
              }
            }
          ],
          "Version": "2012-10-17"
        },
        "Policies": [
          {
            "PolicyDocument": {
              "Statement": [
                {
                  "Action": "es:ESHttp*",
                  "Effect": "Allow",
                  "Resource": {
                    "Fn::Join": [
                      "",
                      [
                        "arn:",
                        {
                          "Ref": "AWS::Partition"
                        },
                        ":es:",
                        {
                          "Ref": "AWS::Region"
                        },
                        ":",
                        {
                          "Ref": "AWS::AccountId"
                        },
                        ":domain/deploywithvpctest/*"
                      ]
                    ]
                  }
                }
              ],
              "Version": "2012-10-17"
            },
            "PolicyName": "CognitoAccessPolicy"
          }
        ]
      }
    },
    "testlambdaelasticsearchkibana3IdentityPoolRoleMappingDF65C594": {
      "Type": "AWS::Cognito::IdentityPoolRoleAttachment",
      "Properties": {
        "IdentityPoolId": {
          "Ref": "testlambdaelasticsearchkibana3CognitoIdentityPool48956B3D"
        },
        "Roles": {
          "authenticated": {
            "Fn::GetAtt": [
              "testlambdaelasticsearchkibana3CognitoAuthorizedRole2E055088",
              "Arn"
            ]
          }
        }
      }
    },
    "testlambdaelasticsearchkibana3CognitoKibanaConfigureRoleE8D8BE00": {
      "Type": "AWS::IAM::Role",
      "Properties": {
        "AssumeRolePolicyDocument": {
          "Statement": [
            {
              "Action": "sts:AssumeRole",
              "Effect": "Allow",
              "Principal": {
                "Service": "es.amazonaws.com"
              }
            }
          ],
          "Version": "2012-10-17"
        }
      }
    },
    "testlambdaelasticsearchkibana3CognitoKibanaConfigureRolePolicyF1017A7A": {
      "Type": "AWS::IAM::Policy",
      "Properties": {
        "PolicyDocument": {
          "Statement": [
            {
              "Action": [
                "cognito-idp:DescribeUserPool",
                "cognito-idp:CreateUserPoolClient",
                "cognito-idp:DeleteUserPoolClient",
                "cognito-idp:DescribeUserPoolClient",
                "cognito-idp:AdminInitiateAuth",
                "cognito-idp:AdminUserGlobalSignOut",
                "cognito-idp:ListUserPoolClients",
                "cognito-identity:DescribeIdentityPool",
                "cognito-identity:UpdateIdentityPool",
                "cognito-identity:SetIdentityPoolRoles",
                "cognito-identity:GetIdentityPoolRoles",
                "es:UpdateElasticsearchDomainConfig"
              ],
              "Effect": "Allow",
              "Resource": [
                {
                  "Fn::GetAtt": [
                    "testlambdaelasticsearchkibana3CognitoUserPoolEF0D5793",
                    "Arn"
                  ]
                },
                {
                  "Fn::Join": [
                    "",
                    [
                      "arn:aws:cognito-identity:",
                      {
                        "Ref": "AWS::Region"
                      },
                      ":",
                      {
                        "Ref": "AWS::AccountId"
                      },
                      ":identitypool/",
                      {
                        "Ref": "testlambdaelasticsearchkibana3CognitoIdentityPool48956B3D"
                      }
                    ]
                  ]
                },
                {
                  "Fn::Join": [
                    "",
                    [
                      "arn:aws:es:",
                      {
                        "Ref": "AWS::Region"
                      },
                      ":",
                      {
                        "Ref": "AWS::AccountId"
                      },
                      ":domain/deploywithvpctest"
                    ]
                  ]
                }
              ]
            },
            {
              "Action": "iam:PassRole",
              "Condition": {
                "StringLike": {
                  "iam:PassedToService": "cognito-identity.amazonaws.com"
                }
              },
              "Effect": "Allow",
              "Resource": {
                "Fn::GetAtt": [
                  "testlambdaelasticsearchkibana3CognitoKibanaConfigureRoleE8D8BE00",
                  "Arn"
                ]
              }
            }
          ],
          "Version": "2012-10-17"
        },
        "PolicyName": "testlambdaelasticsearchkibana3CognitoKibanaConfigureRolePolicyF1017A7A",
        "Roles": [
          {
            "Ref": "testlambdaelasticsearchkibana3CognitoKibanaConfigureRoleE8D8BE00"
          }
        ]
      }
    },
    "testlambdaelasticsearchkibana3ElasticsearchDomain268DE741": {
      "Type": "AWS::Elasticsearch::Domain",
      "Properties": {
        "AccessPolicies": {
          "Statement": [
            {
              "Action": "es:ESHttp*",
              "Effect": "Allow",
              "Principal": {
                "AWS": [
                  {
                    "Fn::GetAtt": [
                      "testlambdaelasticsearchkibana3CognitoAuthorizedRole2E055088",
                      "Arn"
                    ]
                  },
                  {
                    "Fn::GetAtt": [
                      "testlambdaelasticsearchkibana3LambdaFunctionServiceRoleA3C1E07E",
                      "Arn"
                    ]
                  }
                ]
              },
              "Resource": {
                "Fn::Join": [
                  "",
                  [
                    "arn:aws:es:",
                    {
                      "Ref": "AWS::Region"
                    },
                    ":",
                    {
                      "Ref": "AWS::AccountId"
                    },
                    ":domain/deploywithvpctest/*"
                  ]
                ]
              }
            }
          ],
          "Version": "2012-10-17"
        },
        "CognitoOptions": {
          "Enabled": true,
          "IdentityPoolId": {
            "Ref": "testlambdaelasticsearchkibana3CognitoIdentityPool48956B3D"
          },
          "RoleArn": {
            "Fn::GetAtt": [
              "testlambdaelasticsearchkibana3CognitoKibanaConfigureRoleE8D8BE00",
              "Arn"
            ]
          },
          "UserPoolId": {
            "Ref": "testlambdaelasticsearchkibana3CognitoUserPoolEF0D5793"
          }
        },
        "DomainName": "deploywithvpctest",
        "EBSOptions": {
          "EBSEnabled": true,
          "VolumeSize": 10
        },
        "ElasticsearchClusterConfig": {
          "DedicatedMasterCount": 3,
          "DedicatedMasterEnabled": true,
          "InstanceCount": 3,
          "ZoneAwarenessConfig": {
            "AvailabilityZoneCount": 3
          },
          "ZoneAwarenessEnabled": true
        },
        "ElasticsearchVersion": "6.3",
        "EncryptionAtRestOptions": {
          "Enabled": true
        },
        "NodeToNodeEncryptionOptions": {
          "Enabled": true
        },
        "SnapshotOptions": {
          "AutomatedSnapshotStartHour": 1
        }
      },
      "Metadata": {
        "cfn_nag": {
          "rules_to_suppress": [
            {
              "id": "W28",
              "reason": "The ES Domain is passed dynamically as as parameter and explicitly specified to ensure that IAM policies are configured to lockdown access to this specific ES instance only"
            },
            {
              "id": "W90",
              "reason": "This is not a rule for the general case, just for specific use cases/industries"
            }
          ]
        }
      }
    },
    "testlambdaelasticsearchkibana3StatusRedAlarmFECC950E": {
      "Type": "AWS::CloudWatch::Alarm",
      "Properties": {
        "ComparisonOperator": "GreaterThanOrEqualToThreshold",
        "EvaluationPeriods": 1,
        "AlarmDescription": "At least one primary shard and its replicas are not allocated to a node. ",
        "MetricName": "ClusterStatus.red",
        "Namespace": "AWS/ES",
        "Period": 60,
        "Statistic": "Maximum",
        "Threshold": 1
      }
    },
    "testlambdaelasticsearchkibana3StatusYellowAlarmC7FC4662": {
      "Type": "AWS::CloudWatch::Alarm",
      "Properties": {
        "ComparisonOperator": "GreaterThanOrEqualToThreshold",
        "EvaluationPeriods": 1,
        "AlarmDescription": "At least one replica shard is not allocated to a node.",
        "MetricName": "ClusterStatus.yellow",
        "Namespace": "AWS/ES",
        "Period": 60,
        "Statistic": "Maximum",
        "Threshold": 1
      }
    },
    "testlambdaelasticsearchkibana3FreeStorageSpaceTooLowAlarmB9AD5427": {
      "Type": "AWS::CloudWatch::Alarm",
      "Properties": {
        "ComparisonOperator": "LessThanOrEqualToThreshold",
        "EvaluationPeriods": 1,
        "AlarmDescription": "A node in your cluster is down to 20 GiB of free storage space.",
        "MetricName": "FreeStorageSpace",
        "Namespace": "AWS/ES",
        "Period": 60,
        "Statistic": "Minimum",
        "Threshold": 20000
      }
    },
    "testlambdaelasticsearchkibana3IndexWritesBlockedTooHighAlarm36E1D418": {
      "Type": "AWS::CloudWatch::Alarm",
      "Properties": {
        "ComparisonOperator": "GreaterThanOrEqualToThreshold",
        "EvaluationPeriods": 1,
        "AlarmDescription": "Your cluster is blocking write requests.",
        "MetricName": "ClusterIndexWritesBlocked",
        "Namespace": "AWS/ES",
        "Period": 300,
        "Statistic": "Maximum",
        "Threshold": 1
      }
    },
    "testlambdaelasticsearchkibana3AutomatedSnapshotFailureTooHighAlarmA83D4971": {
      "Type": "AWS::CloudWatch::Alarm",
      "Properties": {
        "ComparisonOperator": "GreaterThanOrEqualToThreshold",
        "EvaluationPeriods": 1,
        "AlarmDescription": "An automated snapshot failed. This failure is often the result of a red cluster health status.",
        "MetricName": "AutomatedSnapshotFailure",
        "Namespace": "AWS/ES",
        "Period": 60,
        "Statistic": "Maximum",
        "Threshold": 1
      }
    },
    "testlambdaelasticsearchkibana3CPUUtilizationTooHighAlarmE77470C0": {
      "Type": "AWS::CloudWatch::Alarm",
      "Properties": {
        "ComparisonOperator": "GreaterThanOrEqualToThreshold",
        "EvaluationPeriods": 3,
        "AlarmDescription": "100% CPU utilization is not uncommon, but sustained high usage is problematic. Consider using larger instance types or adding instances.",
        "MetricName": "CPUUtilization",
        "Namespace": "AWS/ES",
        "Period": 900,
        "Statistic": "Average",
        "Threshold": 80
      }
    },
    "testlambdaelasticsearchkibana3JVMMemoryPressureTooHighAlarm084D2991": {
      "Type": "AWS::CloudWatch::Alarm",
      "Properties": {
        "ComparisonOperator": "GreaterThanOrEqualToThreshold",
        "EvaluationPeriods": 1,
        "AlarmDescription": "Average JVM memory pressure over last 15 minutes too high. Consider scaling vertically.",
        "MetricName": "JVMMemoryPressure",
        "Namespace": "AWS/ES",
        "Period": 900,
        "Statistic": "Average",
        "Threshold": 80
      }
    },
    "testlambdaelasticsearchkibana3MasterCPUUtilizationTooHighAlarm3331F781": {
      "Type": "AWS::CloudWatch::Alarm",
      "Properties": {
        "ComparisonOperator": "GreaterThanOrEqualToThreshold",
        "EvaluationPeriods": 3,
        "AlarmDescription": "Average CPU utilization over last 45 minutes too high. Consider using larger instance types for your dedicated master nodes.",
        "MetricName": "MasterCPUUtilization",
        "Namespace": "AWS/ES",
        "Period": 900,
        "Statistic": "Average",
        "Threshold": 50
      }
    },
    "testlambdaelasticsearchkibana3MasterJVMMemoryPressureTooHighAlarm149E8D14": {
      "Type": "AWS::CloudWatch::Alarm",
      "Properties": {
        "ComparisonOperator": "GreaterThanOrEqualToThreshold",
        "EvaluationPeriods": 1,
        "AlarmDescription": "Average JVM memory pressure over last 15 minutes too high. Consider scaling vertically.",
        "MetricName": "MasterJVMMemoryPressure",
        "Namespace": "AWS/ES",
        "Period": 900,
        "Statistic": "Average",
        "Threshold": 50
      }
    },
    "Vpc8378EB38": {
      "Type": "AWS::EC2::VPC",
      "Properties": {
        "CidrBlock": "10.0.0.0/16",
        "EnableDnsHostnames": true,
        "EnableDnsSupport": true,
        "InstanceTenancy": "default",
        "Tags": [
          {
            "Key": "Name",
            "Value": "test-lambda-elasticsearch-kibana-stack3/Vpc"
          }
        ]
      }
    },
    "VpcprivateSubnet1SubnetCEAD3716": {
      "Type": "AWS::EC2::Subnet",
      "Properties": {
        "CidrBlock": "10.0.0.0/18",
        "VpcId": {
          "Ref": "Vpc8378EB38"
        },
        "AvailabilityZone": "test-region-1a",
        "MapPublicIpOnLaunch": false,
        "Tags": [
          {
            "Key": "aws-cdk:subnet-name",
            "Value": "private"
          },
          {
            "Key": "aws-cdk:subnet-type",
            "Value": "Private"
          },
          {
            "Key": "Name",
            "Value": "test-lambda-elasticsearch-kibana-stack3/Vpc/privateSubnet1"
          }
        ]
      }
    },
    "VpcprivateSubnet1RouteTable1979EACB": {
      "Type": "AWS::EC2::RouteTable",
      "Properties": {
        "VpcId": {
          "Ref": "Vpc8378EB38"
        },
        "Tags": [
          {
            "Key": "Name",
            "Value": "test-lambda-elasticsearch-kibana-stack3/Vpc/privateSubnet1"
          }
        ]
      }
    },
    "VpcprivateSubnet1RouteTableAssociationEEBD93CE": {
      "Type": "AWS::EC2::SubnetRouteTableAssociation",
      "Properties": {
        "RouteTableId": {
          "Ref": "VpcprivateSubnet1RouteTable1979EACB"
        },
        "SubnetId": {
          "Ref": "VpcprivateSubnet1SubnetCEAD3716"
        }
      }
    },
    "VpcprivateSubnet1DefaultRouteB506891A": {
      "Type": "AWS::EC2::Route",
      "Properties": {
        "RouteTableId": {
          "Ref": "VpcprivateSubnet1RouteTable1979EACB"
        },
        "DestinationCidrBlock": "0.0.0.0/0",
        "NatGatewayId": {
          "Ref": "VpcpublicSubnet1NATGatewayA036E8A6"
        }
      }
    },
    "VpcpublicSubnet1Subnet2BB74ED7": {
      "Type": "AWS::EC2::Subnet",
      "Properties": {
        "CidrBlock": "10.0.64.0/18",
        "VpcId": {
          "Ref": "Vpc8378EB38"
        },
        "AvailabilityZone": "test-region-1a",
        "MapPublicIpOnLaunch": true,
        "Tags": [
          {
            "Key": "aws-cdk:subnet-name",
            "Value": "public"
          },
          {
            "Key": "aws-cdk:subnet-type",
            "Value": "Public"
          },
          {
            "Key": "Name",
            "Value": "test-lambda-elasticsearch-kibana-stack3/Vpc/publicSubnet1"
          }
        ]
      },
      "Metadata": {
        "cfn_nag": {
          "rules_to_suppress": [
            {
              "id": "W33",
              "reason": "Allow Public Subnets to have MapPublicIpOnLaunch set to true"
            }
          ]
        }
      }
    },
    "VpcpublicSubnet1RouteTable15C15F8E": {
      "Type": "AWS::EC2::RouteTable",
      "Properties": {
        "VpcId": {
          "Ref": "Vpc8378EB38"
        },
        "Tags": [
          {
            "Key": "Name",
            "Value": "test-lambda-elasticsearch-kibana-stack3/Vpc/publicSubnet1"
          }
        ]
      }
    },
    "VpcpublicSubnet1RouteTableAssociation4E83B6E4": {
      "Type": "AWS::EC2::SubnetRouteTableAssociation",
      "Properties": {
        "RouteTableId": {
          "Ref": "VpcpublicSubnet1RouteTable15C15F8E"
        },
        "SubnetId": {
          "Ref": "VpcpublicSubnet1Subnet2BB74ED7"
        }
      }
    },
    "VpcpublicSubnet1DefaultRouteB88F9E93": {
      "Type": "AWS::EC2::Route",
      "Properties": {
        "RouteTableId": {
          "Ref": "VpcpublicSubnet1RouteTable15C15F8E"
        },
        "DestinationCidrBlock": "0.0.0.0/0",
        "GatewayId": {
          "Ref": "VpcIGWD7BA715C"
        }
      },
      "DependsOn": [
        "VpcVPCGWBF912B6E"
      ]
    },
    "VpcpublicSubnet1EIP411541E6": {
      "Type": "AWS::EC2::EIP",
      "Properties": {
        "Domain": "vpc",
        "Tags": [
          {
            "Key": "Name",
            "Value": "test-lambda-elasticsearch-kibana-stack3/Vpc/publicSubnet1"
          }
        ]
      }
    },
    "VpcpublicSubnet1NATGatewayA036E8A6": {
      "Type": "AWS::EC2::NatGateway",
      "Properties": {
        "AllocationId": {
          "Fn::GetAtt": [
            "VpcpublicSubnet1EIP411541E6",
            "AllocationId"
          ]
        },
        "SubnetId": {
          "Ref": "VpcpublicSubnet1Subnet2BB74ED7"
        },
        "Tags": [
          {
            "Key": "Name",
            "Value": "test-lambda-elasticsearch-kibana-stack3/Vpc/publicSubnet1"
          }
        ]
      }
    },
    "VpcIGWD7BA715C": {
      "Type": "AWS::EC2::InternetGateway",
      "Properties": {
        "Tags": [
          {
            "Key": "Name",
            "Value": "test-lambda-elasticsearch-kibana-stack3/Vpc"
          }
        ]
      }
    },
    "VpcVPCGWBF912B6E": {
      "Type": "AWS::EC2::VPCGatewayAttachment",
      "Properties": {
        "VpcId": {
          "Ref": "Vpc8378EB38"
        },
        "InternetGatewayId": {
          "Ref": "VpcIGWD7BA715C"
        }
      }
    },
    "VpcFlowLogIAMRole6A475D41": {
      "Type": "AWS::IAM::Role",
      "Properties": {
        "AssumeRolePolicyDocument": {
          "Statement": [
            {
              "Action": "sts:AssumeRole",
              "Effect": "Allow",
              "Principal": {
                "Service": "vpc-flow-logs.amazonaws.com"
              }
            }
          ],
          "Version": "2012-10-17"
        },
        "Tags": [
          {
            "Key": "Name",
            "Value": "test-lambda-elasticsearch-kibana-stack3/Vpc"
          }
        ]
      }
    },
    "VpcFlowLogIAMRoleDefaultPolicy406FB995": {
      "Type": "AWS::IAM::Policy",
      "Properties": {
        "PolicyDocument": {
          "Statement": [
            {
              "Action": [
                "logs:CreateLogStream",
                "logs:PutLogEvents",
                "logs:DescribeLogStreams"
              ],
              "Effect": "Allow",
              "Resource": {
                "Fn::GetAtt": [
                  "VpcFlowLogLogGroup7B5C56B9",
                  "Arn"
                ]
              }
            },
            {
              "Action": "iam:PassRole",
              "Effect": "Allow",
              "Resource": {
                "Fn::GetAtt": [
                  "VpcFlowLogIAMRole6A475D41",
                  "Arn"
                ]
              }
            }
          ],
          "Version": "2012-10-17"
        },
        "PolicyName": "VpcFlowLogIAMRoleDefaultPolicy406FB995",
        "Roles": [
          {
            "Ref": "VpcFlowLogIAMRole6A475D41"
          }
        ]
      }
    },
    "VpcFlowLogLogGroup7B5C56B9": {
      "Type": "AWS::Logs::LogGroup",
      "Properties": {
        "RetentionInDays": 731
      },
      "UpdateReplacePolicy": "Retain",
      "DeletionPolicy": "Retain",
      "Metadata": {
        "cfn_nag": {
          "rules_to_suppress": [
            {
              "id": "W84",
              "reason": "By default CloudWatchLogs LogGroups data is encrypted using the CloudWatch server-side encryption keys (AWS Managed Keys)"
            }
          ]
        }
      }
    },
    "VpcFlowLog8FF33A73": {
      "Type": "AWS::EC2::FlowLog",
      "Properties": {
        "ResourceId": {
          "Ref": "Vpc8378EB38"
        },
        "ResourceType": "VPC",
        "TrafficType": "ALL",
        "DeliverLogsPermissionArn": {
          "Fn::GetAtt": [
            "VpcFlowLogIAMRole6A475D41",
            "Arn"
          ]
        },
        "LogDestinationType": "cloud-watch-logs",
        "LogGroupName": {
          "Ref": "VpcFlowLogLogGroup7B5C56B9"
        },
        "Tags": [
          {
            "Key": "Name",
            "Value": "test-lambda-elasticsearch-kibana-stack3/Vpc"
          }
        ]
      }
    }
  },
  "Parameters": {
    "AssetParameters67a9971e29baab2bde3043bb70ce5b53318b95429a1ce9b189cf65223e8682dbS3BucketBAF5BF3A": {
      "Type": "String",
      "Description": "S3 bucket for asset \"67a9971e29baab2bde3043bb70ce5b53318b95429a1ce9b189cf65223e8682db\""
    },
    "AssetParameters67a9971e29baab2bde3043bb70ce5b53318b95429a1ce9b189cf65223e8682dbS3VersionKeyADB3CCA3": {
      "Type": "String",
      "Description": "S3 key for asset version \"67a9971e29baab2bde3043bb70ce5b53318b95429a1ce9b189cf65223e8682db\""
    },
    "AssetParameters67a9971e29baab2bde3043bb70ce5b53318b95429a1ce9b189cf65223e8682dbArtifactHash322F5E2F": {
      "Type": "String",
      "Description": "Artifact hash for asset \"67a9971e29baab2bde3043bb70ce5b53318b95429a1ce9b189cf65223e8682db\""
    }
  }
}