{
  "Resources": {
    "testlambdaelasticsearchkibanaLambdaFunctionServiceRole3AFFEAA2": {
      "Type": "AWS::IAM::Role",
      "Properties": {
        "AssumeRolePolicyDocument": {
          "Statement": [
            {
              "Action": "sts:AssumeRole",
              "Effect": "Allow",
              "Principal": {
                "Service": "lambda.amazonaws.com"
              }
            }
          ],
          "Version": "2012-10-17"
        },
        "Policies": [
          {
            "PolicyDocument": {
              "Statement": [
                {
                  "Action": [
                    "logs:CreateLogGroup",
                    "logs:CreateLogStream",
                    "logs:PutLogEvents"
                  ],
                  "Effect": "Allow",
                  "Resource": {
                    "Fn::Join": [
                      "",
                      [
                        "arn:",
                        {
                          "Ref": "AWS::Partition"
                        },
                        ":logs:",
                        {
                          "Ref": "AWS::Region"
                        },
                        ":",
                        {
                          "Ref": "AWS::AccountId"
                        },
                        ":log-group:/aws/lambda/*"
                      ]
                    ]
                  }
                }
              ],
              "Version": "2012-10-17"
            },
            "PolicyName": "LambdaFunctionServiceRolePolicy"
          }
        ]
      }
    },
    "testlambdaelasticsearchkibanaLambdaFunctionServiceRoleDefaultPolicy199413EB": {
      "Type": "AWS::IAM::Policy",
      "Properties": {
        "PolicyDocument": {
          "Statement": [
            {
              "Action": [
                "ec2:CreateNetworkInterface",
                "ec2:DescribeNetworkInterfaces",
                "ec2:DeleteNetworkInterface",
                "ec2:AssignPrivateIpAddresses",
                "ec2:UnassignPrivateIpAddresses"
              ],
              "Effect": "Allow",
              "Resource": "*"
            },
            {
              "Action": [
                "xray:PutTraceSegments",
                "xray:PutTelemetryRecords"
              ],
              "Effect": "Allow",
              "Resource": "*"
            }
          ],
          "Version": "2012-10-17"
        },
        "PolicyName": "testlambdaelasticsearchkibanaLambdaFunctionServiceRoleDefaultPolicy199413EB",
        "Roles": [
          {
            "Ref": "testlambdaelasticsearchkibanaLambdaFunctionServiceRole3AFFEAA2"
          }
        ]
      },
      "Metadata": {
        "cfn_nag": {
          "rules_to_suppress": [
            {
              "id": "W12",
              "reason": "Lambda needs the following minimum required permissions to send trace data to X-Ray and access ENIs in a VPC."
            }
          ]
        }
      }
    },
    "testlambdaelasticsearchkibanaReplaceDefaultSecurityGroupsecuritygroup9C517245": {
      "Type": "AWS::EC2::SecurityGroup",
      "Properties": {
        "GroupDescription": "disabledZoneAwareness/test-lambda-elasticsearch-kibana/ReplaceDefaultSecurityGroup-security-group",
        "SecurityGroupEgress": [
          {
            "CidrIp": "0.0.0.0/0",
            "Description": "Allow all outbound traffic by default",
            "IpProtocol": "-1"
          }
        ],
        "VpcId": {
          "Ref": "Vpc8378EB38"
        }
      },
      "Metadata": {
        "cfn_nag": {
          "rules_to_suppress": [
            {
              "id": "W5",
              "reason": "Egress of 0.0.0.0/0 is default and generally considered OK"
            },
            {
              "id": "W40",
              "reason": "Egress IPProtocol of -1 is default and generally considered OK"
            }
          ]
        }
      }
    },
    "testlambdaelasticsearchkibanaLambdaFunction601D26D3": {
      "Type": "AWS::Lambda::Function",
      "Properties": {
        "Code": {
          "S3Bucket": {
            "Fn::Sub": "cdk-hnb659fds-assets-${AWS::AccountId}-${AWS::Region}"
          },
          "S3Key": "35bbbc7b04b21f225891f139adf234188f348ebad5f4bbc2c06edf8aa3784c97.zip"
        },
        "Role": {
          "Fn::GetAtt": [
            "testlambdaelasticsearchkibanaLambdaFunctionServiceRole3AFFEAA2",
            "Arn"
          ]
        },
        "Environment": {
          "Variables": {
            "AWS_NODEJS_CONNECTION_REUSE_ENABLED": "1",
            "DOMAIN_ENDPOINT": {
              "Fn::GetAtt": [
                "testlambdaelasticsearchkibanaElasticsearchDomain50D5F86E",
                "DomainEndpoint"
              ]
            }
          }
        },
        "Handler": "index.handler",
        "Runtime": "nodejs14.x",
        "TracingConfig": {
          "Mode": "Active"
        },
        "VpcConfig": {
          "SecurityGroupIds": [
            {
              "Fn::GetAtt": [
                "testlambdaelasticsearchkibanaReplaceDefaultSecurityGroupsecuritygroup9C517245",
                "GroupId"
              ]
            }
          ],
          "SubnetIds": [
            {
              "Ref": "VpcisolatedSubnet1SubnetE62B1B9B"
            }
          ]
        }
      },
      "DependsOn": [
        "testlambdaelasticsearchkibanaLambdaFunctionServiceRoleDefaultPolicy199413EB",
        "testlambdaelasticsearchkibanaLambdaFunctionServiceRole3AFFEAA2",
        "VpcisolatedSubnet1RouteTableAssociationD259E31A"
      ],
      "Metadata": {
        "cfn_nag": {
          "rules_to_suppress": [
            {
              "id": "W58",
              "reason": "Lambda functions has the required permission to write CloudWatch Logs. It uses custom policy instead of arn:aws:iam::aws:policy/service-role/AWSLambdaBasicExecutionRole with tighter permissions."
            },
            {
              "id": "W89",
              "reason": "This is not a rule for the general case, just for specific use cases/industries"
            },
            {
              "id": "W92",
              "reason": "Impossible for us to define the correct concurrency for clients"
            }
          ]
        }
      }
    },
    "testlambdaelasticsearchkibanaCognitoUserPool9537802B": {
      "Type": "AWS::Cognito::UserPool",
      "Properties": {
        "AccountRecoverySetting": {
          "RecoveryMechanisms": [
            {
              "Name": "verified_phone_number",
              "Priority": 1
            },
            {
              "Name": "verified_email",
              "Priority": 2
            }
          ]
        },
        "AdminCreateUserConfig": {
          "AllowAdminCreateUserOnly": true
        },
        "EmailVerificationMessage": "The verification code to your new account is {####}",
        "EmailVerificationSubject": "Verify your new account",
        "SmsVerificationMessage": "The verification code to your new account is {####}",
        "UserPoolAddOns": {
          "AdvancedSecurityMode": "ENFORCED"
        },
        "VerificationMessageTemplate": {
          "DefaultEmailOption": "CONFIRM_WITH_CODE",
          "EmailMessage": "The verification code to your new account is {####}",
          "EmailSubject": "Verify your new account",
          "SmsMessage": "The verification code to your new account is {####}"
        }
      },
      "UpdateReplacePolicy": "Retain",
      "DeletionPolicy": "Retain"
    },
    "testlambdaelasticsearchkibanaCognitoUserPoolClient8F70A2AA": {
      "Type": "AWS::Cognito::UserPoolClient",
      "Properties": {
        "UserPoolId": {
          "Ref": "testlambdaelasticsearchkibanaCognitoUserPool9537802B"
        },
        "AllowedOAuthFlows": [
          "implicit",
          "code"
        ],
        "AllowedOAuthFlowsUserPoolClient": true,
        "AllowedOAuthScopes": [
          "profile",
          "phone",
          "email",
          "openid",
          "aws.cognito.signin.user.admin"
        ],
        "CallbackURLs": [
          "https://example.com"
        ],
        "SupportedIdentityProviders": [
          "COGNITO"
        ]
      }
    },
    "testlambdaelasticsearchkibanaCognitoIdentityPoolC48068F0": {
      "Type": "AWS::Cognito::IdentityPool",
      "Properties": {
        "AllowUnauthenticatedIdentities": false,
        "CognitoIdentityProviders": [
          {
            "ClientId": {
              "Ref": "testlambdaelasticsearchkibanaCognitoUserPoolClient8F70A2AA"
            },
            "ProviderName": {
              "Fn::GetAtt": [
                "testlambdaelasticsearchkibanaCognitoUserPool9537802B",
                "ProviderName"
              ]
            },
            "ServerSideTokenCheck": true
          }
        ]
      }
    },
    "testlambdaelasticsearchkibanaUserPoolDomainB9BDF063": {
      "Type": "AWS::Cognito::UserPoolDomain",
      "Properties": {
        "Domain": "disabledzoneawareness",
        "UserPoolId": {
          "Ref": "testlambdaelasticsearchkibanaCognitoUserPool9537802B"
        }
      },
      "DependsOn": [
        "testlambdaelasticsearchkibanaCognitoUserPool9537802B"
      ]
    },
    "testlambdaelasticsearchkibanaCognitoAuthorizedRole88FAFCFA": {
      "Type": "AWS::IAM::Role",
      "Properties": {
        "AssumeRolePolicyDocument": {
          "Statement": [
            {
              "Action": "sts:AssumeRoleWithWebIdentity",
              "Condition": {
                "StringEquals": {
                  "cognito-identity.amazonaws.com:aud": {
                    "Ref": "testlambdaelasticsearchkibanaCognitoIdentityPoolC48068F0"
                  }
                },
                "ForAnyValue:StringLike": {
                  "cognito-identity.amazonaws.com:amr": "authenticated"
                }
              },
              "Effect": "Allow",
              "Principal": {
                "Federated": "cognito-identity.amazonaws.com"
              }
            }
          ],
          "Version": "2012-10-17"
        },
        "Policies": [
          {
            "PolicyDocument": {
              "Statement": [
                {
                  "Action": "es:ESHttp*",
                  "Effect": "Allow",
                  "Resource": {
                    "Fn::Join": [
                      "",
                      [
                        "arn:",
                        {
                          "Ref": "AWS::Partition"
                        },
                        ":es:",
                        {
                          "Ref": "AWS::Region"
                        },
                        ":",
                        {
                          "Ref": "AWS::AccountId"
                        },
                        ":domain/disabledzoneawareness/*"
                      ]
                    ]
                  }
                }
              ],
              "Version": "2012-10-17"
            },
            "PolicyName": "CognitoAccessPolicy"
          }
        ]
      }
    },
    "testlambdaelasticsearchkibanaIdentityPoolRoleMappingBD0A239B": {
      "Type": "AWS::Cognito::IdentityPoolRoleAttachment",
      "Properties": {
        "IdentityPoolId": {
          "Ref": "testlambdaelasticsearchkibanaCognitoIdentityPoolC48068F0"
        },
        "Roles": {
          "authenticated": {
            "Fn::GetAtt": [
              "testlambdaelasticsearchkibanaCognitoAuthorizedRole88FAFCFA",
              "Arn"
            ]
          }
        }
      }
    },
    "testlambdaelasticsearchkibanaCognitoKibanaConfigureRole8F40C1A1": {
      "Type": "AWS::IAM::Role",
      "Properties": {
        "AssumeRolePolicyDocument": {
          "Statement": [
            {
              "Action": "sts:AssumeRole",
              "Effect": "Allow",
              "Principal": {
                "Service": "es.amazonaws.com"
              }
            }
          ],
          "Version": "2012-10-17"
        }
      }
    },
    "testlambdaelasticsearchkibanaCognitoKibanaConfigureRolePolicyB7090E91": {
      "Type": "AWS::IAM::Policy",
      "Properties": {
        "PolicyDocument": {
          "Statement": [
            {
              "Action": [
                "cognito-idp:DescribeUserPool",
                "cognito-idp:CreateUserPoolClient",
                "cognito-idp:DeleteUserPoolClient",
                "cognito-idp:DescribeUserPoolClient",
                "cognito-idp:AdminInitiateAuth",
                "cognito-idp:AdminUserGlobalSignOut",
                "cognito-idp:ListUserPoolClients",
                "cognito-identity:DescribeIdentityPool",
                "cognito-identity:UpdateIdentityPool",
                "cognito-identity:SetIdentityPoolRoles",
                "cognito-identity:GetIdentityPoolRoles",
                "es:UpdateElasticsearchDomainConfig"
              ],
              "Effect": "Allow",
              "Resource": [
                {
                  "Fn::GetAtt": [
                    "testlambdaelasticsearchkibanaCognitoUserPool9537802B",
                    "Arn"
                  ]
                },
                {
                  "Fn::Join": [
                    "",
                    [
                      "arn:",
                      {
                        "Ref": "AWS::Partition"
                      },
                      ":cognito-identity:",
                      {
                        "Ref": "AWS::Region"
                      },
                      ":",
                      {
                        "Ref": "AWS::AccountId"
                      },
                      ":identitypool/",
                      {
                        "Ref": "testlambdaelasticsearchkibanaCognitoIdentityPoolC48068F0"
                      }
                    ]
                  ]
                },
                {
                  "Fn::Join": [
                    "",
                    [
                      "arn:",
                      {
                        "Ref": "AWS::Partition"
                      },
                      ":es:",
                      {
                        "Ref": "AWS::Region"
                      },
                      ":",
                      {
                        "Ref": "AWS::AccountId"
                      },
                      ":domain/disabledzoneawareness"
                    ]
                  ]
                }
              ]
            },
            {
              "Action": "iam:PassRole",
              "Condition": {
                "StringLike": {
                  "iam:PassedToService": "cognito-identity.amazonaws.com"
                }
              },
              "Effect": "Allow",
              "Resource": {
                "Fn::GetAtt": [
                  "testlambdaelasticsearchkibanaCognitoKibanaConfigureRole8F40C1A1",
                  "Arn"
                ]
              }
            }
          ],
          "Version": "2012-10-17"
        },
        "PolicyName": "testlambdaelasticsearchkibanaCognitoKibanaConfigureRolePolicyB7090E91",
        "Roles": [
          {
            "Ref": "testlambdaelasticsearchkibanaCognitoKibanaConfigureRole8F40C1A1"
          }
        ]
      }
    },
    "testlambdaelasticsearchkibanaElasticsearchDomain50D5F86E": {
      "Type": "AWS::Elasticsearch::Domain",
      "Properties": {
        "AccessPolicies": {
          "Statement": [
            {
              "Action": "es:ESHttp*",
              "Effect": "Allow",
              "Principal": {
                "AWS": [
                  {
                    "Fn::GetAtt": [
                      "testlambdaelasticsearchkibanaCognitoAuthorizedRole88FAFCFA",
                      "Arn"
                    ]
                  },
                  {
                    "Fn::GetAtt": [
                      "testlambdaelasticsearchkibanaLambdaFunctionServiceRole3AFFEAA2",
                      "Arn"
                    ]
                  }
                ]
              },
              "Resource": {
                "Fn::Join": [
                  "",
                  [
                    "arn:",
                    {
                      "Ref": "AWS::Partition"
                    },
                    ":es:",
                    {
                      "Ref": "AWS::Region"
                    },
                    ":",
                    {
                      "Ref": "AWS::AccountId"
                    },
                    ":domain/disabledzoneawareness/*"
                  ]
                ]
              }
            }
          ],
          "Version": "2012-10-17"
        },
        "CognitoOptions": {
          "Enabled": true,
          "IdentityPoolId": {
            "Ref": "testlambdaelasticsearchkibanaCognitoIdentityPoolC48068F0"
          },
          "RoleArn": {
            "Fn::GetAtt": [
              "testlambdaelasticsearchkibanaCognitoKibanaConfigureRole8F40C1A1",
              "Arn"
            ]
          },
          "UserPoolId": {
            "Ref": "testlambdaelasticsearchkibanaCognitoUserPool9537802B"
          }
        },
        "DomainName": "disabledzoneawareness",
        "EBSOptions": {
          "EBSEnabled": true,
          "VolumeSize": 10
        },
        "ElasticsearchClusterConfig": {
          "DedicatedMasterCount": 3,
          "DedicatedMasterEnabled": true,
          "InstanceCount": 3,
          "ZoneAwarenessEnabled": false
        },
        "ElasticsearchVersion": "6.3",
        "EncryptionAtRestOptions": {
          "Enabled": true
        },
        "NodeToNodeEncryptionOptions": {
          "Enabled": true
        },
        "SnapshotOptions": {
          "AutomatedSnapshotStartHour": 1
        },
        "VPCOptions": {
          "SecurityGroupIds": [
            {
              "Fn::GetAtt": [
                "testlambdaelasticsearchkibanaReplaceDefaultSecurityGroupsecuritygroup9C517245",
                "GroupId"
              ]
            }
          ],
          "SubnetIds": [
            {
              "Ref": "VpcisolatedSubnet1SubnetE62B1B9B"
            }
          ]
        }
      },
      "Metadata": {
        "cfn_nag": {
          "rules_to_suppress": [
            {
              "id": "W28",
              "reason": "The ES Domain is passed dynamically as as parameter and explicitly specified to ensure that IAM policies are configured to lockdown access to this specific ES instance only"
            },
            {
              "id": "W90",
              "reason": "This is not a rule for the general case, just for specific use cases/industries"
            }
          ]
        }
      }
    },
    "testlambdaelasticsearchkibanaStatusRedAlarmCFCDB629": {
      "Type": "AWS::CloudWatch::Alarm",
      "Properties": {
        "ComparisonOperator": "GreaterThanOrEqualToThreshold",
        "EvaluationPeriods": 1,
        "AlarmDescription": "At least one primary shard and its replicas are not allocated to a node. ",
        "MetricName": "ClusterStatus.red",
        "Namespace": "AWS/ES",
        "Period": 60,
        "Statistic": "Maximum",
        "Threshold": 1
      }
    },
    "testlambdaelasticsearchkibanaStatusYellowAlarm24B9D1CB": {
      "Type": "AWS::CloudWatch::Alarm",
      "Properties": {
        "ComparisonOperator": "GreaterThanOrEqualToThreshold",
        "EvaluationPeriods": 1,
        "AlarmDescription": "At least one replica shard is not allocated to a node.",
        "MetricName": "ClusterStatus.yellow",
        "Namespace": "AWS/ES",
        "Period": 60,
        "Statistic": "Maximum",
        "Threshold": 1
      }
    },
    "testlambdaelasticsearchkibanaFreeStorageSpaceTooLowAlarm0B4D4E35": {
      "Type": "AWS::CloudWatch::Alarm",
      "Properties": {
        "ComparisonOperator": "LessThanOrEqualToThreshold",
        "EvaluationPeriods": 1,
        "AlarmDescription": "A node in your cluster is down to 20 GiB of free storage space.",
        "MetricName": "FreeStorageSpace",
        "Namespace": "AWS/ES",
        "Period": 60,
        "Statistic": "Minimum",
        "Threshold": 20000
      }
    },
    "testlambdaelasticsearchkibanaIndexWritesBlockedTooHighAlarmB8C0E99C": {
      "Type": "AWS::CloudWatch::Alarm",
      "Properties": {
        "ComparisonOperator": "GreaterThanOrEqualToThreshold",
        "EvaluationPeriods": 1,
        "AlarmDescription": "Your cluster is blocking write requests.",
        "MetricName": "ClusterIndexWritesBlocked",
        "Namespace": "AWS/ES",
        "Period": 300,
        "Statistic": "Maximum",
        "Threshold": 1
      }
    },
    "testlambdaelasticsearchkibanaAutomatedSnapshotFailureTooHighAlarm75F2676B": {
      "Type": "AWS::CloudWatch::Alarm",
      "Properties": {
        "ComparisonOperator": "GreaterThanOrEqualToThreshold",
        "EvaluationPeriods": 1,
        "AlarmDescription": "An automated snapshot failed. This failure is often the result of a red cluster health status.",
        "MetricName": "AutomatedSnapshotFailure",
        "Namespace": "AWS/ES",
        "Period": 60,
        "Statistic": "Maximum",
        "Threshold": 1
      }
    },
    "testlambdaelasticsearchkibanaCPUUtilizationTooHighAlarmF16BA5D9": {
      "Type": "AWS::CloudWatch::Alarm",
      "Properties": {
        "ComparisonOperator": "GreaterThanOrEqualToThreshold",
        "EvaluationPeriods": 3,
        "AlarmDescription": "100% CPU utilization is not uncommon, but sustained high usage is problematic. Consider using larger instance types or adding instances.",
        "MetricName": "CPUUtilization",
        "Namespace": "AWS/ES",
        "Period": 900,
        "Statistic": "Average",
        "Threshold": 80
      }
    },
    "testlambdaelasticsearchkibanaJVMMemoryPressureTooHighAlarm18224533": {
      "Type": "AWS::CloudWatch::Alarm",
      "Properties": {
        "ComparisonOperator": "GreaterThanOrEqualToThreshold",
        "EvaluationPeriods": 1,
        "AlarmDescription": "Average JVM memory pressure over last 15 minutes too high. Consider scaling vertically.",
        "MetricName": "JVMMemoryPressure",
        "Namespace": "AWS/ES",
        "Period": 900,
        "Statistic": "Average",
        "Threshold": 80
      }
    },
    "testlambdaelasticsearchkibanaMasterCPUUtilizationTooHighAlarmE5E5999F": {
      "Type": "AWS::CloudWatch::Alarm",
      "Properties": {
        "ComparisonOperator": "GreaterThanOrEqualToThreshold",
        "EvaluationPeriods": 3,
        "AlarmDescription": "Average CPU utilization over last 45 minutes too high. Consider using larger instance types for your dedicated master nodes.",
        "MetricName": "MasterCPUUtilization",
        "Namespace": "AWS/ES",
        "Period": 900,
        "Statistic": "Average",
        "Threshold": 50
      }
    },
    "testlambdaelasticsearchkibanaMasterJVMMemoryPressureTooHighAlarm297FF1BE": {
      "Type": "AWS::CloudWatch::Alarm",
      "Properties": {
        "ComparisonOperator": "GreaterThanOrEqualToThreshold",
        "EvaluationPeriods": 1,
        "AlarmDescription": "Average JVM memory pressure over last 15 minutes too high. Consider scaling vertically.",
        "MetricName": "MasterJVMMemoryPressure",
        "Namespace": "AWS/ES",
        "Period": 900,
        "Statistic": "Average",
        "Threshold": 50
      }
    },
    "Vpc8378EB38": {
      "Type": "AWS::EC2::VPC",
      "Properties": {
        "CidrBlock": "10.0.0.0/16",
        "EnableDnsHostnames": true,
        "EnableDnsSupport": true,
        "InstanceTenancy": "default",
        "Tags": [
          {
            "Key": "Name",
            "Value": "disabledZoneAwareness/Vpc"
          }
        ]
      }
    },
    "VpcisolatedSubnet1SubnetE62B1B9B": {
      "Type": "AWS::EC2::Subnet",
      "Properties": {
        "VpcId": {
          "Ref": "Vpc8378EB38"
        },
        "AvailabilityZone": "test-region-1a",
        "CidrBlock": "10.0.0.0/18",
        "MapPublicIpOnLaunch": false,
        "Tags": [
          {
            "Key": "aws-cdk:subnet-name",
            "Value": "isolated"
          },
          {
            "Key": "aws-cdk:subnet-type",
            "Value": "Isolated"
          },
          {
            "Key": "Name",
            "Value": "disabledZoneAwareness/Vpc/isolatedSubnet1"
          }
        ]
      }
    },
    "VpcisolatedSubnet1RouteTableE442650B": {
      "Type": "AWS::EC2::RouteTable",
      "Properties": {
        "VpcId": {
          "Ref": "Vpc8378EB38"
        },
        "Tags": [
          {
            "Key": "Name",
            "Value": "disabledZoneAwareness/Vpc/isolatedSubnet1"
          }
        ]
      }
    },
    "VpcisolatedSubnet1RouteTableAssociationD259E31A": {
      "Type": "AWS::EC2::SubnetRouteTableAssociation",
      "Properties": {
        "RouteTableId": {
          "Ref": "VpcisolatedSubnet1RouteTableE442650B"
        },
        "SubnetId": {
          "Ref": "VpcisolatedSubnet1SubnetE62B1B9B"
        }
      }
    },
    "VpcFlowLogIAMRole6A475D41": {
      "Type": "AWS::IAM::Role",
      "Properties": {
        "AssumeRolePolicyDocument": {
          "Statement": [
            {
              "Action": "sts:AssumeRole",
              "Effect": "Allow",
              "Principal": {
                "Service": "vpc-flow-logs.amazonaws.com"
              }
            }
          ],
          "Version": "2012-10-17"
        },
        "Tags": [
          {
            "Key": "Name",
            "Value": "disabledZoneAwareness/Vpc"
          }
        ]
      }
    },
    "VpcFlowLogIAMRoleDefaultPolicy406FB995": {
      "Type": "AWS::IAM::Policy",
      "Properties": {
        "PolicyDocument": {
          "Statement": [
            {
              "Action": [
                "logs:CreateLogStream",
                "logs:PutLogEvents",
                "logs:DescribeLogStreams"
              ],
              "Effect": "Allow",
              "Resource": {
                "Fn::GetAtt": [
                  "VpcFlowLogLogGroup7B5C56B9",
                  "Arn"
                ]
              }
            },
            {
              "Action": "iam:PassRole",
              "Effect": "Allow",
              "Resource": {
                "Fn::GetAtt": [
                  "VpcFlowLogIAMRole6A475D41",
                  "Arn"
                ]
              }
            }
          ],
          "Version": "2012-10-17"
        },
        "PolicyName": "VpcFlowLogIAMRoleDefaultPolicy406FB995",
        "Roles": [
          {
            "Ref": "VpcFlowLogIAMRole6A475D41"
          }
        ]
      }
    },
    "VpcFlowLogLogGroup7B5C56B9": {
      "Type": "AWS::Logs::LogGroup",
      "Properties": {
        "RetentionInDays": 731,
        "Tags": [
          {
            "Key": "Name",
            "Value": "disabledZoneAwareness/Vpc"
          }
        ]
      },
      "UpdateReplacePolicy": "Retain",
      "DeletionPolicy": "Retain",
      "Metadata": {
        "cfn_nag": {
          "rules_to_suppress": [
            {
              "id": "W84",
              "reason": "By default CloudWatchLogs LogGroups data is encrypted using the CloudWatch server-side encryption keys (AWS Managed Keys)"
            }
          ]
        }
      }
    },
    "VpcFlowLog8FF33A73": {
      "Type": "AWS::EC2::FlowLog",
      "Properties": {
        "ResourceId": {
          "Ref": "Vpc8378EB38"
        },
        "ResourceType": "VPC",
        "TrafficType": "ALL",
        "DeliverLogsPermissionArn": {
          "Fn::GetAtt": [
            "VpcFlowLogIAMRole6A475D41",
            "Arn"
          ]
        },
        "LogDestinationType": "cloud-watch-logs",
        "LogGroupName": {
          "Ref": "VpcFlowLogLogGroup7B5C56B9"
        },
        "Tags": [
          {
            "Key": "Name",
            "Value": "disabledZoneAwareness/Vpc"
          }
        ]
      }
    }
  },
  "Parameters": {
    "BootstrapVersion": {
      "Type": "AWS::SSM::Parameter::Value<String>",
      "Default": "/cdk-bootstrap/hnb659fds/version",
      "Description": "Version of the CDK Bootstrap resources in this environment, automatically retrieved from SSM Parameter Store. [cdk:skip]"
    }
  },
  "Rules": {
    "CheckBootstrapVersion": {
      "Assertions": [
        {
          "Assert": {
            "Fn::Not": [
              {
                "Fn::Contains": [
                  [
                    "1",
                    "2",
                    "3",
                    "4",
                    "5"
                  ],
                  {
                    "Ref": "BootstrapVersion"
                  }
                ]
              }
            ]
          },
          "AssertDescription": "CDK bootstrap stack version 6 required. Please run 'cdk bootstrap' with a recent version of the CDK CLI."
        }
      ]
    }
  }
}