{
  "Resources": {
    "newgraphqlapi": {
      "Type": "AWS::AppSync::GraphQLApi",
      "Properties": {
        "AuthenticationType": "API_KEY",
        "Name": "api"
      }
    },
    "testwafwebaclappsynctestwafwebaclappsyncWebACLA64C38D0": {
      "Type": "AWS::WAFv2::WebACL",
      "Properties": {
        "DefaultAction": {
          "Allow": {}
        },
        "Scope": "REGIONAL",
        "VisibilityConfig": {
          "CloudWatchMetricsEnabled": true,
          "MetricName": "webACL",
          "SampledRequestsEnabled": true
        },
        "Name": "test-name-appsync",
        "Rules": [
          {
            "Name": "AWS-AWSManagedRulesBotControlRuleSet",
            "OverrideAction": {
              "None": {}
            },
            "Priority": 0,
            "Statement": {
              "ManagedRuleGroupStatement": {
                "Name": "AWSManagedRulesBotControlRuleSet",
                "VendorName": "AWS"
              }
            },
            "VisibilityConfig": {
              "CloudWatchMetricsEnabled": true,
              "MetricName": "AWSManagedRulesBotControlRuleSet",
              "SampledRequestsEnabled": true
            }
          },
          {
            "Name": "AWS-AWSManagedRulesKnownBadInputsRuleSet",
            "OverrideAction": {
              "None": {}
            },
            "Priority": 1,
            "Statement": {
              "ManagedRuleGroupStatement": {
                "Name": "AWSManagedRulesKnownBadInputsRuleSet",
                "VendorName": "AWS"
              }
            },
            "VisibilityConfig": {
              "CloudWatchMetricsEnabled": true,
              "MetricName": "AWSManagedRulesKnownBadInputsRuleSet",
              "SampledRequestsEnabled": true
            }
          },
          {
            "Name": "AWS-AWSManagedRulesCommonRuleSet",
            "OverrideAction": {
              "None": {}
            },
            "Priority": 2,
            "Statement": {
              "ManagedRuleGroupStatement": {
                "Name": "AWSManagedRulesCommonRuleSet",
                "VendorName": "AWS"
              }
            },
            "VisibilityConfig": {
              "CloudWatchMetricsEnabled": true,
              "MetricName": "AWSManagedRulesCommonRuleSet",
              "SampledRequestsEnabled": true
            }
          },
          {
            "Name": "AWS-AWSManagedRulesAnonymousIpList",
            "OverrideAction": {
              "None": {}
            },
            "Priority": 3,
            "Statement": {
              "ManagedRuleGroupStatement": {
                "Name": "AWSManagedRulesAnonymousIpList",
                "VendorName": "AWS"
              }
            },
            "VisibilityConfig": {
              "CloudWatchMetricsEnabled": true,
              "MetricName": "AWSManagedRulesAnonymousIpList",
              "SampledRequestsEnabled": true
            }
          },
          {
            "Name": "AWS-AWSManagedRulesAmazonIpReputationList",
            "OverrideAction": {
              "None": {}
            },
            "Priority": 4,
            "Statement": {
              "ManagedRuleGroupStatement": {
                "Name": "AWSManagedRulesAmazonIpReputationList",
                "VendorName": "AWS"
              }
            },
            "VisibilityConfig": {
              "CloudWatchMetricsEnabled": true,
              "MetricName": "AWSManagedRulesAmazonIpReputationList",
              "SampledRequestsEnabled": true
            }
          },
          {
            "Name": "AWS-AWSManagedRulesAdminProtectionRuleSet",
            "OverrideAction": {
              "None": {}
            },
            "Priority": 5,
            "Statement": {
              "ManagedRuleGroupStatement": {
                "Name": "AWSManagedRulesAdminProtectionRuleSet",
                "VendorName": "AWS"
              }
            },
            "VisibilityConfig": {
              "CloudWatchMetricsEnabled": true,
              "MetricName": "AWSManagedRulesAdminProtectionRuleSet",
              "SampledRequestsEnabled": true
            }
          },
          {
            "Name": "AWS-AWSManagedRulesSQLiRuleSet",
            "OverrideAction": {
              "None": {}
            },
            "Priority": 6,
            "Statement": {
              "ManagedRuleGroupStatement": {
                "Name": "AWSManagedRulesSQLiRuleSet",
                "VendorName": "AWS"
              }
            },
            "VisibilityConfig": {
              "CloudWatchMetricsEnabled": true,
              "MetricName": "AWSManagedRulesSQLiRuleSet",
              "SampledRequestsEnabled": true
            }
          }
        ]
      }
    },
    "testwafwebaclappsyncWebACLAssociation": {
      "Type": "AWS::WAFv2::WebACLAssociation",
      "Properties": {
        "ResourceArn": {
          "Fn::GetAtt": [
            "newgraphqlapi",
            "Arn"
          ]
        },
        "WebACLArn": {
          "Fn::GetAtt": [
            "testwafwebaclappsynctestwafwebaclappsyncWebACLA64C38D0",
            "Arn"
          ]
        }
      }
    }
  },
  "Parameters": {
    "BootstrapVersion": {
      "Type": "AWS::SSM::Parameter::Value<String>",
      "Default": "/cdk-bootstrap/hnb659fds/version",
      "Description": "Version of the CDK Bootstrap resources in this environment, automatically retrieved from SSM Parameter Store. [cdk:skip]"
    }
  },
  "Rules": {
    "CheckBootstrapVersion": {
      "Assertions": [
        {
          "Assert": {
            "Fn::Not": [
              {
                "Fn::Contains": [
                  [
                    "1",
                    "2",
                    "3",
                    "4",
                    "5"
                  ],
                  {
                    "Ref": "BootstrapVersion"
                  }
                ]
              }
            ]
          },
          "AssertDescription": "CDK bootstrap stack version 6 required. Please run 'cdk bootstrap' with a recent version of the CDK CLI."
        }
      ]
    }
  }
}