{
  "Resources": {
    "testlambdastepfunctionsconstructStateMachineLogGroup1FD4C0D4": {
      "Type": "AWS::Logs::LogGroup",
      "Properties": {
        "LogGroupName": "/aws/vendedlogs/states/deploylambdatestlambdastepfunctionsconstructstatemachinelogb258d52dbe27"
      },
      "UpdateReplacePolicy": "Delete",
      "DeletionPolicy": "Delete",
      "Metadata": {
        "cfn_nag": {
          "rules_to_suppress": [
            {
              "id": "W86",
              "reason": "Retention period for CloudWatchLogs LogGroups are set to 'Never Expire' to preserve customer data indefinitely"
            },
            {
              "id": "W84",
              "reason": "By default CloudWatchLogs LogGroups data is encrypted using the CloudWatch server-side encryption keys (AWS Managed Keys)"
            }
          ]
        }
      }
    },
    "testlambdastepfunctionsconstructStateMachineRoleD2891199": {
      "Type": "AWS::IAM::Role",
      "Properties": {
        "AssumeRolePolicyDocument": {
          "Statement": [
            {
              "Action": "sts:AssumeRole",
              "Effect": "Allow",
              "Principal": {
                "Service": {
                  "Fn::FindInMap": [
                    "ServiceprincipalMap",
                    {
                      "Ref": "AWS::Region"
                    },
                    "states"
                  ]
                }
              }
            }
          ],
          "Version": "2012-10-17"
        }
      }
    },
    "testlambdastepfunctionsconstructStateMachineRoleDefaultPolicyE8456E47": {
      "Type": "AWS::IAM::Policy",
      "Properties": {
        "PolicyDocument": {
          "Statement": [
            {
              "Action": [
                "logs:CreateLogDelivery",
                "logs:GetLogDelivery",
                "logs:UpdateLogDelivery",
                "logs:DeleteLogDelivery",
                "logs:ListLogDeliveries"
              ],
              "Effect": "Allow",
              "Resource": "*"
            },
            {
              "Action": [
                "logs:PutResourcePolicy",
                "logs:DescribeResourcePolicies",
                "logs:DescribeLogGroups"
              ],
              "Effect": "Allow",
              "Resource": {
                "Fn::Join": [
                  "",
                  [
                    "arn:",
                    {
                      "Ref": "AWS::Partition"
                    },
                    ":logs:",
                    {
                      "Ref": "AWS::Region"
                    },
                    ":",
                    {
                      "Ref": "AWS::AccountId"
                    },
                    ":*"
                  ]
                ]
              }
            }
          ],
          "Version": "2012-10-17"
        },
        "PolicyName": "testlambdastepfunctionsconstructStateMachineRoleDefaultPolicyE8456E47",
        "Roles": [
          {
            "Ref": "testlambdastepfunctionsconstructStateMachineRoleD2891199"
          }
        ]
      },
      "Metadata": {
        "cfn_nag": {
          "rules_to_suppress": [
            {
              "id": "W12",
              "reason": "The 'LogDelivery' actions do not support resource-level authorizations"
            }
          ]
        }
      }
    },
    "testlambdastepfunctionsconstructStateMachineE1526513": {
      "Type": "AWS::StepFunctions::StateMachine",
      "Properties": {
        "RoleArn": {
          "Fn::GetAtt": [
            "testlambdastepfunctionsconstructStateMachineRoleD2891199",
            "Arn"
          ]
        },
        "DefinitionString": "{\"StartAt\":\"StartState\",\"States\":{\"StartState\":{\"Type\":\"Pass\",\"End\":true}}}",
        "LoggingConfiguration": {
          "Destinations": [
            {
              "CloudWatchLogsLogGroup": {
                "LogGroupArn": {
                  "Fn::GetAtt": [
                    "testlambdastepfunctionsconstructStateMachineLogGroup1FD4C0D4",
                    "Arn"
                  ]
                }
              }
            }
          ],
          "Level": "ERROR"
        }
      },
      "DependsOn": [
        "testlambdastepfunctionsconstructStateMachineRoleDefaultPolicyE8456E47",
        "testlambdastepfunctionsconstructStateMachineRoleD2891199"
      ],
      "UpdateReplacePolicy": "Delete",
      "DeletionPolicy": "Delete"
    },
    "testlambdastepfunctionsconstructLambdaFunctionServiceRole2D3C3FD0": {
      "Type": "AWS::IAM::Role",
      "Properties": {
        "AssumeRolePolicyDocument": {
          "Statement": [
            {
              "Action": "sts:AssumeRole",
              "Effect": "Allow",
              "Principal": {
                "Service": "lambda.amazonaws.com"
              }
            }
          ],
          "Version": "2012-10-17"
        },
        "Policies": [
          {
            "PolicyDocument": {
              "Statement": [
                {
                  "Action": [
                    "logs:CreateLogGroup",
                    "logs:CreateLogStream",
                    "logs:PutLogEvents"
                  ],
                  "Effect": "Allow",
                  "Resource": {
                    "Fn::Join": [
                      "",
                      [
                        "arn:",
                        {
                          "Ref": "AWS::Partition"
                        },
                        ":logs:",
                        {
                          "Ref": "AWS::Region"
                        },
                        ":",
                        {
                          "Ref": "AWS::AccountId"
                        },
                        ":log-group:/aws/lambda/*"
                      ]
                    ]
                  }
                }
              ],
              "Version": "2012-10-17"
            },
            "PolicyName": "LambdaFunctionServiceRolePolicy"
          }
        ]
      }
    },
    "testlambdastepfunctionsconstructLambdaFunctionServiceRoleDefaultPolicyB6E73348": {
      "Type": "AWS::IAM::Policy",
      "Properties": {
        "PolicyDocument": {
          "Statement": [
            {
              "Action": [
                "xray:PutTraceSegments",
                "xray:PutTelemetryRecords"
              ],
              "Effect": "Allow",
              "Resource": "*"
            },
            {
              "Action": "states:StartExecution",
              "Effect": "Allow",
              "Resource": {
                "Ref": "testlambdastepfunctionsconstructStateMachineE1526513"
              }
            }
          ],
          "Version": "2012-10-17"
        },
        "PolicyName": "testlambdastepfunctionsconstructLambdaFunctionServiceRoleDefaultPolicyB6E73348",
        "Roles": [
          {
            "Ref": "testlambdastepfunctionsconstructLambdaFunctionServiceRole2D3C3FD0"
          }
        ]
      },
      "Metadata": {
        "cfn_nag": {
          "rules_to_suppress": [
            {
              "id": "W12",
              "reason": "Lambda needs the following minimum required permissions to send trace data to X-Ray and access ENIs in a VPC."
            }
          ]
        }
      }
    },
    "testlambdastepfunctionsconstructLambdaFunction561377BC": {
      "Type": "AWS::Lambda::Function",
      "Properties": {
        "Code": {
          "S3Bucket": {
            "Fn::Sub": "cdk-hnb659fds-assets-${AWS::AccountId}-${AWS::Region}"
          },
          "S3Key": "fd7a741674eeef7951675d2a57f0459376e046d88e5bee9aab601d8f5a704c93.zip"
        },
        "Role": {
          "Fn::GetAtt": [
            "testlambdastepfunctionsconstructLambdaFunctionServiceRole2D3C3FD0",
            "Arn"
          ]
        },
        "Environment": {
          "Variables": {
            "AWS_NODEJS_CONNECTION_REUSE_ENABLED": "1",
            "STATE_MACHINE_ARN": {
              "Ref": "testlambdastepfunctionsconstructStateMachineE1526513"
            }
          }
        },
        "Handler": "index.handler",
        "Runtime": "nodejs14.x",
        "TracingConfig": {
          "Mode": "Active"
        }
      },
      "DependsOn": [
        "testlambdastepfunctionsconstructLambdaFunctionServiceRoleDefaultPolicyB6E73348",
        "testlambdastepfunctionsconstructLambdaFunctionServiceRole2D3C3FD0"
      ],
      "Metadata": {
        "cfn_nag": {
          "rules_to_suppress": [
            {
              "id": "W58",
              "reason": "Lambda functions has the required permission to write CloudWatch Logs. It uses custom policy instead of arn:aws:iam::aws:policy/service-role/AWSLambdaBasicExecutionRole with tighter permissions."
            },
            {
              "id": "W89",
              "reason": "This is not a rule for the general case, just for specific use cases/industries"
            },
            {
              "id": "W92",
              "reason": "Impossible for us to define the correct concurrency for clients"
            }
          ]
        }
      }
    },
    "testlambdastepfunctionsconstructExecutionFailedAlarm47C759E2": {
      "Type": "AWS::CloudWatch::Alarm",
      "Properties": {
        "ComparisonOperator": "GreaterThanOrEqualToThreshold",
        "EvaluationPeriods": 1,
        "AlarmDescription": "Alarm for the number of executions that failed exceeded the threshold of 1. ",
        "Dimensions": [
          {
            "Name": "StateMachineArn",
            "Value": {
              "Ref": "testlambdastepfunctionsconstructStateMachineE1526513"
            }
          }
        ],
        "MetricName": "ExecutionsFailed",
        "Namespace": "AWS/States",
        "Period": 300,
        "Statistic": "Sum",
        "Threshold": 1
      }
    },
    "testlambdastepfunctionsconstructExecutionThrottledAlarm23275AB5": {
      "Type": "AWS::CloudWatch::Alarm",
      "Properties": {
        "ComparisonOperator": "GreaterThanOrEqualToThreshold",
        "EvaluationPeriods": 1,
        "AlarmDescription": "Alarm for the number of executions that throttled exceeded the threshold of 1. ",
        "Dimensions": [
          {
            "Name": "StateMachineArn",
            "Value": {
              "Ref": "testlambdastepfunctionsconstructStateMachineE1526513"
            }
          }
        ],
        "MetricName": "ExecutionThrottled",
        "Namespace": "AWS/States",
        "Period": 300,
        "Statistic": "Sum",
        "Threshold": 1
      }
    },
    "testlambdastepfunctionsconstructExecutionAbortedAlarm6DBA2A2E": {
      "Type": "AWS::CloudWatch::Alarm",
      "Properties": {
        "ComparisonOperator": "GreaterThanOrEqualToThreshold",
        "EvaluationPeriods": 1,
        "AlarmDescription": "Alarm for the number of executions that aborted exceeded the threshold of 1. ",
        "Dimensions": [
          {
            "Name": "StateMachineArn",
            "Value": {
              "Ref": "testlambdastepfunctionsconstructStateMachineE1526513"
            }
          }
        ],
        "MetricName": "ExecutionsAborted",
        "Namespace": "AWS/States",
        "Period": 300,
        "Statistic": "Maximum",
        "Threshold": 1
      }
    }
  },
  "Mappings": {
    "ServiceprincipalMap": {
      "af-south-1": {
        "states": "states.af-south-1.amazonaws.com"
      },
      "ap-east-1": {
        "states": "states.ap-east-1.amazonaws.com"
      },
      "ap-northeast-1": {
        "states": "states.ap-northeast-1.amazonaws.com"
      },
      "ap-northeast-2": {
        "states": "states.ap-northeast-2.amazonaws.com"
      },
      "ap-northeast-3": {
        "states": "states.ap-northeast-3.amazonaws.com"
      },
      "ap-south-1": {
        "states": "states.ap-south-1.amazonaws.com"
      },
      "ap-south-2": {
        "states": "states.ap-south-2.amazonaws.com"
      },
      "ap-southeast-1": {
        "states": "states.ap-southeast-1.amazonaws.com"
      },
      "ap-southeast-2": {
        "states": "states.ap-southeast-2.amazonaws.com"
      },
      "ap-southeast-3": {
        "states": "states.ap-southeast-3.amazonaws.com"
      },
      "ca-central-1": {
        "states": "states.ca-central-1.amazonaws.com"
      },
      "cn-north-1": {
        "states": "states.cn-north-1.amazonaws.com"
      },
      "cn-northwest-1": {
        "states": "states.cn-northwest-1.amazonaws.com"
      },
      "eu-central-1": {
        "states": "states.eu-central-1.amazonaws.com"
      },
      "eu-central-2": {
        "states": "states.eu-central-2.amazonaws.com"
      },
      "eu-north-1": {
        "states": "states.eu-north-1.amazonaws.com"
      },
      "eu-south-1": {
        "states": "states.eu-south-1.amazonaws.com"
      },
      "eu-south-2": {
        "states": "states.eu-south-2.amazonaws.com"
      },
      "eu-west-1": {
        "states": "states.eu-west-1.amazonaws.com"
      },
      "eu-west-2": {
        "states": "states.eu-west-2.amazonaws.com"
      },
      "eu-west-3": {
        "states": "states.eu-west-3.amazonaws.com"
      },
      "me-central-1": {
        "states": "states.me-central-1.amazonaws.com"
      },
      "me-south-1": {
        "states": "states.me-south-1.amazonaws.com"
      },
      "sa-east-1": {
        "states": "states.sa-east-1.amazonaws.com"
      },
      "us-east-1": {
        "states": "states.us-east-1.amazonaws.com"
      },
      "us-east-2": {
        "states": "states.us-east-2.amazonaws.com"
      },
      "us-gov-east-1": {
        "states": "states.us-gov-east-1.amazonaws.com"
      },
      "us-gov-west-1": {
        "states": "states.us-gov-west-1.amazonaws.com"
      },
      "us-iso-east-1": {
        "states": "states.amazonaws.com"
      },
      "us-iso-west-1": {
        "states": "states.amazonaws.com"
      },
      "us-isob-east-1": {
        "states": "states.amazonaws.com"
      },
      "us-west-1": {
        "states": "states.us-west-1.amazonaws.com"
      },
      "us-west-2": {
        "states": "states.us-west-2.amazonaws.com"
      }
    }
  },
  "Parameters": {
    "BootstrapVersion": {
      "Type": "AWS::SSM::Parameter::Value<String>",
      "Default": "/cdk-bootstrap/hnb659fds/version",
      "Description": "Version of the CDK Bootstrap resources in this environment, automatically retrieved from SSM Parameter Store. [cdk:skip]"
    }
  },
  "Rules": {
    "CheckBootstrapVersion": {
      "Assertions": [
        {
          "Assert": {
            "Fn::Not": [
              {
                "Fn::Contains": [
                  [
                    "1",
                    "2",
                    "3",
                    "4",
                    "5"
                  ],
                  {
                    "Ref": "BootstrapVersion"
                  }
                ]
              }
            ]
          },
          "AssertDescription": "CDK bootstrap stack version 6 required. Please run 'cdk bootstrap' with a recent version of the CDK CLI."
        }
      ]
    }
  }
}