{
  "Description": "Integration Test for aws-events-rule-kinesisstreams",
  "Resources": {
    "testeventsrulekinesisstreamtesteventsrulekinesisstreamWKinesisStreamB773BFD9": {
      "Type": "AWS::Kinesis::Stream",
      "Properties": {
        "RetentionPeriodHours": 24,
        "ShardCount": 1,
        "StreamEncryption": {
          "EncryptionType": "KMS",
          "KeyId": "alias/aws/kinesis"
        },
        "StreamModeDetails": {
          "StreamMode": "PROVISIONED"
        }
      }
    },
    "testeventsrulekinesisstreamtesteventsrulekinesisstreamWeventsRole1FCDD9A3": {
      "Type": "AWS::IAM::Role",
      "Properties": {
        "AssumeRolePolicyDocument": {
          "Statement": [
            {
              "Action": "sts:AssumeRole",
              "Effect": "Allow",
              "Principal": {
                "Service": "events.amazonaws.com"
              }
            }
          ],
          "Version": "2012-10-17"
        },
        "Description": "Events Rule Role"
      }
    },
    "testeventsrulekinesisstreamtesteventsrulekinesisstreamWeventsRoleDefaultPolicy2CC69EFD": {
      "Type": "AWS::IAM::Policy",
      "Properties": {
        "PolicyDocument": {
          "Statement": [
            {
              "Action": [
                "kinesis:ListShards",
                "kinesis:PutRecord",
                "kinesis:PutRecords"
              ],
              "Effect": "Allow",
              "Resource": {
                "Fn::GetAtt": [
                  "testeventsrulekinesisstreamtesteventsrulekinesisstreamWKinesisStreamB773BFD9",
                  "Arn"
                ]
              }
            }
          ],
          "Version": "2012-10-17"
        },
        "PolicyName": "testeventsrulekinesisstreamtesteventsrulekinesisstreamWeventsRoleDefaultPolicy2CC69EFD",
        "Roles": [
          {
            "Ref": "testeventsrulekinesisstreamtesteventsrulekinesisstreamWeventsRole1FCDD9A3"
          }
        ]
      }
    },
    "testeventsrulekinesisstreamtesteventsrulekinesisstreamWEventsRule91158D3F": {
      "Type": "AWS::Events::Rule",
      "Properties": {
        "ScheduleExpression": "rate(5 minutes)",
        "State": "ENABLED",
        "Targets": [
          {
            "Arn": {
              "Fn::GetAtt": [
                "testeventsrulekinesisstreamtesteventsrulekinesisstreamWKinesisStreamB773BFD9",
                "Arn"
              ]
            },
            "Id": "Target0",
            "RoleArn": {
              "Fn::GetAtt": [
                "testeventsrulekinesisstreamtesteventsrulekinesisstreamWeventsRole1FCDD9A3",
                "Arn"
              ]
            }
          }
        ]
      }
    },
    "testeventsrulekinesisstreamtesteventsrulekinesisstreamWKinesisStreamGetRecordsIteratorAgeAlarm52562184": {
      "Type": "AWS::CloudWatch::Alarm",
      "Properties": {
        "ComparisonOperator": "GreaterThanOrEqualToThreshold",
        "EvaluationPeriods": 1,
        "AlarmDescription": "Consumer Record Processing Falling Behind, there is risk for data loss due to record expiration.",
        "MetricName": "GetRecords.IteratorAgeMilliseconds",
        "Namespace": "AWS/Kinesis",
        "Period": 300,
        "Statistic": "Maximum",
        "Threshold": 2592000
      }
    },
    "testeventsrulekinesisstreamtesteventsrulekinesisstreamWKinesisStreamReadProvisionedThroughputExceededAlarmE9C8ACA5": {
      "Type": "AWS::CloudWatch::Alarm",
      "Properties": {
        "ComparisonOperator": "GreaterThanThreshold",
        "EvaluationPeriods": 1,
        "AlarmDescription": "Consumer Application is Reading at a Slower Rate Than Expected.",
        "MetricName": "ReadProvisionedThroughputExceeded",
        "Namespace": "AWS/Kinesis",
        "Period": 300,
        "Statistic": "Average",
        "Threshold": 0
      }
    }
  },
  "Parameters": {
    "BootstrapVersion": {
      "Type": "AWS::SSM::Parameter::Value<String>",
      "Default": "/cdk-bootstrap/hnb659fds/version",
      "Description": "Version of the CDK Bootstrap resources in this environment, automatically retrieved from SSM Parameter Store. [cdk:skip]"
    }
  },
  "Rules": {
    "CheckBootstrapVersion": {
      "Assertions": [
        {
          "Assert": {
            "Fn::Not": [
              {
                "Fn::Contains": [
                  [
                    "1",
                    "2",
                    "3",
                    "4",
                    "5"
                  ],
                  {
                    "Ref": "BootstrapVersion"
                  }
                ]
              }
            ]
          },
          "AssertDescription": "CDK bootstrap stack version 6 required. Please run 'cdk bootstrap' with a recent version of the CDK CLI."
        }
      ]
    }
  }
}