{
  "Description": "Integration Test for aws-lambda-ssmstringparameter",
  "Resources": {
    "testlambdassmstringparameterLambdaFunctionServiceRole0E6B5916": {
      "Type": "AWS::IAM::Role",
      "Properties": {
        "AssumeRolePolicyDocument": {
          "Statement": [
            {
              "Action": "sts:AssumeRole",
              "Effect": "Allow",
              "Principal": {
                "Service": "lambda.amazonaws.com"
              }
            }
          ],
          "Version": "2012-10-17"
        },
        "Policies": [
          {
            "PolicyDocument": {
              "Statement": [
                {
                  "Action": [
                    "logs:CreateLogGroup",
                    "logs:CreateLogStream",
                    "logs:PutLogEvents"
                  ],
                  "Effect": "Allow",
                  "Resource": {
                    "Fn::Join": [
                      "",
                      [
                        "arn:",
                        {
                          "Ref": "AWS::Partition"
                        },
                        ":logs:",
                        {
                          "Ref": "AWS::Region"
                        },
                        ":",
                        {
                          "Ref": "AWS::AccountId"
                        },
                        ":log-group:/aws/lambda/*"
                      ]
                    ]
                  }
                }
              ],
              "Version": "2012-10-17"
            },
            "PolicyName": "LambdaFunctionServiceRolePolicy"
          }
        ]
      }
    },
    "testlambdassmstringparameterLambdaFunctionServiceRoleDefaultPolicyA31F1897": {
      "Type": "AWS::IAM::Policy",
      "Properties": {
        "PolicyDocument": {
          "Statement": [
            {
              "Action": [
                "ec2:CreateNetworkInterface",
                "ec2:DescribeNetworkInterfaces",
                "ec2:DeleteNetworkInterface",
                "ec2:AssignPrivateIpAddresses",
                "ec2:UnassignPrivateIpAddresses"
              ],
              "Effect": "Allow",
              "Resource": "*"
            },
            {
              "Action": [
                "xray:PutTraceSegments",
                "xray:PutTelemetryRecords"
              ],
              "Effect": "Allow",
              "Resource": "*"
            },
            {
              "Action": [
                "ssm:DescribeParameters",
                "ssm:GetParameters",
                "ssm:GetParameter",
                "ssm:GetParameterHistory"
              ],
              "Effect": "Allow",
              "Resource": {
                "Fn::Join": [
                  "",
                  [
                    "arn:",
                    {
                      "Ref": "AWS::Partition"
                    },
                    ":ssm:",
                    {
                      "Ref": "AWS::Region"
                    },
                    ":",
                    {
                      "Ref": "AWS::AccountId"
                    },
                    ":parameter/",
                    {
                      "Ref": "testlambdassmstringparameterstringParameter680CABAC"
                    }
                  ]
                ]
              }
            }
          ],
          "Version": "2012-10-17"
        },
        "PolicyName": "testlambdassmstringparameterLambdaFunctionServiceRoleDefaultPolicyA31F1897",
        "Roles": [
          {
            "Ref": "testlambdassmstringparameterLambdaFunctionServiceRole0E6B5916"
          }
        ]
      },
      "Metadata": {
        "cfn_nag": {
          "rules_to_suppress": [
            {
              "id": "W12",
              "reason": "Lambda needs the following minimum required permissions to send trace data to X-Ray and access ENIs in a VPC."
            }
          ]
        }
      }
    },
    "testlambdassmstringparameterReplaceDefaultSecurityGroupsecuritygroupBB1CB03C": {
      "Type": "AWS::EC2::SecurityGroup",
      "Properties": {
        "GroupDescription": "deployFunctionWithVpc/test-lambda-ssmstringparameter/ReplaceDefaultSecurityGroup-security-group",
        "SecurityGroupEgress": [
          {
            "CidrIp": "0.0.0.0/0",
            "Description": "Allow all outbound traffic by default",
            "IpProtocol": "-1"
          }
        ],
        "VpcId": {
          "Ref": "Vpc8378EB38"
        }
      },
      "Metadata": {
        "cfn_nag": {
          "rules_to_suppress": [
            {
              "id": "W5",
              "reason": "Egress of 0.0.0.0/0 is default and generally considered OK"
            },
            {
              "id": "W40",
              "reason": "Egress IPProtocol of -1 is default and generally considered OK"
            }
          ]
        }
      }
    },
    "testlambdassmstringparameterLambdaFunctionD0F9E80D": {
      "Type": "AWS::Lambda::Function",
      "Properties": {
        "Code": {
          "S3Bucket": {
            "Fn::Sub": "cdk-hnb659fds-assets-${AWS::AccountId}-${AWS::Region}"
          },
          "S3Key": "0c3255e93ffe7a906c7422e9f0e9cc4c7fd86ee996ee3bb302e2f134b38463c8.zip"
        },
        "Role": {
          "Fn::GetAtt": [
            "testlambdassmstringparameterLambdaFunctionServiceRole0E6B5916",
            "Arn"
          ]
        },
        "Environment": {
          "Variables": {
            "AWS_NODEJS_CONNECTION_REUSE_ENABLED": "1",
            "SSM_STRING_PARAMETER_NAME": {
              "Ref": "testlambdassmstringparameterstringParameter680CABAC"
            }
          }
        },
        "Handler": "index.handler",
        "Runtime": "nodejs14.x",
        "TracingConfig": {
          "Mode": "Active"
        },
        "VpcConfig": {
          "SecurityGroupIds": [
            {
              "Fn::GetAtt": [
                "testlambdassmstringparameterReplaceDefaultSecurityGroupsecuritygroupBB1CB03C",
                "GroupId"
              ]
            }
          ],
          "SubnetIds": [
            {
              "Ref": "VpcisolatedSubnet1SubnetE62B1B9B"
            },
            {
              "Ref": "VpcisolatedSubnet2Subnet39217055"
            },
            {
              "Ref": "VpcisolatedSubnet3Subnet44F2537D"
            }
          ]
        }
      },
      "DependsOn": [
        "testlambdassmstringparameterLambdaFunctionServiceRoleDefaultPolicyA31F1897",
        "testlambdassmstringparameterLambdaFunctionServiceRole0E6B5916"
      ],
      "Metadata": {
        "cfn_nag": {
          "rules_to_suppress": [
            {
              "id": "W58",
              "reason": "Lambda functions has the required permission to write CloudWatch Logs. It uses custom policy instead of arn:aws:iam::aws:policy/service-role/AWSLambdaBasicExecutionRole with tighter permissions."
            },
            {
              "id": "W89",
              "reason": "This is not a rule for the general case, just for specific use cases/industries"
            },
            {
              "id": "W92",
              "reason": "Impossible for us to define the correct concurrency for clients"
            }
          ]
        }
      }
    },
    "testlambdassmstringparameterstringParameter680CABAC": {
      "Type": "AWS::SSM::Parameter",
      "Properties": {
        "Type": "String",
        "Value": "test-string-value"
      }
    },
    "Vpc8378EB38": {
      "Type": "AWS::EC2::VPC",
      "Properties": {
        "CidrBlock": "10.0.0.0/16",
        "EnableDnsHostnames": true,
        "EnableDnsSupport": true,
        "InstanceTenancy": "default",
        "Tags": [
          {
            "Key": "Name",
            "Value": "deployFunctionWithVpc/Vpc"
          }
        ]
      }
    },
    "VpcisolatedSubnet1SubnetE62B1B9B": {
      "Type": "AWS::EC2::Subnet",
      "Properties": {
        "CidrBlock": "10.0.0.0/18",
        "VpcId": {
          "Ref": "Vpc8378EB38"
        },
        "AvailabilityZone": "test-region-1a",
        "MapPublicIpOnLaunch": false,
        "Tags": [
          {
            "Key": "aws-cdk:subnet-name",
            "Value": "isolated"
          },
          {
            "Key": "aws-cdk:subnet-type",
            "Value": "Isolated"
          },
          {
            "Key": "Name",
            "Value": "deployFunctionWithVpc/Vpc/isolatedSubnet1"
          }
        ]
      }
    },
    "VpcisolatedSubnet1RouteTableE442650B": {
      "Type": "AWS::EC2::RouteTable",
      "Properties": {
        "VpcId": {
          "Ref": "Vpc8378EB38"
        },
        "Tags": [
          {
            "Key": "Name",
            "Value": "deployFunctionWithVpc/Vpc/isolatedSubnet1"
          }
        ]
      }
    },
    "VpcisolatedSubnet1RouteTableAssociationD259E31A": {
      "Type": "AWS::EC2::SubnetRouteTableAssociation",
      "Properties": {
        "RouteTableId": {
          "Ref": "VpcisolatedSubnet1RouteTableE442650B"
        },
        "SubnetId": {
          "Ref": "VpcisolatedSubnet1SubnetE62B1B9B"
        }
      }
    },
    "VpcisolatedSubnet2Subnet39217055": {
      "Type": "AWS::EC2::Subnet",
      "Properties": {
        "CidrBlock": "10.0.64.0/18",
        "VpcId": {
          "Ref": "Vpc8378EB38"
        },
        "AvailabilityZone": "test-region-1b",
        "MapPublicIpOnLaunch": false,
        "Tags": [
          {
            "Key": "aws-cdk:subnet-name",
            "Value": "isolated"
          },
          {
            "Key": "aws-cdk:subnet-type",
            "Value": "Isolated"
          },
          {
            "Key": "Name",
            "Value": "deployFunctionWithVpc/Vpc/isolatedSubnet2"
          }
        ]
      }
    },
    "VpcisolatedSubnet2RouteTable334F9764": {
      "Type": "AWS::EC2::RouteTable",
      "Properties": {
        "VpcId": {
          "Ref": "Vpc8378EB38"
        },
        "Tags": [
          {
            "Key": "Name",
            "Value": "deployFunctionWithVpc/Vpc/isolatedSubnet2"
          }
        ]
      }
    },
    "VpcisolatedSubnet2RouteTableAssociation25A4716F": {
      "Type": "AWS::EC2::SubnetRouteTableAssociation",
      "Properties": {
        "RouteTableId": {
          "Ref": "VpcisolatedSubnet2RouteTable334F9764"
        },
        "SubnetId": {
          "Ref": "VpcisolatedSubnet2Subnet39217055"
        }
      }
    },
    "VpcisolatedSubnet3Subnet44F2537D": {
      "Type": "AWS::EC2::Subnet",
      "Properties": {
        "CidrBlock": "10.0.128.0/18",
        "VpcId": {
          "Ref": "Vpc8378EB38"
        },
        "AvailabilityZone": "test-region-1c",
        "MapPublicIpOnLaunch": false,
        "Tags": [
          {
            "Key": "aws-cdk:subnet-name",
            "Value": "isolated"
          },
          {
            "Key": "aws-cdk:subnet-type",
            "Value": "Isolated"
          },
          {
            "Key": "Name",
            "Value": "deployFunctionWithVpc/Vpc/isolatedSubnet3"
          }
        ]
      }
    },
    "VpcisolatedSubnet3RouteTableA2F6BBC0": {
      "Type": "AWS::EC2::RouteTable",
      "Properties": {
        "VpcId": {
          "Ref": "Vpc8378EB38"
        },
        "Tags": [
          {
            "Key": "Name",
            "Value": "deployFunctionWithVpc/Vpc/isolatedSubnet3"
          }
        ]
      }
    },
    "VpcisolatedSubnet3RouteTableAssociationDC010BEB": {
      "Type": "AWS::EC2::SubnetRouteTableAssociation",
      "Properties": {
        "RouteTableId": {
          "Ref": "VpcisolatedSubnet3RouteTableA2F6BBC0"
        },
        "SubnetId": {
          "Ref": "VpcisolatedSubnet3Subnet44F2537D"
        }
      }
    },
    "VpcFlowLogIAMRole6A475D41": {
      "Type": "AWS::IAM::Role",
      "Properties": {
        "AssumeRolePolicyDocument": {
          "Statement": [
            {
              "Action": "sts:AssumeRole",
              "Effect": "Allow",
              "Principal": {
                "Service": "vpc-flow-logs.amazonaws.com"
              }
            }
          ],
          "Version": "2012-10-17"
        },
        "Tags": [
          {
            "Key": "Name",
            "Value": "deployFunctionWithVpc/Vpc"
          }
        ]
      }
    },
    "VpcFlowLogIAMRoleDefaultPolicy406FB995": {
      "Type": "AWS::IAM::Policy",
      "Properties": {
        "PolicyDocument": {
          "Statement": [
            {
              "Action": [
                "logs:CreateLogStream",
                "logs:PutLogEvents",
                "logs:DescribeLogStreams"
              ],
              "Effect": "Allow",
              "Resource": {
                "Fn::GetAtt": [
                  "VpcFlowLogLogGroup7B5C56B9",
                  "Arn"
                ]
              }
            },
            {
              "Action": "iam:PassRole",
              "Effect": "Allow",
              "Resource": {
                "Fn::GetAtt": [
                  "VpcFlowLogIAMRole6A475D41",
                  "Arn"
                ]
              }
            }
          ],
          "Version": "2012-10-17"
        },
        "PolicyName": "VpcFlowLogIAMRoleDefaultPolicy406FB995",
        "Roles": [
          {
            "Ref": "VpcFlowLogIAMRole6A475D41"
          }
        ]
      }
    },
    "VpcFlowLogLogGroup7B5C56B9": {
      "Type": "AWS::Logs::LogGroup",
      "Properties": {
        "RetentionInDays": 731,
        "Tags": [
          {
            "Key": "Name",
            "Value": "deployFunctionWithVpc/Vpc"
          }
        ]
      },
      "UpdateReplacePolicy": "Retain",
      "DeletionPolicy": "Retain",
      "Metadata": {
        "cfn_nag": {
          "rules_to_suppress": [
            {
              "id": "W84",
              "reason": "By default CloudWatchLogs LogGroups data is encrypted using the CloudWatch server-side encryption keys (AWS Managed Keys)"
            }
          ]
        }
      }
    },
    "VpcFlowLog8FF33A73": {
      "Type": "AWS::EC2::FlowLog",
      "Properties": {
        "ResourceId": {
          "Ref": "Vpc8378EB38"
        },
        "ResourceType": "VPC",
        "TrafficType": "ALL",
        "DeliverLogsPermissionArn": {
          "Fn::GetAtt": [
            "VpcFlowLogIAMRole6A475D41",
            "Arn"
          ]
        },
        "LogDestinationType": "cloud-watch-logs",
        "LogGroupName": {
          "Ref": "VpcFlowLogLogGroup7B5C56B9"
        },
        "Tags": [
          {
            "Key": "Name",
            "Value": "deployFunctionWithVpc/Vpc"
          }
        ]
      }
    },
    "VpcSSM173B3B5B": {
      "Type": "AWS::EC2::VPCEndpoint",
      "Properties": {
        "ServiceName": {
          "Fn::Join": [
            "",
            [
              "com.amazonaws.",
              {
                "Ref": "AWS::Region"
              },
              ".ssm"
            ]
          ]
        },
        "VpcId": {
          "Ref": "Vpc8378EB38"
        },
        "PrivateDnsEnabled": true,
        "SecurityGroupIds": [
          {
            "Fn::GetAtt": [
              "deployFunctionWithVpcSSMsecuritygroup918CB15C",
              "GroupId"
            ]
          }
        ],
        "SubnetIds": [
          {
            "Ref": "VpcisolatedSubnet1SubnetE62B1B9B"
          },
          {
            "Ref": "VpcisolatedSubnet2Subnet39217055"
          },
          {
            "Ref": "VpcisolatedSubnet3Subnet44F2537D"
          }
        ],
        "VpcEndpointType": "Interface"
      }
    },
    "deployFunctionWithVpcSSMsecuritygroup918CB15C": {
      "Type": "AWS::EC2::SecurityGroup",
      "Properties": {
        "GroupDescription": "deployFunctionWithVpc/deployFunctionWithVpc-SSM-security-group",
        "SecurityGroupEgress": [
          {
            "CidrIp": "0.0.0.0/0",
            "Description": "Allow all outbound traffic by default",
            "IpProtocol": "-1"
          }
        ],
        "SecurityGroupIngress": [
          {
            "CidrIp": {
              "Fn::GetAtt": [
                "Vpc8378EB38",
                "CidrBlock"
              ]
            },
            "Description": {
              "Fn::Join": [
                "",
                [
                  "from ",
                  {
                    "Fn::GetAtt": [
                      "Vpc8378EB38",
                      "CidrBlock"
                    ]
                  },
                  ":443"
                ]
              ]
            },
            "FromPort": 443,
            "IpProtocol": "tcp",
            "ToPort": 443
          }
        ],
        "VpcId": {
          "Ref": "Vpc8378EB38"
        }
      },
      "Metadata": {
        "cfn_nag": {
          "rules_to_suppress": [
            {
              "id": "W5",
              "reason": "Egress of 0.0.0.0/0 is default and generally considered OK"
            },
            {
              "id": "W40",
              "reason": "Egress IPProtocol of -1 is default and generally considered OK"
            }
          ]
        }
      }
    }
  },
  "Parameters": {
    "BootstrapVersion": {
      "Type": "AWS::SSM::Parameter::Value<String>",
      "Default": "/cdk-bootstrap/hnb659fds/version",
      "Description": "Version of the CDK Bootstrap resources in this environment, automatically retrieved from SSM Parameter Store. [cdk:skip]"
    }
  },
  "Rules": {
    "CheckBootstrapVersion": {
      "Assertions": [
        {
          "Assert": {
            "Fn::Not": [
              {
                "Fn::Contains": [
                  [
                    "1",
                    "2",
                    "3",
                    "4",
                    "5"
                  ],
                  {
                    "Ref": "BootstrapVersion"
                  }
                ]
              }
            ]
          },
          "AssertDescription": "CDK bootstrap stack version 6 required. Please run 'cdk bootstrap' with a recent version of the CDK CLI."
        }
      ]
    }
  }
}