{
  "Resources": {
    "testfargatekinesisstreamsKinesisStreamD31BD614": {
      "Type": "AWS::Kinesis::Stream",
      "Properties": {
        "RetentionPeriodHours": 24,
        "ShardCount": 1,
        "StreamEncryption": {
          "EncryptionType": "KMS",
          "KeyId": "alias/aws/kinesis"
        }
      }
    },
    "testfargatekinesisstreamsKinesisStreamGetRecordsIteratorAgeAlarm60755E90": {
      "Type": "AWS::CloudWatch::Alarm",
      "Properties": {
        "AlarmDescription": "Consumer Record Processing Falling Behind, there is risk for data loss due to record expiration.",
        "ComparisonOperator": "GreaterThanOrEqualToThreshold",
        "EvaluationPeriods": 1,
        "MetricName": "GetRecords.IteratorAgeMilliseconds",
        "Namespace": "AWS/Kinesis",
        "Period": 300,
        "Statistic": "Maximum",
        "Threshold": 43200000
      }
    },
    "testfargatekinesisstreamsKinesisStreamReadProvisionedThroughputExceededAlarmDE16A9F2": {
      "Type": "AWS::CloudWatch::Alarm",
      "Properties": {
        "AlarmDescription": "Consumer Application is Reading at a Slower Rate Than Expected.",
        "ComparisonOperator": "GreaterThanThreshold",
        "EvaluationPeriods": 1,
        "MetricName": "ReadProvisionedThroughputExceeded",
        "Namespace": "AWS/Kinesis",
        "Period": 300,
        "Statistic": "Average",
        "Threshold": 0
      }
    },
    "Vpc8378EB38": {
      "Type": "AWS::EC2::VPC",
      "Properties": {
        "CidrBlock": "10.0.0.0/16",
        "EnableDnsHostnames": true,
        "EnableDnsSupport": true,
        "InstanceTenancy": "default",
        "Tags": [
          {
            "Key": "Name",
            "Value": "noArguments/Vpc"
          }
        ]
      }
    },
    "VpcPublicSubnet1Subnet5C2D37C4": {
      "Type": "AWS::EC2::Subnet",
      "Properties": {
        "AvailabilityZone": "test-region-1a",
        "CidrBlock": "10.0.0.0/19",
        "MapPublicIpOnLaunch": true,
        "Tags": [
          {
            "Key": "aws-cdk:subnet-name",
            "Value": "Public"
          },
          {
            "Key": "aws-cdk:subnet-type",
            "Value": "Public"
          },
          {
            "Key": "Name",
            "Value": "noArguments/Vpc/PublicSubnet1"
          }
        ],
        "VpcId": {
          "Ref": "Vpc8378EB38"
        }
      },
      "Metadata": {
        "cfn_nag": {
          "rules_to_suppress": [
            {
              "id": "W33",
              "reason": "Allow Public Subnets to have MapPublicIpOnLaunch set to true"
            }
          ]
        }
      }
    },
    "VpcPublicSubnet1RouteTable6C95E38E": {
      "Type": "AWS::EC2::RouteTable",
      "Properties": {
        "Tags": [
          {
            "Key": "Name",
            "Value": "noArguments/Vpc/PublicSubnet1"
          }
        ],
        "VpcId": {
          "Ref": "Vpc8378EB38"
        }
      }
    },
    "VpcPublicSubnet1RouteTableAssociation97140677": {
      "Type": "AWS::EC2::SubnetRouteTableAssociation",
      "Properties": {
        "RouteTableId": {
          "Ref": "VpcPublicSubnet1RouteTable6C95E38E"
        },
        "SubnetId": {
          "Ref": "VpcPublicSubnet1Subnet5C2D37C4"
        }
      }
    },
    "VpcPublicSubnet1DefaultRoute3DA9E72A": {
      "Type": "AWS::EC2::Route",
      "Properties": {
        "DestinationCidrBlock": "0.0.0.0/0",
        "GatewayId": {
          "Ref": "VpcIGWD7BA715C"
        },
        "RouteTableId": {
          "Ref": "VpcPublicSubnet1RouteTable6C95E38E"
        }
      },
      "DependsOn": [
        "VpcVPCGWBF912B6E"
      ]
    },
    "VpcPublicSubnet1EIPD7E02669": {
      "Type": "AWS::EC2::EIP",
      "Properties": {
        "Domain": "vpc",
        "Tags": [
          {
            "Key": "Name",
            "Value": "noArguments/Vpc/PublicSubnet1"
          }
        ]
      }
    },
    "VpcPublicSubnet1NATGateway4D7517AA": {
      "Type": "AWS::EC2::NatGateway",
      "Properties": {
        "AllocationId": {
          "Fn::GetAtt": [
            "VpcPublicSubnet1EIPD7E02669",
            "AllocationId"
          ]
        },
        "SubnetId": {
          "Ref": "VpcPublicSubnet1Subnet5C2D37C4"
        },
        "Tags": [
          {
            "Key": "Name",
            "Value": "noArguments/Vpc/PublicSubnet1"
          }
        ]
      },
      "DependsOn": [
        "VpcPublicSubnet1DefaultRoute3DA9E72A",
        "VpcPublicSubnet1RouteTableAssociation97140677"
      ]
    },
    "VpcPublicSubnet2Subnet691E08A3": {
      "Type": "AWS::EC2::Subnet",
      "Properties": {
        "AvailabilityZone": "test-region-1b",
        "CidrBlock": "10.0.32.0/19",
        "MapPublicIpOnLaunch": true,
        "Tags": [
          {
            "Key": "aws-cdk:subnet-name",
            "Value": "Public"
          },
          {
            "Key": "aws-cdk:subnet-type",
            "Value": "Public"
          },
          {
            "Key": "Name",
            "Value": "noArguments/Vpc/PublicSubnet2"
          }
        ],
        "VpcId": {
          "Ref": "Vpc8378EB38"
        }
      },
      "Metadata": {
        "cfn_nag": {
          "rules_to_suppress": [
            {
              "id": "W33",
              "reason": "Allow Public Subnets to have MapPublicIpOnLaunch set to true"
            }
          ]
        }
      }
    },
    "VpcPublicSubnet2RouteTable94F7E489": {
      "Type": "AWS::EC2::RouteTable",
      "Properties": {
        "Tags": [
          {
            "Key": "Name",
            "Value": "noArguments/Vpc/PublicSubnet2"
          }
        ],
        "VpcId": {
          "Ref": "Vpc8378EB38"
        }
      }
    },
    "VpcPublicSubnet2RouteTableAssociationDD5762D8": {
      "Type": "AWS::EC2::SubnetRouteTableAssociation",
      "Properties": {
        "RouteTableId": {
          "Ref": "VpcPublicSubnet2RouteTable94F7E489"
        },
        "SubnetId": {
          "Ref": "VpcPublicSubnet2Subnet691E08A3"
        }
      }
    },
    "VpcPublicSubnet2DefaultRoute97F91067": {
      "Type": "AWS::EC2::Route",
      "Properties": {
        "DestinationCidrBlock": "0.0.0.0/0",
        "GatewayId": {
          "Ref": "VpcIGWD7BA715C"
        },
        "RouteTableId": {
          "Ref": "VpcPublicSubnet2RouteTable94F7E489"
        }
      },
      "DependsOn": [
        "VpcVPCGWBF912B6E"
      ]
    },
    "VpcPublicSubnet2EIP3C605A87": {
      "Type": "AWS::EC2::EIP",
      "Properties": {
        "Domain": "vpc",
        "Tags": [
          {
            "Key": "Name",
            "Value": "noArguments/Vpc/PublicSubnet2"
          }
        ]
      }
    },
    "VpcPublicSubnet2NATGateway9182C01D": {
      "Type": "AWS::EC2::NatGateway",
      "Properties": {
        "AllocationId": {
          "Fn::GetAtt": [
            "VpcPublicSubnet2EIP3C605A87",
            "AllocationId"
          ]
        },
        "SubnetId": {
          "Ref": "VpcPublicSubnet2Subnet691E08A3"
        },
        "Tags": [
          {
            "Key": "Name",
            "Value": "noArguments/Vpc/PublicSubnet2"
          }
        ]
      },
      "DependsOn": [
        "VpcPublicSubnet2DefaultRoute97F91067",
        "VpcPublicSubnet2RouteTableAssociationDD5762D8"
      ]
    },
    "VpcPublicSubnet3SubnetBE12F0B6": {
      "Type": "AWS::EC2::Subnet",
      "Properties": {
        "AvailabilityZone": "test-region-1c",
        "CidrBlock": "10.0.64.0/19",
        "MapPublicIpOnLaunch": true,
        "Tags": [
          {
            "Key": "aws-cdk:subnet-name",
            "Value": "Public"
          },
          {
            "Key": "aws-cdk:subnet-type",
            "Value": "Public"
          },
          {
            "Key": "Name",
            "Value": "noArguments/Vpc/PublicSubnet3"
          }
        ],
        "VpcId": {
          "Ref": "Vpc8378EB38"
        }
      },
      "Metadata": {
        "cfn_nag": {
          "rules_to_suppress": [
            {
              "id": "W33",
              "reason": "Allow Public Subnets to have MapPublicIpOnLaunch set to true"
            }
          ]
        }
      }
    },
    "VpcPublicSubnet3RouteTable93458DBB": {
      "Type": "AWS::EC2::RouteTable",
      "Properties": {
        "Tags": [
          {
            "Key": "Name",
            "Value": "noArguments/Vpc/PublicSubnet3"
          }
        ],
        "VpcId": {
          "Ref": "Vpc8378EB38"
        }
      }
    },
    "VpcPublicSubnet3RouteTableAssociation1F1EDF02": {
      "Type": "AWS::EC2::SubnetRouteTableAssociation",
      "Properties": {
        "RouteTableId": {
          "Ref": "VpcPublicSubnet3RouteTable93458DBB"
        },
        "SubnetId": {
          "Ref": "VpcPublicSubnet3SubnetBE12F0B6"
        }
      }
    },
    "VpcPublicSubnet3DefaultRoute4697774F": {
      "Type": "AWS::EC2::Route",
      "Properties": {
        "DestinationCidrBlock": "0.0.0.0/0",
        "GatewayId": {
          "Ref": "VpcIGWD7BA715C"
        },
        "RouteTableId": {
          "Ref": "VpcPublicSubnet3RouteTable93458DBB"
        }
      },
      "DependsOn": [
        "VpcVPCGWBF912B6E"
      ]
    },
    "VpcPublicSubnet3EIP3A666A23": {
      "Type": "AWS::EC2::EIP",
      "Properties": {
        "Domain": "vpc",
        "Tags": [
          {
            "Key": "Name",
            "Value": "noArguments/Vpc/PublicSubnet3"
          }
        ]
      }
    },
    "VpcPublicSubnet3NATGateway7640CD1D": {
      "Type": "AWS::EC2::NatGateway",
      "Properties": {
        "AllocationId": {
          "Fn::GetAtt": [
            "VpcPublicSubnet3EIP3A666A23",
            "AllocationId"
          ]
        },
        "SubnetId": {
          "Ref": "VpcPublicSubnet3SubnetBE12F0B6"
        },
        "Tags": [
          {
            "Key": "Name",
            "Value": "noArguments/Vpc/PublicSubnet3"
          }
        ]
      },
      "DependsOn": [
        "VpcPublicSubnet3DefaultRoute4697774F",
        "VpcPublicSubnet3RouteTableAssociation1F1EDF02"
      ]
    },
    "VpcPrivateSubnet1Subnet536B997A": {
      "Type": "AWS::EC2::Subnet",
      "Properties": {
        "AvailabilityZone": "test-region-1a",
        "CidrBlock": "10.0.96.0/19",
        "MapPublicIpOnLaunch": false,
        "Tags": [
          {
            "Key": "aws-cdk:subnet-name",
            "Value": "Private"
          },
          {
            "Key": "aws-cdk:subnet-type",
            "Value": "Private"
          },
          {
            "Key": "Name",
            "Value": "noArguments/Vpc/PrivateSubnet1"
          }
        ],
        "VpcId": {
          "Ref": "Vpc8378EB38"
        }
      }
    },
    "VpcPrivateSubnet1RouteTableB2C5B500": {
      "Type": "AWS::EC2::RouteTable",
      "Properties": {
        "Tags": [
          {
            "Key": "Name",
            "Value": "noArguments/Vpc/PrivateSubnet1"
          }
        ],
        "VpcId": {
          "Ref": "Vpc8378EB38"
        }
      }
    },
    "VpcPrivateSubnet1RouteTableAssociation70C59FA6": {
      "Type": "AWS::EC2::SubnetRouteTableAssociation",
      "Properties": {
        "RouteTableId": {
          "Ref": "VpcPrivateSubnet1RouteTableB2C5B500"
        },
        "SubnetId": {
          "Ref": "VpcPrivateSubnet1Subnet536B997A"
        }
      }
    },
    "VpcPrivateSubnet1DefaultRouteBE02A9ED": {
      "Type": "AWS::EC2::Route",
      "Properties": {
        "DestinationCidrBlock": "0.0.0.0/0",
        "NatGatewayId": {
          "Ref": "VpcPublicSubnet1NATGateway4D7517AA"
        },
        "RouteTableId": {
          "Ref": "VpcPrivateSubnet1RouteTableB2C5B500"
        }
      }
    },
    "VpcPrivateSubnet2Subnet3788AAA1": {
      "Type": "AWS::EC2::Subnet",
      "Properties": {
        "AvailabilityZone": "test-region-1b",
        "CidrBlock": "10.0.128.0/19",
        "MapPublicIpOnLaunch": false,
        "Tags": [
          {
            "Key": "aws-cdk:subnet-name",
            "Value": "Private"
          },
          {
            "Key": "aws-cdk:subnet-type",
            "Value": "Private"
          },
          {
            "Key": "Name",
            "Value": "noArguments/Vpc/PrivateSubnet2"
          }
        ],
        "VpcId": {
          "Ref": "Vpc8378EB38"
        }
      }
    },
    "VpcPrivateSubnet2RouteTableA678073B": {
      "Type": "AWS::EC2::RouteTable",
      "Properties": {
        "Tags": [
          {
            "Key": "Name",
            "Value": "noArguments/Vpc/PrivateSubnet2"
          }
        ],
        "VpcId": {
          "Ref": "Vpc8378EB38"
        }
      }
    },
    "VpcPrivateSubnet2RouteTableAssociationA89CAD56": {
      "Type": "AWS::EC2::SubnetRouteTableAssociation",
      "Properties": {
        "RouteTableId": {
          "Ref": "VpcPrivateSubnet2RouteTableA678073B"
        },
        "SubnetId": {
          "Ref": "VpcPrivateSubnet2Subnet3788AAA1"
        }
      }
    },
    "VpcPrivateSubnet2DefaultRoute060D2087": {
      "Type": "AWS::EC2::Route",
      "Properties": {
        "DestinationCidrBlock": "0.0.0.0/0",
        "NatGatewayId": {
          "Ref": "VpcPublicSubnet2NATGateway9182C01D"
        },
        "RouteTableId": {
          "Ref": "VpcPrivateSubnet2RouteTableA678073B"
        }
      }
    },
    "VpcPrivateSubnet3SubnetF258B56E": {
      "Type": "AWS::EC2::Subnet",
      "Properties": {
        "AvailabilityZone": "test-region-1c",
        "CidrBlock": "10.0.160.0/19",
        "MapPublicIpOnLaunch": false,
        "Tags": [
          {
            "Key": "aws-cdk:subnet-name",
            "Value": "Private"
          },
          {
            "Key": "aws-cdk:subnet-type",
            "Value": "Private"
          },
          {
            "Key": "Name",
            "Value": "noArguments/Vpc/PrivateSubnet3"
          }
        ],
        "VpcId": {
          "Ref": "Vpc8378EB38"
        }
      }
    },
    "VpcPrivateSubnet3RouteTableD98824C7": {
      "Type": "AWS::EC2::RouteTable",
      "Properties": {
        "Tags": [
          {
            "Key": "Name",
            "Value": "noArguments/Vpc/PrivateSubnet3"
          }
        ],
        "VpcId": {
          "Ref": "Vpc8378EB38"
        }
      }
    },
    "VpcPrivateSubnet3RouteTableAssociation16BDDC43": {
      "Type": "AWS::EC2::SubnetRouteTableAssociation",
      "Properties": {
        "RouteTableId": {
          "Ref": "VpcPrivateSubnet3RouteTableD98824C7"
        },
        "SubnetId": {
          "Ref": "VpcPrivateSubnet3SubnetF258B56E"
        }
      }
    },
    "VpcPrivateSubnet3DefaultRoute94B74F0D": {
      "Type": "AWS::EC2::Route",
      "Properties": {
        "DestinationCidrBlock": "0.0.0.0/0",
        "NatGatewayId": {
          "Ref": "VpcPublicSubnet3NATGateway7640CD1D"
        },
        "RouteTableId": {
          "Ref": "VpcPrivateSubnet3RouteTableD98824C7"
        }
      }
    },
    "VpcIGWD7BA715C": {
      "Type": "AWS::EC2::InternetGateway",
      "Properties": {
        "Tags": [
          {
            "Key": "Name",
            "Value": "noArguments/Vpc"
          }
        ]
      }
    },
    "VpcVPCGWBF912B6E": {
      "Type": "AWS::EC2::VPCGatewayAttachment",
      "Properties": {
        "InternetGatewayId": {
          "Ref": "VpcIGWD7BA715C"
        },
        "VpcId": {
          "Ref": "Vpc8378EB38"
        }
      }
    },
    "VpcFlowLogIAMRole6A475D41": {
      "Type": "AWS::IAM::Role",
      "Properties": {
        "AssumeRolePolicyDocument": {
          "Statement": [
            {
              "Action": "sts:AssumeRole",
              "Effect": "Allow",
              "Principal": {
                "Service": "vpc-flow-logs.amazonaws.com"
              }
            }
          ],
          "Version": "2012-10-17"
        },
        "Tags": [
          {
            "Key": "Name",
            "Value": "noArguments/Vpc/FlowLog"
          }
        ]
      }
    },
    "VpcFlowLogIAMRoleDefaultPolicy406FB995": {
      "Type": "AWS::IAM::Policy",
      "Properties": {
        "PolicyDocument": {
          "Statement": [
            {
              "Action": [
                "logs:CreateLogStream",
                "logs:PutLogEvents",
                "logs:DescribeLogStreams"
              ],
              "Effect": "Allow",
              "Resource": {
                "Fn::GetAtt": [
                  "VpcFlowLogLogGroup7B5C56B9",
                  "Arn"
                ]
              }
            },
            {
              "Action": "iam:PassRole",
              "Effect": "Allow",
              "Resource": {
                "Fn::GetAtt": [
                  "VpcFlowLogIAMRole6A475D41",
                  "Arn"
                ]
              }
            }
          ],
          "Version": "2012-10-17"
        },
        "PolicyName": "VpcFlowLogIAMRoleDefaultPolicy406FB995",
        "Roles": [
          {
            "Ref": "VpcFlowLogIAMRole6A475D41"
          }
        ]
      }
    },
    "VpcFlowLogLogGroup7B5C56B9": {
      "Type": "AWS::Logs::LogGroup",
      "Properties": {
        "RetentionInDays": 731,
        "Tags": [
          {
            "Key": "Name",
            "Value": "noArguments/Vpc/FlowLog"
          }
        ]
      },
      "UpdateReplacePolicy": "Retain",
      "DeletionPolicy": "Retain",
      "Metadata": {
        "cfn_nag": {
          "rules_to_suppress": [
            {
              "id": "W84",
              "reason": "By default CloudWatchLogs LogGroups data is encrypted using the CloudWatch server-side encryption keys (AWS Managed Keys)"
            }
          ]
        }
      }
    },
    "VpcFlowLog8FF33A73": {
      "Type": "AWS::EC2::FlowLog",
      "Properties": {
        "DeliverLogsPermissionArn": {
          "Fn::GetAtt": [
            "VpcFlowLogIAMRole6A475D41",
            "Arn"
          ]
        },
        "LogDestinationType": "cloud-watch-logs",
        "LogGroupName": {
          "Ref": "VpcFlowLogLogGroup7B5C56B9"
        },
        "ResourceId": {
          "Ref": "Vpc8378EB38"
        },
        "ResourceType": "VPC",
        "Tags": [
          {
            "Key": "Name",
            "Value": "noArguments/Vpc/FlowLog"
          }
        ],
        "TrafficType": "ALL"
      }
    },
    "VpcKINESISSTREAMSC07D91B5": {
      "Type": "AWS::EC2::VPCEndpoint",
      "Properties": {
        "PrivateDnsEnabled": true,
        "SecurityGroupIds": [
          {
            "Fn::GetAtt": [
              "noArgumentsKINESISSTREAMSsecuritygroupA5FDBE79",
              "GroupId"
            ]
          }
        ],
        "ServiceName": {
          "Fn::Join": [
            "",
            [
              "com.amazonaws.",
              {
                "Ref": "AWS::Region"
              },
              ".kinesis-streams"
            ]
          ]
        },
        "SubnetIds": [
          {
            "Ref": "VpcPrivateSubnet1Subnet536B997A"
          },
          {
            "Ref": "VpcPrivateSubnet2Subnet3788AAA1"
          },
          {
            "Ref": "VpcPrivateSubnet3SubnetF258B56E"
          }
        ],
        "VpcEndpointType": "Interface",
        "VpcId": {
          "Ref": "Vpc8378EB38"
        }
      }
    },
    "VpcECRAPI9A3B6A2B": {
      "Type": "AWS::EC2::VPCEndpoint",
      "Properties": {
        "PrivateDnsEnabled": true,
        "SecurityGroupIds": [
          {
            "Fn::GetAtt": [
              "noArgumentsECRAPIsecuritygroup70B67825",
              "GroupId"
            ]
          }
        ],
        "ServiceName": {
          "Fn::Join": [
            "",
            [
              "com.amazonaws.",
              {
                "Ref": "AWS::Region"
              },
              ".ecr.api"
            ]
          ]
        },
        "SubnetIds": [
          {
            "Ref": "VpcPrivateSubnet1Subnet536B997A"
          },
          {
            "Ref": "VpcPrivateSubnet2Subnet3788AAA1"
          },
          {
            "Ref": "VpcPrivateSubnet3SubnetF258B56E"
          }
        ],
        "VpcEndpointType": "Interface",
        "VpcId": {
          "Ref": "Vpc8378EB38"
        }
      }
    },
    "VpcECRDKR604E039F": {
      "Type": "AWS::EC2::VPCEndpoint",
      "Properties": {
        "PrivateDnsEnabled": true,
        "SecurityGroupIds": [
          {
            "Fn::GetAtt": [
              "noArgumentsECRDKRsecuritygroup881C3744",
              "GroupId"
            ]
          }
        ],
        "ServiceName": {
          "Fn::Join": [
            "",
            [
              "com.amazonaws.",
              {
                "Ref": "AWS::Region"
              },
              ".ecr.dkr"
            ]
          ]
        },
        "SubnetIds": [
          {
            "Ref": "VpcPrivateSubnet1Subnet536B997A"
          },
          {
            "Ref": "VpcPrivateSubnet2Subnet3788AAA1"
          },
          {
            "Ref": "VpcPrivateSubnet3SubnetF258B56E"
          }
        ],
        "VpcEndpointType": "Interface",
        "VpcId": {
          "Ref": "Vpc8378EB38"
        }
      }
    },
    "VpcS3A5408339": {
      "Type": "AWS::EC2::VPCEndpoint",
      "Properties": {
        "RouteTableIds": [
          {
            "Ref": "VpcPrivateSubnet1RouteTableB2C5B500"
          },
          {
            "Ref": "VpcPrivateSubnet2RouteTableA678073B"
          },
          {
            "Ref": "VpcPrivateSubnet3RouteTableD98824C7"
          },
          {
            "Ref": "VpcPublicSubnet1RouteTable6C95E38E"
          },
          {
            "Ref": "VpcPublicSubnet2RouteTable94F7E489"
          },
          {
            "Ref": "VpcPublicSubnet3RouteTable93458DBB"
          }
        ],
        "ServiceName": {
          "Fn::Join": [
            "",
            [
              "com.amazonaws.",
              {
                "Ref": "AWS::Region"
              },
              ".s3"
            ]
          ]
        },
        "VpcEndpointType": "Gateway",
        "VpcId": {
          "Ref": "Vpc8378EB38"
        }
      }
    },
    "noArgumentsKINESISSTREAMSsecuritygroupA5FDBE79": {
      "Type": "AWS::EC2::SecurityGroup",
      "Properties": {
        "GroupDescription": "noArguments/noArguments-KINESIS_STREAMS-security-group",
        "SecurityGroupEgress": [
          {
            "CidrIp": "0.0.0.0/0",
            "Description": "Allow all outbound traffic by default",
            "IpProtocol": "-1"
          }
        ],
        "SecurityGroupIngress": [
          {
            "CidrIp": {
              "Fn::GetAtt": [
                "Vpc8378EB38",
                "CidrBlock"
              ]
            },
            "Description": {
              "Fn::Join": [
                "",
                [
                  "from ",
                  {
                    "Fn::GetAtt": [
                      "Vpc8378EB38",
                      "CidrBlock"
                    ]
                  },
                  ":443"
                ]
              ]
            },
            "FromPort": 443,
            "IpProtocol": "tcp",
            "ToPort": 443
          }
        ],
        "VpcId": {
          "Ref": "Vpc8378EB38"
        }
      },
      "Metadata": {
        "cfn_nag": {
          "rules_to_suppress": [
            {
              "id": "W5",
              "reason": "Egress of 0.0.0.0/0 is default and generally considered OK"
            },
            {
              "id": "W40",
              "reason": "Egress IPProtocol of -1 is default and generally considered OK"
            }
          ]
        }
      }
    },
    "noArgumentsECRAPIsecuritygroup70B67825": {
      "Type": "AWS::EC2::SecurityGroup",
      "Properties": {
        "GroupDescription": "noArguments/noArguments-ECR_API-security-group",
        "SecurityGroupEgress": [
          {
            "CidrIp": "0.0.0.0/0",
            "Description": "Allow all outbound traffic by default",
            "IpProtocol": "-1"
          }
        ],
        "SecurityGroupIngress": [
          {
            "CidrIp": {
              "Fn::GetAtt": [
                "Vpc8378EB38",
                "CidrBlock"
              ]
            },
            "Description": {
              "Fn::Join": [
                "",
                [
                  "from ",
                  {
                    "Fn::GetAtt": [
                      "Vpc8378EB38",
                      "CidrBlock"
                    ]
                  },
                  ":443"
                ]
              ]
            },
            "FromPort": 443,
            "IpProtocol": "tcp",
            "ToPort": 443
          }
        ],
        "VpcId": {
          "Ref": "Vpc8378EB38"
        }
      },
      "Metadata": {
        "cfn_nag": {
          "rules_to_suppress": [
            {
              "id": "W5",
              "reason": "Egress of 0.0.0.0/0 is default and generally considered OK"
            },
            {
              "id": "W40",
              "reason": "Egress IPProtocol of -1 is default and generally considered OK"
            }
          ]
        }
      }
    },
    "noArgumentsECRDKRsecuritygroup881C3744": {
      "Type": "AWS::EC2::SecurityGroup",
      "Properties": {
        "GroupDescription": "noArguments/noArguments-ECR_DKR-security-group",
        "SecurityGroupEgress": [
          {
            "CidrIp": "0.0.0.0/0",
            "Description": "Allow all outbound traffic by default",
            "IpProtocol": "-1"
          }
        ],
        "SecurityGroupIngress": [
          {
            "CidrIp": {
              "Fn::GetAtt": [
                "Vpc8378EB38",
                "CidrBlock"
              ]
            },
            "Description": {
              "Fn::Join": [
                "",
                [
                  "from ",
                  {
                    "Fn::GetAtt": [
                      "Vpc8378EB38",
                      "CidrBlock"
                    ]
                  },
                  ":443"
                ]
              ]
            },
            "FromPort": 443,
            "IpProtocol": "tcp",
            "ToPort": 443
          }
        ],
        "VpcId": {
          "Ref": "Vpc8378EB38"
        }
      },
      "Metadata": {
        "cfn_nag": {
          "rules_to_suppress": [
            {
              "id": "W5",
              "reason": "Egress of 0.0.0.0/0 is default and generally considered OK"
            },
            {
              "id": "W40",
              "reason": "Egress IPProtocol of -1 is default and generally considered OK"
            }
          ]
        }
      }
    },
    "testfargatekinesisstreamsclusterEA5A2AD7": {
      "Type": "AWS::ECS::Cluster"
    },
    "testfargatekinesisstreamstaskdefTaskRole9811F3BE": {
      "Type": "AWS::IAM::Role",
      "Properties": {
        "AssumeRolePolicyDocument": {
          "Statement": [
            {
              "Action": "sts:AssumeRole",
              "Effect": "Allow",
              "Principal": {
                "Service": "ecs-tasks.amazonaws.com"
              }
            }
          ],
          "Version": "2012-10-17"
        }
      }
    },
    "testfargatekinesisstreamstaskdefTaskRoleDefaultPolicyAE7EF3E4": {
      "Type": "AWS::IAM::Policy",
      "Properties": {
        "PolicyDocument": {
          "Statement": [
            {
              "Action": [
                "kinesis:ListShards",
                "kinesis:PutRecord",
                "kinesis:PutRecords"
              ],
              "Effect": "Allow",
              "Resource": {
                "Fn::GetAtt": [
                  "testfargatekinesisstreamsKinesisStreamD31BD614",
                  "Arn"
                ]
              }
            }
          ],
          "Version": "2012-10-17"
        },
        "PolicyName": "testfargatekinesisstreamstaskdefTaskRoleDefaultPolicyAE7EF3E4",
        "Roles": [
          {
            "Ref": "testfargatekinesisstreamstaskdefTaskRole9811F3BE"
          }
        ]
      }
    },
    "testfargatekinesisstreamstaskdef402FE0B3": {
      "Type": "AWS::ECS::TaskDefinition",
      "Properties": {
        "ContainerDefinitions": [
          {
            "Environment": [
              {
                "Name": "KINESIS_DATASTREAM_NAME",
                "Value": {
                  "Ref": "testfargatekinesisstreamsKinesisStreamD31BD614"
                }
              }
            ],
            "Essential": true,
            "Image": "nginx",
            "MemoryReservation": 512,
            "Name": "test-fargate-kinesisstreams-container",
            "PortMappings": [
              {
                "ContainerPort": 8080,
                "Protocol": "tcp"
              }
            ]
          }
        ],
        "Cpu": "256",
        "Family": "noArgumentstestfargatekinesisstreamstaskdef80D83FB4",
        "Memory": "512",
        "NetworkMode": "awsvpc",
        "RequiresCompatibilities": [
          "FARGATE"
        ],
        "TaskRoleArn": {
          "Fn::GetAtt": [
            "testfargatekinesisstreamstaskdefTaskRole9811F3BE",
            "Arn"
          ]
        }
      }
    },
    "testfargatekinesisstreamssgBA506AC6": {
      "Type": "AWS::EC2::SecurityGroup",
      "Properties": {
        "GroupDescription": "Construct created security group",
        "SecurityGroupEgress": [
          {
            "CidrIp": "0.0.0.0/0",
            "Description": "Allow all outbound traffic by default",
            "IpProtocol": "-1"
          }
        ],
        "VpcId": {
          "Ref": "Vpc8378EB38"
        }
      },
      "Metadata": {
        "cfn_nag": {
          "rules_to_suppress": [
            {
              "id": "W5",
              "reason": "Egress of 0.0.0.0/0 is default and generally considered OK"
            },
            {
              "id": "W40",
              "reason": "Egress IPProtocol of -1 is default and generally considered OK"
            }
          ]
        }
      }
    },
    "testfargatekinesisstreamsserviceService5AE7AADF": {
      "Type": "AWS::ECS::Service",
      "Properties": {
        "Cluster": {
          "Ref": "testfargatekinesisstreamsclusterEA5A2AD7"
        },
        "DeploymentConfiguration": {
          "Alarms": {
            "AlarmNames": [],
            "Enable": false,
            "Rollback": false
          },
          "MaximumPercent": 150,
          "MinimumHealthyPercent": 75
        },
        "DesiredCount": 2,
        "EnableECSManagedTags": false,
        "LaunchType": "FARGATE",
        "NetworkConfiguration": {
          "AwsvpcConfiguration": {
            "AssignPublicIp": "DISABLED",
            "SecurityGroups": [
              {
                "Fn::GetAtt": [
                  "testfargatekinesisstreamssgBA506AC6",
                  "GroupId"
                ]
              }
            ],
            "Subnets": [
              {
                "Ref": "VpcPrivateSubnet1Subnet536B997A"
              },
              {
                "Ref": "VpcPrivateSubnet2Subnet3788AAA1"
              },
              {
                "Ref": "VpcPrivateSubnet3SubnetF258B56E"
              }
            ]
          }
        },
        "PlatformVersion": "LATEST",
        "TaskDefinition": {
          "Ref": "testfargatekinesisstreamstaskdef402FE0B3"
        }
      },
      "DependsOn": [
        "testfargatekinesisstreamstaskdefTaskRoleDefaultPolicyAE7EF3E4",
        "testfargatekinesisstreamstaskdefTaskRole9811F3BE"
      ]
    }
  },
  "Parameters": {
    "BootstrapVersion": {
      "Type": "AWS::SSM::Parameter::Value<String>",
      "Default": "/cdk-bootstrap/hnb659fds/version",
      "Description": "Version of the CDK Bootstrap resources in this environment, automatically retrieved from SSM Parameter Store. [cdk:skip]"
    }
  },
  "Rules": {
    "CheckBootstrapVersion": {
      "Assertions": [
        {
          "Assert": {
            "Fn::Not": [
              {
                "Fn::Contains": [
                  [
                    "1",
                    "2",
                    "3",
                    "4",
                    "5"
                  ],
                  {
                    "Ref": "BootstrapVersion"
                  }
                ]
              }
            ]
          },
          "AssertDescription": "CDK bootstrap stack version 6 required. Please run 'cdk bootstrap' with a recent version of the CDK CLI."
        }
      ]
    }
  }
}