// Jest Snapshot v1, https://goo.gl/fbAQLP

exports[`s3 bucket with default params 1`] = `
Object {
  "Resources": Object {
    "tests3defaults80430774": Object {
      "DeletionPolicy": "Retain",
      "Properties": Object {
        "BucketEncryption": Object {
          "ServerSideEncryptionConfiguration": Array [
            Object {
              "ServerSideEncryptionByDefault": Object {
                "SSEAlgorithm": "AES256",
              },
            },
          ],
        },
        "LifecycleConfiguration": Object {
          "Rules": Array [
            Object {
              "NoncurrentVersionTransitions": Array [
                Object {
                  "StorageClass": "GLACIER",
                  "TransitionInDays": 90,
                },
              ],
              "Status": "Enabled",
            },
          ],
        },
        "PublicAccessBlockConfiguration": Object {
          "BlockPublicAcls": true,
          "BlockPublicPolicy": true,
          "IgnorePublicAcls": true,
          "RestrictPublicBuckets": true,
        },
        "VersioningConfiguration": Object {
          "Status": "Enabled",
        },
      },
      "Type": "AWS::S3::Bucket",
      "UpdateReplacePolicy": "Retain",
    },
  },
}
`;
