// Jest Snapshot v1, https://goo.gl/fbAQLP

exports[`Test minimal deployment with no properties 1`] = `
Object {
  "Resources": Object {
    "parameterName95084137": Object {
      "Properties": Object {
        "Type": "String",
        "Value": "test-val",
      },
      "Type": "AWS::SSM::Parameter",
    },
  },
}
`;
