{
  "Description": "Integration Test for aws-route53-alb",
  "Resources": {
    "Vpc8378EB38": {
      "Type": "AWS::EC2::VPC",
      "Properties": {
        "CidrBlock": "172.168.0.0/16",
        "EnableDnsHostnames": true,
        "EnableDnsSupport": true,
        "InstanceTenancy": "default",
        "Tags": [
          {
            "Key": "Name",
            "Value": "deployPrivateApiExistingZone/Vpc"
          }
        ]
      }
    },
    "VpcPublicSubnet1Subnet5C2D37C4": {
      "Type": "AWS::EC2::Subnet",
      "Properties": {
        "AvailabilityZone": "test-region-1a",
        "CidrBlock": "172.168.0.0/19",
        "MapPublicIpOnLaunch": true,
        "Tags": [
          {
            "Key": "aws-cdk:subnet-name",
            "Value": "Public"
          },
          {
            "Key": "aws-cdk:subnet-type",
            "Value": "Public"
          },
          {
            "Key": "Name",
            "Value": "deployPrivateApiExistingZone/Vpc/PublicSubnet1"
          }
        ],
        "VpcId": {
          "Ref": "Vpc8378EB38"
        }
      },
      "Metadata": {
        "cfn_nag": {
          "rules_to_suppress": [
            {
              "id": "W33",
              "reason": "Allow Public Subnets to have MapPublicIpOnLaunch set to true"
            }
          ]
        }
      }
    },
    "VpcPublicSubnet1RouteTable6C95E38E": {
      "Type": "AWS::EC2::RouteTable",
      "Properties": {
        "Tags": [
          {
            "Key": "Name",
            "Value": "deployPrivateApiExistingZone/Vpc/PublicSubnet1"
          }
        ],
        "VpcId": {
          "Ref": "Vpc8378EB38"
        }
      }
    },
    "VpcPublicSubnet1RouteTableAssociation97140677": {
      "Type": "AWS::EC2::SubnetRouteTableAssociation",
      "Properties": {
        "RouteTableId": {
          "Ref": "VpcPublicSubnet1RouteTable6C95E38E"
        },
        "SubnetId": {
          "Ref": "VpcPublicSubnet1Subnet5C2D37C4"
        }
      }
    },
    "VpcPublicSubnet1DefaultRoute3DA9E72A": {
      "Type": "AWS::EC2::Route",
      "Properties": {
        "DestinationCidrBlock": "0.0.0.0/0",
        "GatewayId": {
          "Ref": "VpcIGWD7BA715C"
        },
        "RouteTableId": {
          "Ref": "VpcPublicSubnet1RouteTable6C95E38E"
        }
      },
      "DependsOn": [
        "VpcVPCGWBF912B6E"
      ]
    },
    "VpcPublicSubnet1EIPD7E02669": {
      "Type": "AWS::EC2::EIP",
      "Properties": {
        "Domain": "vpc",
        "Tags": [
          {
            "Key": "Name",
            "Value": "deployPrivateApiExistingZone/Vpc/PublicSubnet1"
          }
        ]
      }
    },
    "VpcPublicSubnet1NATGateway4D7517AA": {
      "Type": "AWS::EC2::NatGateway",
      "Properties": {
        "AllocationId": {
          "Fn::GetAtt": [
            "VpcPublicSubnet1EIPD7E02669",
            "AllocationId"
          ]
        },
        "SubnetId": {
          "Ref": "VpcPublicSubnet1Subnet5C2D37C4"
        },
        "Tags": [
          {
            "Key": "Name",
            "Value": "deployPrivateApiExistingZone/Vpc/PublicSubnet1"
          }
        ]
      },
      "DependsOn": [
        "VpcPublicSubnet1DefaultRoute3DA9E72A",
        "VpcPublicSubnet1RouteTableAssociation97140677"
      ]
    },
    "VpcPublicSubnet2Subnet691E08A3": {
      "Type": "AWS::EC2::Subnet",
      "Properties": {
        "AvailabilityZone": "test-region-1b",
        "CidrBlock": "172.168.32.0/19",
        "MapPublicIpOnLaunch": true,
        "Tags": [
          {
            "Key": "aws-cdk:subnet-name",
            "Value": "Public"
          },
          {
            "Key": "aws-cdk:subnet-type",
            "Value": "Public"
          },
          {
            "Key": "Name",
            "Value": "deployPrivateApiExistingZone/Vpc/PublicSubnet2"
          }
        ],
        "VpcId": {
          "Ref": "Vpc8378EB38"
        }
      },
      "Metadata": {
        "cfn_nag": {
          "rules_to_suppress": [
            {
              "id": "W33",
              "reason": "Allow Public Subnets to have MapPublicIpOnLaunch set to true"
            }
          ]
        }
      }
    },
    "VpcPublicSubnet2RouteTable94F7E489": {
      "Type": "AWS::EC2::RouteTable",
      "Properties": {
        "Tags": [
          {
            "Key": "Name",
            "Value": "deployPrivateApiExistingZone/Vpc/PublicSubnet2"
          }
        ],
        "VpcId": {
          "Ref": "Vpc8378EB38"
        }
      }
    },
    "VpcPublicSubnet2RouteTableAssociationDD5762D8": {
      "Type": "AWS::EC2::SubnetRouteTableAssociation",
      "Properties": {
        "RouteTableId": {
          "Ref": "VpcPublicSubnet2RouteTable94F7E489"
        },
        "SubnetId": {
          "Ref": "VpcPublicSubnet2Subnet691E08A3"
        }
      }
    },
    "VpcPublicSubnet2DefaultRoute97F91067": {
      "Type": "AWS::EC2::Route",
      "Properties": {
        "DestinationCidrBlock": "0.0.0.0/0",
        "GatewayId": {
          "Ref": "VpcIGWD7BA715C"
        },
        "RouteTableId": {
          "Ref": "VpcPublicSubnet2RouteTable94F7E489"
        }
      },
      "DependsOn": [
        "VpcVPCGWBF912B6E"
      ]
    },
    "VpcPublicSubnet2EIP3C605A87": {
      "Type": "AWS::EC2::EIP",
      "Properties": {
        "Domain": "vpc",
        "Tags": [
          {
            "Key": "Name",
            "Value": "deployPrivateApiExistingZone/Vpc/PublicSubnet2"
          }
        ]
      }
    },
    "VpcPublicSubnet2NATGateway9182C01D": {
      "Type": "AWS::EC2::NatGateway",
      "Properties": {
        "AllocationId": {
          "Fn::GetAtt": [
            "VpcPublicSubnet2EIP3C605A87",
            "AllocationId"
          ]
        },
        "SubnetId": {
          "Ref": "VpcPublicSubnet2Subnet691E08A3"
        },
        "Tags": [
          {
            "Key": "Name",
            "Value": "deployPrivateApiExistingZone/Vpc/PublicSubnet2"
          }
        ]
      },
      "DependsOn": [
        "VpcPublicSubnet2DefaultRoute97F91067",
        "VpcPublicSubnet2RouteTableAssociationDD5762D8"
      ]
    },
    "VpcPublicSubnet3SubnetBE12F0B6": {
      "Type": "AWS::EC2::Subnet",
      "Properties": {
        "AvailabilityZone": "test-region-1c",
        "CidrBlock": "172.168.64.0/19",
        "MapPublicIpOnLaunch": true,
        "Tags": [
          {
            "Key": "aws-cdk:subnet-name",
            "Value": "Public"
          },
          {
            "Key": "aws-cdk:subnet-type",
            "Value": "Public"
          },
          {
            "Key": "Name",
            "Value": "deployPrivateApiExistingZone/Vpc/PublicSubnet3"
          }
        ],
        "VpcId": {
          "Ref": "Vpc8378EB38"
        }
      },
      "Metadata": {
        "cfn_nag": {
          "rules_to_suppress": [
            {
              "id": "W33",
              "reason": "Allow Public Subnets to have MapPublicIpOnLaunch set to true"
            }
          ]
        }
      }
    },
    "VpcPublicSubnet3RouteTable93458DBB": {
      "Type": "AWS::EC2::RouteTable",
      "Properties": {
        "Tags": [
          {
            "Key": "Name",
            "Value": "deployPrivateApiExistingZone/Vpc/PublicSubnet3"
          }
        ],
        "VpcId": {
          "Ref": "Vpc8378EB38"
        }
      }
    },
    "VpcPublicSubnet3RouteTableAssociation1F1EDF02": {
      "Type": "AWS::EC2::SubnetRouteTableAssociation",
      "Properties": {
        "RouteTableId": {
          "Ref": "VpcPublicSubnet3RouteTable93458DBB"
        },
        "SubnetId": {
          "Ref": "VpcPublicSubnet3SubnetBE12F0B6"
        }
      }
    },
    "VpcPublicSubnet3DefaultRoute4697774F": {
      "Type": "AWS::EC2::Route",
      "Properties": {
        "DestinationCidrBlock": "0.0.0.0/0",
        "GatewayId": {
          "Ref": "VpcIGWD7BA715C"
        },
        "RouteTableId": {
          "Ref": "VpcPublicSubnet3RouteTable93458DBB"
        }
      },
      "DependsOn": [
        "VpcVPCGWBF912B6E"
      ]
    },
    "VpcPublicSubnet3EIP3A666A23": {
      "Type": "AWS::EC2::EIP",
      "Properties": {
        "Domain": "vpc",
        "Tags": [
          {
            "Key": "Name",
            "Value": "deployPrivateApiExistingZone/Vpc/PublicSubnet3"
          }
        ]
      }
    },
    "VpcPublicSubnet3NATGateway7640CD1D": {
      "Type": "AWS::EC2::NatGateway",
      "Properties": {
        "AllocationId": {
          "Fn::GetAtt": [
            "VpcPublicSubnet3EIP3A666A23",
            "AllocationId"
          ]
        },
        "SubnetId": {
          "Ref": "VpcPublicSubnet3SubnetBE12F0B6"
        },
        "Tags": [
          {
            "Key": "Name",
            "Value": "deployPrivateApiExistingZone/Vpc/PublicSubnet3"
          }
        ]
      },
      "DependsOn": [
        "VpcPublicSubnet3DefaultRoute4697774F",
        "VpcPublicSubnet3RouteTableAssociation1F1EDF02"
      ]
    },
    "VpcPrivateSubnet1Subnet536B997A": {
      "Type": "AWS::EC2::Subnet",
      "Properties": {
        "AvailabilityZone": "test-region-1a",
        "CidrBlock": "172.168.96.0/19",
        "MapPublicIpOnLaunch": false,
        "Tags": [
          {
            "Key": "aws-cdk:subnet-name",
            "Value": "Private"
          },
          {
            "Key": "aws-cdk:subnet-type",
            "Value": "Private"
          },
          {
            "Key": "Name",
            "Value": "deployPrivateApiExistingZone/Vpc/PrivateSubnet1"
          }
        ],
        "VpcId": {
          "Ref": "Vpc8378EB38"
        }
      }
    },
    "VpcPrivateSubnet1RouteTableB2C5B500": {
      "Type": "AWS::EC2::RouteTable",
      "Properties": {
        "Tags": [
          {
            "Key": "Name",
            "Value": "deployPrivateApiExistingZone/Vpc/PrivateSubnet1"
          }
        ],
        "VpcId": {
          "Ref": "Vpc8378EB38"
        }
      }
    },
    "VpcPrivateSubnet1RouteTableAssociation70C59FA6": {
      "Type": "AWS::EC2::SubnetRouteTableAssociation",
      "Properties": {
        "RouteTableId": {
          "Ref": "VpcPrivateSubnet1RouteTableB2C5B500"
        },
        "SubnetId": {
          "Ref": "VpcPrivateSubnet1Subnet536B997A"
        }
      }
    },
    "VpcPrivateSubnet1DefaultRouteBE02A9ED": {
      "Type": "AWS::EC2::Route",
      "Properties": {
        "DestinationCidrBlock": "0.0.0.0/0",
        "NatGatewayId": {
          "Ref": "VpcPublicSubnet1NATGateway4D7517AA"
        },
        "RouteTableId": {
          "Ref": "VpcPrivateSubnet1RouteTableB2C5B500"
        }
      }
    },
    "VpcPrivateSubnet2Subnet3788AAA1": {
      "Type": "AWS::EC2::Subnet",
      "Properties": {
        "AvailabilityZone": "test-region-1b",
        "CidrBlock": "172.168.128.0/19",
        "MapPublicIpOnLaunch": false,
        "Tags": [
          {
            "Key": "aws-cdk:subnet-name",
            "Value": "Private"
          },
          {
            "Key": "aws-cdk:subnet-type",
            "Value": "Private"
          },
          {
            "Key": "Name",
            "Value": "deployPrivateApiExistingZone/Vpc/PrivateSubnet2"
          }
        ],
        "VpcId": {
          "Ref": "Vpc8378EB38"
        }
      }
    },
    "VpcPrivateSubnet2RouteTableA678073B": {
      "Type": "AWS::EC2::RouteTable",
      "Properties": {
        "Tags": [
          {
            "Key": "Name",
            "Value": "deployPrivateApiExistingZone/Vpc/PrivateSubnet2"
          }
        ],
        "VpcId": {
          "Ref": "Vpc8378EB38"
        }
      }
    },
    "VpcPrivateSubnet2RouteTableAssociationA89CAD56": {
      "Type": "AWS::EC2::SubnetRouteTableAssociation",
      "Properties": {
        "RouteTableId": {
          "Ref": "VpcPrivateSubnet2RouteTableA678073B"
        },
        "SubnetId": {
          "Ref": "VpcPrivateSubnet2Subnet3788AAA1"
        }
      }
    },
    "VpcPrivateSubnet2DefaultRoute060D2087": {
      "Type": "AWS::EC2::Route",
      "Properties": {
        "DestinationCidrBlock": "0.0.0.0/0",
        "NatGatewayId": {
          "Ref": "VpcPublicSubnet2NATGateway9182C01D"
        },
        "RouteTableId": {
          "Ref": "VpcPrivateSubnet2RouteTableA678073B"
        }
      }
    },
    "VpcPrivateSubnet3SubnetF258B56E": {
      "Type": "AWS::EC2::Subnet",
      "Properties": {
        "AvailabilityZone": "test-region-1c",
        "CidrBlock": "172.168.160.0/19",
        "MapPublicIpOnLaunch": false,
        "Tags": [
          {
            "Key": "aws-cdk:subnet-name",
            "Value": "Private"
          },
          {
            "Key": "aws-cdk:subnet-type",
            "Value": "Private"
          },
          {
            "Key": "Name",
            "Value": "deployPrivateApiExistingZone/Vpc/PrivateSubnet3"
          }
        ],
        "VpcId": {
          "Ref": "Vpc8378EB38"
        }
      }
    },
    "VpcPrivateSubnet3RouteTableD98824C7": {
      "Type": "AWS::EC2::RouteTable",
      "Properties": {
        "Tags": [
          {
            "Key": "Name",
            "Value": "deployPrivateApiExistingZone/Vpc/PrivateSubnet3"
          }
        ],
        "VpcId": {
          "Ref": "Vpc8378EB38"
        }
      }
    },
    "VpcPrivateSubnet3RouteTableAssociation16BDDC43": {
      "Type": "AWS::EC2::SubnetRouteTableAssociation",
      "Properties": {
        "RouteTableId": {
          "Ref": "VpcPrivateSubnet3RouteTableD98824C7"
        },
        "SubnetId": {
          "Ref": "VpcPrivateSubnet3SubnetF258B56E"
        }
      }
    },
    "VpcPrivateSubnet3DefaultRoute94B74F0D": {
      "Type": "AWS::EC2::Route",
      "Properties": {
        "DestinationCidrBlock": "0.0.0.0/0",
        "NatGatewayId": {
          "Ref": "VpcPublicSubnet3NATGateway7640CD1D"
        },
        "RouteTableId": {
          "Ref": "VpcPrivateSubnet3RouteTableD98824C7"
        }
      }
    },
    "VpcIGWD7BA715C": {
      "Type": "AWS::EC2::InternetGateway",
      "Properties": {
        "Tags": [
          {
            "Key": "Name",
            "Value": "deployPrivateApiExistingZone/Vpc"
          }
        ]
      }
    },
    "VpcVPCGWBF912B6E": {
      "Type": "AWS::EC2::VPCGatewayAttachment",
      "Properties": {
        "InternetGatewayId": {
          "Ref": "VpcIGWD7BA715C"
        },
        "VpcId": {
          "Ref": "Vpc8378EB38"
        }
      }
    },
    "VpcFlowLogIAMRole6A475D41": {
      "Type": "AWS::IAM::Role",
      "Properties": {
        "AssumeRolePolicyDocument": {
          "Statement": [
            {
              "Action": "sts:AssumeRole",
              "Effect": "Allow",
              "Principal": {
                "Service": "vpc-flow-logs.amazonaws.com"
              }
            }
          ],
          "Version": "2012-10-17"
        },
        "Tags": [
          {
            "Key": "Name",
            "Value": "deployPrivateApiExistingZone/Vpc/FlowLog"
          }
        ]
      }
    },
    "VpcFlowLogIAMRoleDefaultPolicy406FB995": {
      "Type": "AWS::IAM::Policy",
      "Properties": {
        "PolicyDocument": {
          "Statement": [
            {
              "Action": [
                "logs:CreateLogStream",
                "logs:PutLogEvents",
                "logs:DescribeLogStreams"
              ],
              "Effect": "Allow",
              "Resource": {
                "Fn::GetAtt": [
                  "VpcFlowLogLogGroup7B5C56B9",
                  "Arn"
                ]
              }
            },
            {
              "Action": "iam:PassRole",
              "Effect": "Allow",
              "Resource": {
                "Fn::GetAtt": [
                  "VpcFlowLogIAMRole6A475D41",
                  "Arn"
                ]
              }
            }
          ],
          "Version": "2012-10-17"
        },
        "PolicyName": "VpcFlowLogIAMRoleDefaultPolicy406FB995",
        "Roles": [
          {
            "Ref": "VpcFlowLogIAMRole6A475D41"
          }
        ]
      }
    },
    "VpcFlowLogLogGroup7B5C56B9": {
      "Type": "AWS::Logs::LogGroup",
      "Properties": {
        "RetentionInDays": 731,
        "Tags": [
          {
            "Key": "Name",
            "Value": "deployPrivateApiExistingZone/Vpc/FlowLog"
          }
        ]
      },
      "UpdateReplacePolicy": "Retain",
      "DeletionPolicy": "Retain",
      "Metadata": {
        "cfn_nag": {
          "rules_to_suppress": [
            {
              "id": "W84",
              "reason": "By default CloudWatchLogs LogGroups data is encrypted using the CloudWatch server-side encryption keys (AWS Managed Keys)"
            }
          ]
        }
      }
    },
    "VpcFlowLog8FF33A73": {
      "Type": "AWS::EC2::FlowLog",
      "Properties": {
        "DeliverLogsPermissionArn": {
          "Fn::GetAtt": [
            "VpcFlowLogIAMRole6A475D41",
            "Arn"
          ]
        },
        "LogDestinationType": "cloud-watch-logs",
        "LogGroupName": {
          "Ref": "VpcFlowLogLogGroup7B5C56B9"
        },
        "ResourceId": {
          "Ref": "Vpc8378EB38"
        },
        "ResourceType": "VPC",
        "Tags": [
          {
            "Key": "Name",
            "Value": "deployPrivateApiExistingZone/Vpc/FlowLog"
          }
        ],
        "TrafficType": "ALL"
      }
    },
    "newzone1D011936": {
      "Type": "AWS::Route53::HostedZone",
      "Properties": {
        "Name": "www.test-example.com.",
        "VPCs": [
          {
            "VPCId": {
              "Ref": "Vpc8378EB38"
            },
            "VPCRegion": "us-east-1"
          }
        ]
      }
    },
    "existingzonestackexistingzonestackalbCFB3D7E4": {
      "Type": "AWS::ElasticLoadBalancingV2::LoadBalancer",
      "Properties": {
        "LoadBalancerAttributes": [
          {
            "Key": "deletion_protection.enabled",
            "Value": "false"
          },
          {
            "Key": "access_logs.s3.enabled",
            "Value": "true"
          },
          {
            "Key": "access_logs.s3.bucket",
            "Value": {
              "Ref": "existingzonestackEFB9F5B3"
            }
          },
          {
            "Key": "access_logs.s3.prefix",
            "Value": ""
          }
        ],
        "Scheme": "internal",
        "SecurityGroups": [
          {
            "Fn::GetAtt": [
              "existingzonestackexistingzonestackalbSecurityGroup6F32DCA5",
              "GroupId"
            ]
          }
        ],
        "Subnets": [
          {
            "Ref": "VpcPrivateSubnet1Subnet536B997A"
          },
          {
            "Ref": "VpcPrivateSubnet2Subnet3788AAA1"
          },
          {
            "Ref": "VpcPrivateSubnet3SubnetF258B56E"
          }
        ],
        "Type": "application"
      },
      "DependsOn": [
        "existingzonestackAutoDeleteObjectsCustomResource5A21F306",
        "existingzonestackPolicyFEC9C88E",
        "existingzonestackEFB9F5B3"
      ]
    },
    "existingzonestackexistingzonestackalbSecurityGroup6F32DCA5": {
      "Type": "AWS::EC2::SecurityGroup",
      "Properties": {
        "GroupDescription": "Automatically created Security Group for ELB deployPrivateApiExistingZoneexistingzonestackexistingzonestackalbFBEA12EB",
        "SecurityGroupEgress": [
          {
            "CidrIp": "255.255.255.255/32",
            "Description": "Disallow all traffic",
            "FromPort": 252,
            "IpProtocol": "icmp",
            "ToPort": 86
          }
        ],
        "VpcId": {
          "Ref": "Vpc8378EB38"
        }
      },
      "DependsOn": [
        "existingzonestackAutoDeleteObjectsCustomResource5A21F306",
        "existingzonestackPolicyFEC9C88E",
        "existingzonestackEFB9F5B3"
      ],
      "Metadata": {
        "cfn_nag": {
          "rules_to_suppress": [
            {
              "id": "W29",
              "reason": "CDK created rule that blocks all traffic."
            }
          ]
        }
      }
    },
    "existingzonestackEFB9F5B3": {
      "Type": "AWS::S3::Bucket",
      "Properties": {
        "BucketEncryption": {
          "ServerSideEncryptionConfiguration": [
            {
              "ServerSideEncryptionByDefault": {
                "SSEAlgorithm": "AES256"
              }
            }
          ]
        },
        "PublicAccessBlockConfiguration": {
          "BlockPublicAcls": true,
          "BlockPublicPolicy": true,
          "IgnorePublicAcls": true,
          "RestrictPublicBuckets": true
        },
        "Tags": [
          {
            "Key": "aws-cdk:auto-delete-objects",
            "Value": "true"
          }
        ],
        "VersioningConfiguration": {
          "Status": "Enabled"
        }
      },
      "UpdateReplacePolicy": "Delete",
      "DeletionPolicy": "Delete",
      "Metadata": {
        "cfn_nag": {
          "rules_to_suppress": [
            {
              "id": "W35",
              "reason": "This is a log bucket for an Application Load Balancer"
            }
          ]
        }
      }
    },
    "existingzonestackPolicyFEC9C88E": {
      "Type": "AWS::S3::BucketPolicy",
      "Properties": {
        "Bucket": {
          "Ref": "existingzonestackEFB9F5B3"
        },
        "PolicyDocument": {
          "Statement": [
            {
              "Action": "s3:*",
              "Condition": {
                "Bool": {
                  "aws:SecureTransport": "false"
                }
              },
              "Effect": "Deny",
              "Principal": {
                "AWS": "*"
              },
              "Resource": [
                {
                  "Fn::GetAtt": [
                    "existingzonestackEFB9F5B3",
                    "Arn"
                  ]
                },
                {
                  "Fn::Join": [
                    "",
                    [
                      {
                        "Fn::GetAtt": [
                          "existingzonestackEFB9F5B3",
                          "Arn"
                        ]
                      },
                      "/*"
                    ]
                  ]
                }
              ]
            },
            {
              "Action": [
                "s3:GetBucket*",
                "s3:List*",
                "s3:DeleteObject*"
              ],
              "Effect": "Allow",
              "Principal": {
                "AWS": {
                  "Fn::GetAtt": [
                    "CustomS3AutoDeleteObjectsCustomResourceProviderRole3B1BD092",
                    "Arn"
                  ]
                }
              },
              "Resource": [
                {
                  "Fn::GetAtt": [
                    "existingzonestackEFB9F5B3",
                    "Arn"
                  ]
                },
                {
                  "Fn::Join": [
                    "",
                    [
                      {
                        "Fn::GetAtt": [
                          "existingzonestackEFB9F5B3",
                          "Arn"
                        ]
                      },
                      "/*"
                    ]
                  ]
                }
              ]
            },
            {
              "Action": "s3:PutObject",
              "Effect": "Allow",
              "Principal": {
                "AWS": {
                  "Fn::Join": [
                    "",
                    [
                      "arn:",
                      {
                        "Ref": "AWS::Partition"
                      },
                      ":iam::127311923021:root"
                    ]
                  ]
                }
              },
              "Resource": {
                "Fn::Join": [
                  "",
                  [
                    {
                      "Fn::GetAtt": [
                        "existingzonestackEFB9F5B3",
                        "Arn"
                      ]
                    },
                    "/AWSLogs/",
                    {
                      "Ref": "AWS::AccountId"
                    },
                    "/*"
                  ]
                ]
              }
            },
            {
              "Action": "s3:PutObject",
              "Condition": {
                "StringEquals": {
                  "s3:x-amz-acl": "bucket-owner-full-control"
                }
              },
              "Effect": "Allow",
              "Principal": {
                "Service": "delivery.logs.amazonaws.com"
              },
              "Resource": {
                "Fn::Join": [
                  "",
                  [
                    {
                      "Fn::GetAtt": [
                        "existingzonestackEFB9F5B3",
                        "Arn"
                      ]
                    },
                    "/AWSLogs/",
                    {
                      "Ref": "AWS::AccountId"
                    },
                    "/*"
                  ]
                ]
              }
            },
            {
              "Action": "s3:GetBucketAcl",
              "Effect": "Allow",
              "Principal": {
                "Service": "delivery.logs.amazonaws.com"
              },
              "Resource": {
                "Fn::GetAtt": [
                  "existingzonestackEFB9F5B3",
                  "Arn"
                ]
              }
            }
          ],
          "Version": "2012-10-17"
        }
      }
    },
    "existingzonestackAutoDeleteObjectsCustomResource5A21F306": {
      "Type": "Custom::S3AutoDeleteObjects",
      "Properties": {
        "ServiceToken": {
          "Fn::GetAtt": [
            "CustomS3AutoDeleteObjectsCustomResourceProviderHandler9D90184F",
            "Arn"
          ]
        },
        "BucketName": {
          "Ref": "existingzonestackEFB9F5B3"
        }
      },
      "DependsOn": [
        "existingzonestackPolicyFEC9C88E"
      ],
      "UpdateReplacePolicy": "Delete",
      "DeletionPolicy": "Delete"
    },
    "existingzonestackexistingzonestackalias77D2E65D": {
      "Type": "AWS::Route53::RecordSet",
      "Properties": {
        "AliasTarget": {
          "DNSName": {
            "Fn::Join": [
              "",
              [
                "dualstack.",
                {
                  "Fn::GetAtt": [
                    "existingzonestackexistingzonestackalbCFB3D7E4",
                    "DNSName"
                  ]
                }
              ]
            ]
          },
          "HostedZoneId": {
            "Fn::GetAtt": [
              "existingzonestackexistingzonestackalbCFB3D7E4",
              "CanonicalHostedZoneID"
            ]
          }
        },
        "HostedZoneId": {
          "Ref": "newzone1D011936"
        },
        "Name": "www.test-example.com.",
        "Type": "A"
      }
    },
    "CustomS3AutoDeleteObjectsCustomResourceProviderRole3B1BD092": {
      "Type": "AWS::IAM::Role",
      "Properties": {
        "AssumeRolePolicyDocument": {
          "Version": "2012-10-17",
          "Statement": [
            {
              "Action": "sts:AssumeRole",
              "Effect": "Allow",
              "Principal": {
                "Service": "lambda.amazonaws.com"
              }
            }
          ]
        },
        "ManagedPolicyArns": [
          {
            "Fn::Sub": "arn:${AWS::Partition}:iam::aws:policy/service-role/AWSLambdaBasicExecutionRole"
          }
        ]
      }
    },
    "CustomS3AutoDeleteObjectsCustomResourceProviderHandler9D90184F": {
      "Type": "AWS::Lambda::Function",
      "Properties": {
        "Code": {
          "S3Bucket": {
            "Fn::Sub": "cdk-hnb659fds-assets-${AWS::AccountId}-us-east-1"
          },
          "S3Key": "5194f926380567b6fdffc61629afdad2afc818614cb227df45e499c69db163a7.zip"
        },
        "Timeout": 900,
        "MemorySize": 128,
        "Handler": "index.handler",
        "Role": {
          "Fn::GetAtt": [
            "CustomS3AutoDeleteObjectsCustomResourceProviderRole3B1BD092",
            "Arn"
          ]
        },
        "Runtime": "nodejs18.x",
        "Description": {
          "Fn::Join": [
            "",
            [
              "Lambda function for auto-deleting objects in ",
              {
                "Ref": "existingzonestackEFB9F5B3"
              },
              " S3 bucket."
            ]
          ]
        }
      },
      "DependsOn": [
        "CustomS3AutoDeleteObjectsCustomResourceProviderRole3B1BD092"
      ],
      "Metadata": {
        "cfn_nag": {
          "rules_to_suppress": [
            {
              "id": "W58",
              "reason": "CDK generated custom resource"
            },
            {
              "id": "W89",
              "reason": "CDK generated custom resource"
            },
            {
              "id": "W92",
              "reason": "CDK generated custom resource"
            }
          ]
        }
      }
    }
  },
  "Parameters": {
    "BootstrapVersion": {
      "Type": "AWS::SSM::Parameter::Value<String>",
      "Default": "/cdk-bootstrap/hnb659fds/version",
      "Description": "Version of the CDK Bootstrap resources in this environment, automatically retrieved from SSM Parameter Store. [cdk:skip]"
    }
  },
  "Rules": {
    "CheckBootstrapVersion": {
      "Assertions": [
        {
          "Assert": {
            "Fn::Not": [
              {
                "Fn::Contains": [
                  [
                    "1",
                    "2",
                    "3",
                    "4",
                    "5"
                  ],
                  {
                    "Ref": "BootstrapVersion"
                  }
                ]
              }
            ]
          },
          "AssertDescription": "CDK bootstrap stack version 6 required. Please run 'cdk bootstrap' with a recent version of the CDK CLI."
        }
      ]
    }
  }
}